15:02:37 **** Incremental Build of configuration Debug for project ntt ****
make pre-build main-build 
a9-linaro-pre-build-step
' '
make: Nothing to be done for 'main-build'.
15:02:48 **** Incremental Build of configuration Debug for project ntt ****
make pre-build main-build 
a9-linaro-pre-build-step
' '
make: Nothing to be done for 'main-build'.
15:03:48 **** Incremental Build of configuration Debug for project ntt ****
make pre-build main-build 
a9-linaro-pre-build-step
' '
make: Nothing to be done for 'main-build'.
15:06:06 **** Incremental Build of configuration Debug for project ntt ****
make pre-build main-build 
a9-linaro-pre-build-step
' '
make: Nothing to be done for 'main-build'.
