srcscan starts
INFO: analyzing module montgomery_pipeline (VERI-9002)
INFO: analyzing module seg_multiplier_64bit (VERI-9002)
INFO: analyzing module segmented_256bit_butterfly (VERI-9002)
INFO: analyzing module butterfly_subcore_256bit (VERI-9002)
INFO: analyzing module seg_multiplier_64bit (VERI-9002)
INFO: analyzing module modular_operation_64bit (VERI-9002)
F:/experiment/NTT/1/ntt/ntt_3_tfdg_full_twiddle_4_2/sour/PE/sub_pe/butterfly_subcore_256bit .v(66): ERROR: 'nested module' not allowed in this dialect. Use SystemVerilog mode (VERI-1385)
F:/experiment/NTT/1/ntt/ntt_3_tfdg_full_twiddle_4_2/sour/PE/sub_pe/butterfly_subcore_256bit .v(138): ERROR: 'nested module' not allowed in this dialect. Use SystemVerilog mode (VERI-1385)
INFO: analyzing module ntt_butterfly_unit (VERI-9002)
INFO: analyzing module test_butterfly_subcore (VERI-9002)
INFO: analyzing module montgomery_pipeline (VERI-9002)
F:/experiment/NTT/1/ntt/ntt_3_tfdg_full_twiddle_4_2/sour/montgomery_pipeline.v(10): WARNING: overwriting previous definition of module 'montgomery_pipeline' (VERI-1206)
INFO: analyzing module montgomery_multiplier_256bit (VERI-9002)
INFO: analyzing module modular_multiplier_256bit (VERI-9002)
INFO: analyzing module modular_exponentiation (VERI-9002)
INFO: analyzing module modular_exponentiation_montgomery (VERI-9002)
INFO: analyzing module modular_multiplier (VERI-9002)
INFO: analyzing module modular_multiplier_256bit (VERI-9002)
F:/experiment/NTT/1/ntt/ntt_3_tfdg_full_twiddle_4_2/sour/twiddle_dyn_gen_NTT/modular_multiplier_256bit_montgomery.v(5): WARNING: overwriting previous definition of module 'modular_multiplier_256bit' (VERI-1206)
INFO: analyzing module montgomery_converter (VERI-9002)
INFO: analyzing module montgomery_converter_256bit_correct (VERI-9002)
INFO: analyzing module montgomery_multiplier_256bit (VERI-9002)
F:/experiment/NTT/1/ntt/ntt_3_tfdg_full_twiddle_4_2/sour/twiddle_dyn_gen_NTT/montgomery_multiplier_256bit.v(4): WARNING: overwriting previous definition of module 'montgomery_multiplier_256bit' (VERI-1206)
INFO: analyzing module montgomery_top (VERI-9002)
F:/experiment/NTT/1/ntt/ntt_3_tfdg_full_twiddle_4_2/sour/montgomery_top.v(55): WARNING: literal value truncated to fit in 256 bits (VERI-1208)
INFO: analyzing module simple_dual_port_ram (VERI-9002)
INFO: analyzing module ntt_parallel_recurrence_unit (VERI-9002)
F:/experiment/NTT/1/ntt/ntt_3_tfdg_full_twiddle_4_2/sour/twiddle_dyn_gen_NTT/twiddle/ntt_parallel_recurrence_unit.v(81): WARNING: loop variable declaration is not allowed in this mode of verilog (VERI-1739)
F:/experiment/NTT/1/ntt/ntt_3_tfdg_full_twiddle_4_2/sour/twiddle_dyn_gen_NTT/twiddle/ntt_parallel_recurrence_unit.v(239): WARNING: loop variable declaration is not allowed in this mode of verilog (VERI-1739)
INFO: analyzing module ntt_twiddle_dynamic_gen (VERI-9002)
INFO: analyzing module ntt_twiddle_storage (VERI-9002)
INFO: analyzing module parallel_recurrence_unit (VERI-9002)
F:/experiment/NTT/1/ntt/ntt_3_tfdg_full_twiddle_4_2/sour/twiddle_dyn_gen/parallel_recurrence_unit.v(14): WARNING: port 'twiddle_real' must not be declared to be an array (VERI-1627)
F:/experiment/NTT/1/ntt/ntt_3_tfdg_full_twiddle_4_2/sour/twiddle_dyn_gen/parallel_recurrence_unit.v(15): WARNING: port 'twiddle_imag' must not be declared to be an array (VERI-1627)
INFO: analyzing module parallel_recurrence_unit_packed_fixed (VERI-9002)
F:/experiment/NTT/1/ntt/ntt_3_tfdg_full_twiddle_4_2/sour/twiddle_dyn_gen/parallel_recurrence_unit_packed.v(51): WARNING: loop variable declaration is not allowed in this mode of verilog (VERI-1739)
F:/experiment/NTT/1/ntt/ntt_3_tfdg_full_twiddle_4_2/sour/twiddle_dyn_gen/parallel_recurrence_unit_packed.v(50): WARNING: loop variable declaration is not allowed in this mode of verilog (VERI-1739)
F:/experiment/NTT/1/ntt/ntt_3_tfdg_full_twiddle_4_2/sour/twiddle_dyn_gen/parallel_recurrence_unit_packed.v(156): WARNING: loop variable declaration is not allowed in this mode of verilog (VERI-1739)
INFO: analyzing module simple_multiplier_256x256_pipelined (VERI-9002)
INFO: analyzing module simplified_mod_mult (VERI-9002)
INFO: analyzing module tb_twiddle_k_gen (VERI-9002)
INFO: analyzing module twiddle_dynamic_gen (VERI-9002)
INFO: analyzing module twiddle_k_gen (VERI-9002)
INFO: analyzing module tb_segmented_256bit_butterfly (VERI-9002)
INFO: analyzing module tb_ntt_simple (VERI-9002)
INFO: analyzing module mod_exp_tb (VERI-9002)
INFO: analyzing module modular_exponentiation_montgomery_tb (VERI-9002)
INFO: analyzing module modular_multiplier_montgomery_tb (VERI-9002)
INFO: analyzing module modular_multiplier_tb (VERI-9002)
INFO: analyzing module montgomery_multiplier_simple_test_tb (VERI-9002)
INFO: analyzing module montgomery_multiplier_testbench (VERI-9002)
INFO: analyzing module ntt_twiddle_gen_tb_simple (VERI-9002)
INFO: analyzing module tb_ntt_parallel_recurrence_unit (VERI-9002)
INFO: analyzing module test_minmal (VERI-9002)
srcscan exits with return value 0
