Vivado Simulator 2019.1
Copyright 1986-1999, 2001-2019 Xilinx, Inc. All Rights Reserved.
Running: F:/XILINX/Vivado/2019.1/bin/unwrapped/win64.o/xelab.exe -wto c9b512e335a643508ddee4835cd0533d --incr --debug typical --relax --mt 2 -L xil_defaultlib -L xilinx_vip -L unisims_ver -L unimacro_ver -L secureip -L xpm --snapshot tb_segmented_256bit_butterfly_1_behav xil_defaultlib.tb_segmented_256bit_butterfly_1 xil_defaultlib.glbl -log elaborate.log 
Using 2 slave threads.
Starting static elaboration
Completed static elaboration
Starting simulation data flow analysis
WARNING: [XSIM 43-4099] "F:/experiment/python/trae/ntt_axi/NTT-accelerator-for-ZKP-0.4/ntt_3_tfdg_full_twiddle_4_2_sum_axi_5/sour/PE/sub_pe/segmented_256bit_full_butterfly.v" Line 13. Module segmented_256bit_full_butterfly(SEG_COUNT=4) doesn't have a timescale but at least one module in design has a timescale.
WARNING: [XSIM 43-4099] "F:/experiment/python/trae/ntt_axi/NTT-accelerator-for-ZKP-0.4/ntt_3_tfdg_full_twiddle_4_2_sum_axi_5/sour/PE/sub_pe/seg_multiplier_64bit.v" Line 2. Module seg_multiplier_64bit doesn't have a timescale but at least one module in design has a timescale.
WARNING: [XSIM 43-4099] "F:/experiment/python/trae/ntt_axi/NTT-accelerator-for-ZKP-0.4/ntt_3_tfdg_full_twiddle_4_2_sum_axi_5/sour/PE/sub_pe/seg_multiplier_64bit.v" Line 2. Module seg_multiplier_64bit doesn't have a timescale but at least one module in design has a timescale.
WARNING: [XSIM 43-4099] "F:/experiment/python/trae/ntt_axi/NTT-accelerator-for-ZKP-0.4/ntt_3_tfdg_full_twiddle_4_2_sum_axi_5/sour/PE/sub_pe/seg_multiplier_64bit.v" Line 2. Module seg_multiplier_64bit doesn't have a timescale but at least one module in design has a timescale.
WARNING: [XSIM 43-4099] "F:/experiment/python/trae/ntt_axi/NTT-accelerator-for-ZKP-0.4/ntt_3_tfdg_full_twiddle_4_2_sum_axi_5/sour/PE/sub_pe/seg_multiplier_64bit.v" Line 2. Module seg_multiplier_64bit doesn't have a timescale but at least one module in design has a timescale.
WARNING: [XSIM 43-4099] "F:/experiment/python/trae/ntt_axi/NTT-accelerator-for-ZKP-0.4/ntt_3_tfdg_full_twiddle_4_2_sum_axi_5/sour/PE/sub_pe/seg_multiplier_64bit.v" Line 2. Module seg_multiplier_64bit doesn't have a timescale but at least one module in design has a timescale.
WARNING: [XSIM 43-4099] "F:/experiment/python/trae/ntt_axi/NTT-accelerator-for-ZKP-0.4/ntt_3_tfdg_full_twiddle_4_2_sum_axi_5/sour/PE/sub_pe/seg_multiplier_64bit.v" Line 2. Module seg_multiplier_64bit doesn't have a timescale but at least one module in design has a timescale.
WARNING: [XSIM 43-4099] "F:/experiment/python/trae/ntt_axi/NTT-accelerator-for-ZKP-0.4/ntt_3_tfdg_full_twiddle_4_2_sum_axi_5/sour/PE/sub_pe/seg_multiplier_64bit.v" Line 2. Module seg_multiplier_64bit doesn't have a timescale but at least one module in design has a timescale.
WARNING: [XSIM 43-4099] "F:/experiment/python/trae/ntt_axi/NTT-accelerator-for-ZKP-0.4/ntt_3_tfdg_full_twiddle_4_2_sum_axi_5/sour/PE/sub_pe/seg_multiplier_64bit.v" Line 2. Module seg_multiplier_64bit doesn't have a timescale but at least one module in design has a timescale.
WARNING: [XSIM 43-4099] "F:/experiment/python/trae/ntt_axi/NTT-accelerator-for-ZKP-0.4/ntt_3_tfdg_full_twiddle_4_2_sum_axi_5/sour/PE/sub_pe/seg_multiplier_64bit.v" Line 2. Module seg_multiplier_64bit doesn't have a timescale but at least one module in design has a timescale.
WARNING: [XSIM 43-4099] "F:/experiment/python/trae/ntt_axi/NTT-accelerator-for-ZKP-0.4/ntt_3_tfdg_full_twiddle_4_2_sum_axi_5/sour/PE/sub_pe/seg_multiplier_64bit.v" Line 2. Module seg_multiplier_64bit doesn't have a timescale but at least one module in design has a timescale.
WARNING: [XSIM 43-4099] "F:/experiment/python/trae/ntt_axi/NTT-accelerator-for-ZKP-0.4/ntt_3_tfdg_full_twiddle_4_2_sum_axi_5/sour/PE/sub_pe/seg_multiplier_64bit.v" Line 2. Module seg_multiplier_64bit doesn't have a timescale but at least one module in design has a timescale.
WARNING: [XSIM 43-4099] "F:/experiment/python/trae/ntt_axi/NTT-accelerator-for-ZKP-0.4/ntt_3_tfdg_full_twiddle_4_2_sum_axi_5/sour/PE/sub_pe/seg_multiplier_64bit.v" Line 2. Module seg_multiplier_64bit doesn't have a timescale but at least one module in design has a timescale.
WARNING: [XSIM 43-4099] "F:/experiment/python/trae/ntt_axi/NTT-accelerator-for-ZKP-0.4/ntt_3_tfdg_full_twiddle_4_2_sum_axi_5/sour/PE/sub_pe/seg_multiplier_64bit.v" Line 2. Module seg_multiplier_64bit doesn't have a timescale but at least one module in design has a timescale.
WARNING: [XSIM 43-4099] "F:/experiment/python/trae/ntt_axi/NTT-accelerator-for-ZKP-0.4/ntt_3_tfdg_full_twiddle_4_2_sum_axi_5/sour/PE/sub_pe/seg_multiplier_64bit.v" Line 2. Module seg_multiplier_64bit doesn't have a timescale but at least one module in design has a timescale.
WARNING: [XSIM 43-4099] "F:/experiment/python/trae/ntt_axi/NTT-accelerator-for-ZKP-0.4/ntt_3_tfdg_full_twiddle_4_2_sum_axi_5/sour/PE/sub_pe/seg_multiplier_64bit.v" Line 2. Module seg_multiplier_64bit doesn't have a timescale but at least one module in design has a timescale.
WARNING: [XSIM 43-4099] "F:/experiment/python/trae/ntt_axi/NTT-accelerator-for-ZKP-0.4/ntt_3_tfdg_full_twiddle_4_2_sum_axi_5/sour/PE/sub_pe/seg_multiplier_64bit.v" Line 2. Module seg_multiplier_64bit doesn't have a timescale but at least one module in design has a timescale.
WARNING: [XSIM 43-4099] "F:/experiment/python/trae/ntt_axi/NTT-accelerator-for-ZKP-0.4/ntt_3_tfdg_full_twiddle_4_2_sum_axi_5/sour/montgomery_pipeline.v" Line 10. Module montgomery_pipeline(SEG_CNT=4) doesn't have a timescale but at least one module in design has a timescale.
Completed simulation data flow analysis
Time Resolution for simulation is 1ps
Compiling module xil_defaultlib.seg_multiplier_64bit
Compiling module xil_defaultlib.montgomery_pipeline(SEG_CNT=4)
Compiling module xil_defaultlib.segmented_256bit_full_butterfly(...
Compiling module xil_defaultlib.tb_segmented_256bit_butterfly_1
Compiling module xil_defaultlib.glbl
Built simulation snapshot tb_segmented_256bit_butterfly_1_behav
