Vivado Simulator 2019.1
Time resolution is 1 ps
[CAP] C10: vo=1 mont=0x4e9d49a4b94c32028fce7d8baa58b0b51fc666ce74426c75ce1f21c8cdd75c5
[CAP] C11: vo=1 mont=0x144f5eefad21e1caeb72fed7908ecc05828f943f7ce3b411956604fb4d5ee20d
[CAP] C12: vo=1 mont=0x2932762311e1f619998cc1461349922842ef987a46efc14b5bf044e46678ea33
[CAP] C13: vo=1 mont=0x1b872d1a794b66632eab713c3d5b739a525d9960bf9d095b9aad64de16297001
[CAP] C14: vo=1 mont=0x2259d6b14729c0fa51e1a247090812318d087f6872aabf4f68c3488912edefaa
[CAP] C15: vo=1 mont=0x7cae7e16f3bff0918a549684a296b08ae1bcd93b09437ef7bbdfdf7d8dfa44d
[CAP] C16: vo=1 mont=0x4e9d49a4b94c32028fce7d8baa58b0b51fc666ce74426c75ce1f21c8cdd75c5
[CAP] C17: vo=1 mont=0x4e9d49a4b94c32028fce7d8baa58b0b51fc666ce74426c75ce1f21c8cdd75c5

=== Captured 8 outputs ===
  out[0] = 0x4e9d49a4b94c32028fce7d8baa58b0b51fc666ce74426c75ce1f21c8cdd75c5
  out[1] = 0x144f5eefad21e1caeb72fed7908ecc05828f943f7ce3b411956604fb4d5ee20d
  out[2] = 0x2932762311e1f619998cc1461349922842ef987a46efc14b5bf044e46678ea33
  out[3] = 0x1b872d1a794b66632eab713c3d5b739a525d9960bf9d095b9aad64de16297001
  out[4] = 0x2259d6b14729c0fa51e1a247090812318d087f6872aabf4f68c3488912edefaa
  out[5] = 0x7cae7e16f3bff0918a549684a296b08ae1bcd93b09437ef7bbdfdf7d8dfa44d
  out[6] = 0x4e9d49a4b94c32028fce7d8baa58b0b51fc666ce74426c75ce1f21c8cdd75c5
  out[7] = 0x4e9d49a4b94c32028fce7d8baa58b0b51fc666ce74426c75ce1f21c8cdd75c5

=== Matching outputs to expected ===
  out[0] = test_exp[1] (input 1)  PASS
  out[1] = test_exp[2] (input 2)  PASS
  out[2] = test_exp[3] (input 3)  PASS
  out[3] = test_exp[4] (input 4)  PASS
  out[4] = test_exp[5] (input 5)  PASS
  out[5] = test_exp[0] (input 0)  PASS
  out[6] = test_exp[1] (input 1)  PASS
  out[7] = test_exp[1] (input 1)  PASS

=== Streaming Pipeline Result ===
  Output count: 8 (expected 8) - MATCH

$finish called at time : 315 ns : File "F:/experiment/python/trae/ntt_axi/NTT-accelerator-for-ZKP-0.4/ntt_3_tfdg_full_twiddle_4_2_sum_axi_5/sour/tb_montgomery_streaming.v" Line 148
