Copyright 1986-2019 Xilinx, Inc. All Rights Reserved.
--------------------------------------------------------------------------------------------------------------------------------------------------------------------------------------
| Tool Version : Vivado v.2019.1 (win64) Build 2552052 Fri May 24 14:49:42 MDT 2019
| Date         : Sat May  2 16:28:28 2026
| Host         : LAPTOP-96OTIR0P running 64-bit major release  (build 9200)
| Command      : report_methodology -file design_1_wrapper_methodology_drc_routed.rpt -pb design_1_wrapper_methodology_drc_routed.pb -rpx design_1_wrapper_methodology_drc_routed.rpx
| Design       : design_1_wrapper
| Device       : xc7z020iclg484-1L
| Speed File   : -1L
| Design State : Fully Routed
--------------------------------------------------------------------------------------------------------------------------------------------------------------------------------------

Report Methodology

Table of Contents
-----------------
1. REPORT SUMMARY
2. REPORT DETAILS

1. REPORT SUMMARY
-----------------
            Netlist: netlist
          Floorplan: design_1
      Design limits: <entire design considered>
             Max violations: <unlimited>
             Violations found: 1
+---------+----------+------------------------------+------------+
| Rule    | Severity | Description                  | Violations |
+---------+----------+------------------------------+------------+
| LUTAR-1 | Warning  | LUT drives async reset alert | 1          |
+---------+----------+------------------------------+------------+

2. REPORT DETAILS
-----------------
LUTAR-1#1 Warning
LUT drives async reset alert  
LUT cell design_1_i/ntt_axi_accelerator_0/inst/ntt_axi_accelerator_v1_0_S00_AXI_inst/axi_awready_i_2, with 2 or more inputs, drives asynchronous preset/clear pin(s) design_1_i/ntt_axi_accelerator_0/inst/status_reg_reg[1]/CLR, design_1_i/ntt_axi_accelerator_0/inst/u_ntt_core/all_cores_done_reg/CLR, design_1_i/ntt_axi_accelerator_0/inst/u_ntt_core/core_array_c/CLR, design_1_i/ntt_axi_accelerator_0/inst/u_ntt_core/core_array_c_0/CLR, design_1_i/ntt_axi_accelerator_0/inst/u_ntt_core/core_array_c_1/CLR, design_1_i/ntt_axi_accelerator_0/inst/u_ntt_core/core_array_c_2/CLR, design_1_i/ntt_axi_accelerator_0/inst/u_ntt_core/parallelism_config_reg[0]/CLR, design_1_i/ntt_axi_accelerator_0/inst/u_ntt_core/parallelism_config_reg[1]/CLR, design_1_i/ntt_axi_accelerator_0/inst/u_ntt_core/parallelism_config_reg[2]/CLR, design_1_i/ntt_axi_accelerator_0/inst/u_ntt_core/radix_config_reg[0]/CLR, design_1_i/ntt_axi_accelerator_0/inst/u_ntt_core/radix_config_reg[1]/CLR, design_1_i/ntt_axi_accelerator_0/inst/u_ntt_core/core_array[0].u_core/accum_i_reg[0]/CLR, design_1_i/ntt_axi_accelerator_0/inst/u_ntt_core/core_array[0].u_core/accum_j_reg[0]/CLR, design_1_i/ntt_axi_accelerator_0/inst/u_ntt_core/core_array[0].u_core/accum_phase_reg[0]/CLR, design_1_i/ntt_axi_accelerator_0/inst/u_ntt_core/core_array[0].u_core/accum_phase_reg[1]/CLR (the first 15 of 103 listed). The LUT may glitch and trigger an unexpected reset, even if it is a properly timed path.
Related violations: <none>


