14:39:39 INFO  : Registering command handlers for SDK TCF services
14:39:40 INFO  : Launching XSCT server: xsct.bat -interactive F:\experiment\NTT\1\sum\ntt_3_tfdg_full_twiddle_4_2_sum_axi_3\ntt_1\vitis_3\temp_xsdb_launch_script.tcl
14:39:42 INFO  : XSCT server has started successfully.
14:39:42 INFO  : Successfully done setting XSCT server connection channel  
14:39:42 INFO  : Successfully done setting SDK workspace  
14:39:42 INFO  : Processing command line option -hwspec F:/experiment/NTT/1/sum/ntt_3_tfdg_full_twiddle_4_2_sum_axi_3/ntt_1/vitis_3/design_1_wrapper.hdf.
14:41:37 INFO  : 'targets -set -filter {jtag_cable_name =~ "Digilent JTAG-HS1 210512180081" && level==0} -index 1' command is executed.
14:41:38 INFO  : 'fpga -state' command is executed.
14:41:38 INFO  : Connected to target on host '127.0.0.1' and port '3121'.
14:41:38 INFO  : Jtag cable 'Digilent JTAG-HS1 210512180081' is selected.
14:41:38 INFO  : 'jtag frequency' command is executed.
14:41:38 INFO  : Sourcing of 'F:/experiment/NTT/1/sum/ntt_3_tfdg_full_twiddle_4_2_sum_axi_3/ntt_1/vitis_3/design_1_wrapper_hw_platform_0/ps7_init.tcl' is done.
14:41:38 INFO  : Context for 'APU' is selected.
14:41:38 INFO  : Hardware design information is loaded from 'F:/experiment/NTT/1/sum/ntt_3_tfdg_full_twiddle_4_2_sum_axi_3/ntt_1/vitis_3/design_1_wrapper_hw_platform_0/system.hdf'.
14:41:38 INFO  : 'configparams force-mem-access 1' command is executed.
14:41:38 INFO  : Context for 'APU' is selected.
14:41:38 INFO  : 'stop' command is executed.
14:41:38 INFO  : 'ps7_init' command is executed.
14:41:38 INFO  : 'ps7_post_config' command is executed.
14:41:38 INFO  : Context for processor 'ps7_cortexa9_0' is selected.
14:41:38 INFO  : Processor reset is completed for 'ps7_cortexa9_0'.
14:41:38 INFO  : Context for processor 'ps7_cortexa9_0' is selected.
14:41:38 INFO  : The application 'F:/experiment/NTT/1/sum/ntt_3_tfdg_full_twiddle_4_2_sum_axi_3/ntt_1/vitis_3/ntt/Debug/ntt.elf' is downloaded to processor 'ps7_cortexa9_0'.
14:41:38 INFO  : 'configparams force-mem-access 0' command is executed.
14:41:38 INFO  : ----------------XSDB Script----------------
connect -url tcp:127.0.0.1:3121
source F:/experiment/NTT/1/sum/ntt_3_tfdg_full_twiddle_4_2_sum_axi_3/ntt_1/vitis_3/design_1_wrapper_hw_platform_0/ps7_init.tcl
targets -set -nocase -filter {name =~"APU*" && jtag_cable_name =~ "Digilent JTAG-HS1 210512180081"} -index 0
loadhw -hw F:/experiment/NTT/1/sum/ntt_3_tfdg_full_twiddle_4_2_sum_axi_3/ntt_1/vitis_3/design_1_wrapper_hw_platform_0/system.hdf -mem-ranges [list {0x40000000 0xbfffffff}]
configparams force-mem-access 1
targets -set -nocase -filter {name =~"APU*" && jtag_cable_name =~ "Digilent JTAG-HS1 210512180081"} -index 0
stop
ps7_init
ps7_post_config
targets -set -nocase -filter {name =~ "ARM*#0" && jtag_cable_name =~ "Digilent JTAG-HS1 210512180081"} -index 0
rst -processor
targets -set -nocase -filter {name =~ "ARM*#0" && jtag_cable_name =~ "Digilent JTAG-HS1 210512180081"} -index 0
dow F:/experiment/NTT/1/sum/ntt_3_tfdg_full_twiddle_4_2_sum_axi_3/ntt_1/vitis_3/ntt/Debug/ntt.elf
configparams force-mem-access 0
----------------End of Script----------------

14:41:39 INFO  : Memory regions updated for context APU
14:41:39 INFO  : Context for processor 'ps7_cortexa9_0' is selected.
14:41:39 INFO  : 'con' command is executed.
14:41:39 INFO  : ----------------XSDB Script (After Launch)----------------
targets -set -nocase -filter {name =~ "ARM*#0" && jtag_cable_name =~ "Digilent JTAG-HS1 210512180081"} -index 0
con
----------------End of Script----------------

14:41:39 INFO  : Launch script is exported to file 'F:\experiment\NTT\1\sum\ntt_3_tfdg_full_twiddle_4_2_sum_axi_3\ntt_1\vitis_3\.sdk\launch_scripts\xilinx_c-c++_application_(system_debugger)\system_debugger_using_debug_ntt.elf_on_local.tcl'
14:43:26 INFO  : Disconnected from the channel tcfchan#1.
14:43:27 INFO  : Connected to target on host '127.0.0.1' and port '3121'.
14:43:27 INFO  : Jtag cable 'Digilent JTAG-HS1 210512180081' is selected.
14:43:27 INFO  : 'jtag frequency' command is executed.
14:43:27 INFO  : Sourcing of 'F:/experiment/NTT/1/sum/ntt_3_tfdg_full_twiddle_4_2_sum_axi_3/ntt_1/vitis_3/design_1_wrapper_hw_platform_0/ps7_init.tcl' is done.
14:43:27 INFO  : Context for 'APU' is selected.
14:43:27 INFO  : System reset is completed.
14:43:30 INFO  : 'after 3000' command is executed.
14:43:31 INFO  : 'targets -set -filter {jtag_cable_name =~ "Digilent JTAG-HS1 210512180081" && level==0} -index 1' command is executed.
14:43:34 INFO  : FPGA configured successfully with bitstream "F:/experiment/NTT/1/sum/ntt_3_tfdg_full_twiddle_4_2_sum_axi_3/ntt_1/vitis_3/design_1_wrapper_hw_platform_0/design_1_wrapper.bit"
14:43:34 INFO  : Context for 'APU' is selected.
14:43:36 INFO  : Hardware design information is loaded from 'F:/experiment/NTT/1/sum/ntt_3_tfdg_full_twiddle_4_2_sum_axi_3/ntt_1/vitis_3/design_1_wrapper_hw_platform_0/system.hdf'.
14:43:36 INFO  : 'configparams force-mem-access 1' command is executed.
14:43:36 INFO  : Context for 'APU' is selected.
14:43:36 INFO  : 'ps7_init' command is executed.
14:43:36 INFO  : 'ps7_post_config' command is executed.
14:43:36 INFO  : Context for processor 'ps7_cortexa9_0' is selected.
14:43:36 INFO  : The application 'F:/experiment/NTT/1/sum/ntt_3_tfdg_full_twiddle_4_2_sum_axi_3/ntt_1/vitis_3/ntt/Debug/ntt.elf' is downloaded to processor 'ps7_cortexa9_0'.
14:43:36 INFO  : 'configparams force-mem-access 0' command is executed.
14:43:36 INFO  : ----------------XSDB Script----------------
connect -url tcp:127.0.0.1:3121
source F:/experiment/NTT/1/sum/ntt_3_tfdg_full_twiddle_4_2_sum_axi_3/ntt_1/vitis_3/design_1_wrapper_hw_platform_0/ps7_init.tcl
targets -set -nocase -filter {name =~"APU*" && jtag_cable_name =~ "Digilent JTAG-HS1 210512180081"} -index 0
rst -system
after 3000
targets -set -filter {jtag_cable_name =~ "Digilent JTAG-HS1 210512180081" && level==0} -index 1
fpga -file F:/experiment/NTT/1/sum/ntt_3_tfdg_full_twiddle_4_2_sum_axi_3/ntt_1/vitis_3/design_1_wrapper_hw_platform_0/design_1_wrapper.bit
targets -set -nocase -filter {name =~"APU*" && jtag_cable_name =~ "Digilent JTAG-HS1 210512180081"} -index 0
loadhw -hw F:/experiment/NTT/1/sum/ntt_3_tfdg_full_twiddle_4_2_sum_axi_3/ntt_1/vitis_3/design_1_wrapper_hw_platform_0/system.hdf -mem-ranges [list {0x40000000 0xbfffffff}]
configparams force-mem-access 1
targets -set -nocase -filter {name =~"APU*" && jtag_cable_name =~ "Digilent JTAG-HS1 210512180081"} -index 0
ps7_init
ps7_post_config
targets -set -nocase -filter {name =~ "ARM*#0" && jtag_cable_name =~ "Digilent JTAG-HS1 210512180081"} -index 0
dow F:/experiment/NTT/1/sum/ntt_3_tfdg_full_twiddle_4_2_sum_axi_3/ntt_1/vitis_3/ntt/Debug/ntt.elf
configparams force-mem-access 0
----------------End of Script----------------

14:43:36 INFO  : Memory regions updated for context APU
14:43:36 INFO  : Context for processor 'ps7_cortexa9_0' is selected.
14:43:36 INFO  : 'con' command is executed.
14:43:36 INFO  : ----------------XSDB Script (After Launch)----------------
targets -set -nocase -filter {name =~ "ARM*#0" && jtag_cable_name =~ "Digilent JTAG-HS1 210512180081"} -index 0
con
----------------End of Script----------------

14:43:36 INFO  : Launch script is exported to file 'F:\experiment\NTT\1\sum\ntt_3_tfdg_full_twiddle_4_2_sum_axi_3\ntt_1\vitis_3\.sdk\launch_scripts\xilinx_c-c++_application_(system_debugger)\system_debugger_using_debug_ntt.elf_on_local.tcl'
14:47:53 INFO  : Disconnected from the channel tcfchan#2.
14:47:54 INFO  : Connected to target on host '127.0.0.1' and port '3121'.
14:47:54 INFO  : Jtag cable 'Digilent JTAG-HS1 210512180081' is selected.
14:47:54 INFO  : 'jtag frequency' command is executed.
14:47:54 INFO  : Sourcing of 'F:/experiment/NTT/1/sum/ntt_3_tfdg_full_twiddle_4_2_sum_axi_3/ntt_1/vitis_3/design_1_wrapper_hw_platform_0/ps7_init.tcl' is done.
14:47:54 INFO  : Context for 'APU' is selected.
14:47:54 INFO  : System reset is completed.
14:47:57 INFO  : 'after 3000' command is executed.
14:47:57 INFO  : 'targets -set -filter {jtag_cable_name =~ "Digilent JTAG-HS1 210512180081" && level==0} -index 1' command is executed.
14:48:00 INFO  : FPGA configured successfully with bitstream "F:/experiment/NTT/1/sum/ntt_3_tfdg_full_twiddle_4_2_sum_axi_3/ntt_1/vitis_3/design_1_wrapper_hw_platform_0/design_1_wrapper.bit"
14:48:01 INFO  : Context for 'APU' is selected.
14:48:02 INFO  : Hardware design information is loaded from 'F:/experiment/NTT/1/sum/ntt_3_tfdg_full_twiddle_4_2_sum_axi_3/ntt_1/vitis_3/design_1_wrapper_hw_platform_0/system.hdf'.
14:48:02 INFO  : 'configparams force-mem-access 1' command is executed.
14:48:02 INFO  : Context for 'APU' is selected.
14:48:02 INFO  : 'ps7_init' command is executed.
14:48:02 INFO  : 'ps7_post_config' command is executed.
14:48:02 INFO  : Context for processor 'ps7_cortexa9_0' is selected.
14:48:03 INFO  : The application 'F:/experiment/NTT/1/sum/ntt_3_tfdg_full_twiddle_4_2_sum_axi_3/ntt_1/vitis_3/ntt/Debug/ntt.elf' is downloaded to processor 'ps7_cortexa9_0'.
14:48:03 INFO  : 'configparams force-mem-access 0' command is executed.
14:48:03 INFO  : ----------------XSDB Script----------------
connect -url tcp:127.0.0.1:3121
source F:/experiment/NTT/1/sum/ntt_3_tfdg_full_twiddle_4_2_sum_axi_3/ntt_1/vitis_3/design_1_wrapper_hw_platform_0/ps7_init.tcl
targets -set -nocase -filter {name =~"APU*" && jtag_cable_name =~ "Digilent JTAG-HS1 210512180081"} -index 0
rst -system
after 3000
targets -set -filter {jtag_cable_name =~ "Digilent JTAG-HS1 210512180081" && level==0} -index 1
fpga -file F:/experiment/NTT/1/sum/ntt_3_tfdg_full_twiddle_4_2_sum_axi_3/ntt_1/vitis_3/design_1_wrapper_hw_platform_0/design_1_wrapper.bit
targets -set -nocase -filter {name =~"APU*" && jtag_cable_name =~ "Digilent JTAG-HS1 210512180081"} -index 0
loadhw -hw F:/experiment/NTT/1/sum/ntt_3_tfdg_full_twiddle_4_2_sum_axi_3/ntt_1/vitis_3/design_1_wrapper_hw_platform_0/system.hdf -mem-ranges [list {0x40000000 0xbfffffff}]
configparams force-mem-access 1
targets -set -nocase -filter {name =~"APU*" && jtag_cable_name =~ "Digilent JTAG-HS1 210512180081"} -index 0
ps7_init
ps7_post_config
targets -set -nocase -filter {name =~ "ARM*#0" && jtag_cable_name =~ "Digilent JTAG-HS1 210512180081"} -index 0
dow F:/experiment/NTT/1/sum/ntt_3_tfdg_full_twiddle_4_2_sum_axi_3/ntt_1/vitis_3/ntt/Debug/ntt.elf
configparams force-mem-access 0
----------------End of Script----------------

14:48:03 INFO  : Memory regions updated for context APU
14:48:03 INFO  : Context for processor 'ps7_cortexa9_0' is selected.
14:48:03 INFO  : 'con' command is executed.
14:48:03 INFO  : ----------------XSDB Script (After Launch)----------------
targets -set -nocase -filter {name =~ "ARM*#0" && jtag_cable_name =~ "Digilent JTAG-HS1 210512180081"} -index 0
con
----------------End of Script----------------

14:48:03 INFO  : Launch script is exported to file 'F:\experiment\NTT\1\sum\ntt_3_tfdg_full_twiddle_4_2_sum_axi_3\ntt_1\vitis_3\.sdk\launch_scripts\xilinx_c-c++_application_(system_debugger)\system_debugger_using_debug_ntt.elf_on_local.tcl'
14:49:21 INFO  : Disconnected from the channel tcfchan#3.
14:49:22 INFO  : Connected to target on host '127.0.0.1' and port '3121'.
14:49:22 INFO  : Jtag cable 'Digilent JTAG-HS1 210512180081' is selected.
14:49:22 INFO  : 'jtag frequency' command is executed.
14:49:22 INFO  : Sourcing of 'F:/experiment/NTT/1/sum/ntt_3_tfdg_full_twiddle_4_2_sum_axi_3/ntt_1/vitis_3/design_1_wrapper_hw_platform_0/ps7_init.tcl' is done.
14:49:22 INFO  : Context for 'APU' is selected.
14:49:22 INFO  : System reset is completed.
14:49:25 INFO  : 'after 3000' command is executed.
14:49:25 INFO  : 'targets -set -filter {jtag_cable_name =~ "Digilent JTAG-HS1 210512180081" && level==0} -index 1' command is executed.
14:49:29 INFO  : FPGA configured successfully with bitstream "F:/experiment/NTT/1/sum/ntt_3_tfdg_full_twiddle_4_2_sum_axi_3/ntt_1/vitis_3/design_1_wrapper_hw_platform_0/design_1_wrapper.bit"
14:49:29 INFO  : Context for 'APU' is selected.
14:49:30 INFO  : Hardware design information is loaded from 'F:/experiment/NTT/1/sum/ntt_3_tfdg_full_twiddle_4_2_sum_axi_3/ntt_1/vitis_3/design_1_wrapper_hw_platform_0/system.hdf'.
14:49:30 INFO  : 'configparams force-mem-access 1' command is executed.
14:49:30 INFO  : Context for 'APU' is selected.
14:49:31 INFO  : 'ps7_init' command is executed.
14:49:31 INFO  : 'ps7_post_config' command is executed.
14:49:31 INFO  : Context for processor 'ps7_cortexa9_0' is selected.
14:49:31 INFO  : The application 'F:/experiment/NTT/1/sum/ntt_3_tfdg_full_twiddle_4_2_sum_axi_3/ntt_1/vitis_3/ntt/Debug/ntt.elf' is downloaded to processor 'ps7_cortexa9_0'.
14:49:31 INFO  : 'configparams force-mem-access 0' command is executed.
14:49:31 INFO  : ----------------XSDB Script----------------
connect -url tcp:127.0.0.1:3121
source F:/experiment/NTT/1/sum/ntt_3_tfdg_full_twiddle_4_2_sum_axi_3/ntt_1/vitis_3/design_1_wrapper_hw_platform_0/ps7_init.tcl
targets -set -nocase -filter {name =~"APU*" && jtag_cable_name =~ "Digilent JTAG-HS1 210512180081"} -index 0
rst -system
after 3000
targets -set -filter {jtag_cable_name =~ "Digilent JTAG-HS1 210512180081" && level==0} -index 1
fpga -file F:/experiment/NTT/1/sum/ntt_3_tfdg_full_twiddle_4_2_sum_axi_3/ntt_1/vitis_3/design_1_wrapper_hw_platform_0/design_1_wrapper.bit
targets -set -nocase -filter {name =~"APU*" && jtag_cable_name =~ "Digilent JTAG-HS1 210512180081"} -index 0
loadhw -hw F:/experiment/NTT/1/sum/ntt_3_tfdg_full_twiddle_4_2_sum_axi_3/ntt_1/vitis_3/design_1_wrapper_hw_platform_0/system.hdf -mem-ranges [list {0x40000000 0xbfffffff}]
configparams force-mem-access 1
targets -set -nocase -filter {name =~"APU*" && jtag_cable_name =~ "Digilent JTAG-HS1 210512180081"} -index 0
ps7_init
ps7_post_config
targets -set -nocase -filter {name =~ "ARM*#0" && jtag_cable_name =~ "Digilent JTAG-HS1 210512180081"} -index 0
dow F:/experiment/NTT/1/sum/ntt_3_tfdg_full_twiddle_4_2_sum_axi_3/ntt_1/vitis_3/ntt/Debug/ntt.elf
configparams force-mem-access 0
----------------End of Script----------------

14:49:31 INFO  : Memory regions updated for context APU
14:49:31 INFO  : Context for processor 'ps7_cortexa9_0' is selected.
14:49:31 INFO  : 'con' command is executed.
14:49:31 INFO  : ----------------XSDB Script (After Launch)----------------
targets -set -nocase -filter {name =~ "ARM*#0" && jtag_cable_name =~ "Digilent JTAG-HS1 210512180081"} -index 0
con
----------------End of Script----------------

14:49:31 INFO  : Launch script is exported to file 'F:\experiment\NTT\1\sum\ntt_3_tfdg_full_twiddle_4_2_sum_axi_3\ntt_1\vitis_3\.sdk\launch_scripts\xilinx_c-c++_application_(system_debugger)\system_debugger_using_debug_ntt.elf_on_local.tcl'
14:50:53 INFO  : Disconnected from the channel tcfchan#4.
14:50:54 INFO  : Connected to target on host '127.0.0.1' and port '3121'.
14:50:54 INFO  : Jtag cable 'Digilent JTAG-HS1 210512180081' is selected.
14:50:54 INFO  : 'jtag frequency' command is executed.
14:50:54 INFO  : Sourcing of 'F:/experiment/NTT/1/sum/ntt_3_tfdg_full_twiddle_4_2_sum_axi_3/ntt_1/vitis_3/design_1_wrapper_hw_platform_0/ps7_init.tcl' is done.
14:50:54 INFO  : Context for 'APU' is selected.
14:50:54 INFO  : System reset is completed.
14:50:57 INFO  : 'after 3000' command is executed.
14:50:57 INFO  : 'targets -set -filter {jtag_cable_name =~ "Digilent JTAG-HS1 210512180081" && level==0} -index 1' command is executed.
14:51:01 INFO  : FPGA configured successfully with bitstream "F:/experiment/NTT/1/sum/ntt_3_tfdg_full_twiddle_4_2_sum_axi_3/ntt_1/vitis_3/design_1_wrapper_hw_platform_0/design_1_wrapper.bit"
14:51:01 INFO  : Context for 'APU' is selected.
14:51:02 INFO  : Hardware design information is loaded from 'F:/experiment/NTT/1/sum/ntt_3_tfdg_full_twiddle_4_2_sum_axi_3/ntt_1/vitis_3/design_1_wrapper_hw_platform_0/system.hdf'.
14:51:02 INFO  : 'configparams force-mem-access 1' command is executed.
14:51:02 INFO  : Context for 'APU' is selected.
14:51:02 INFO  : 'ps7_init' command is executed.
14:51:02 INFO  : 'ps7_post_config' command is executed.
14:51:02 INFO  : Context for processor 'ps7_cortexa9_0' is selected.
14:51:03 INFO  : The application 'F:/experiment/NTT/1/sum/ntt_3_tfdg_full_twiddle_4_2_sum_axi_3/ntt_1/vitis_3/ntt/Debug/ntt.elf' is downloaded to processor 'ps7_cortexa9_0'.
14:51:03 INFO  : 'configparams force-mem-access 0' command is executed.
14:51:03 INFO  : ----------------XSDB Script----------------
connect -url tcp:127.0.0.1:3121
source F:/experiment/NTT/1/sum/ntt_3_tfdg_full_twiddle_4_2_sum_axi_3/ntt_1/vitis_3/design_1_wrapper_hw_platform_0/ps7_init.tcl
targets -set -nocase -filter {name =~"APU*" && jtag_cable_name =~ "Digilent JTAG-HS1 210512180081"} -index 0
rst -system
after 3000
targets -set -filter {jtag_cable_name =~ "Digilent JTAG-HS1 210512180081" && level==0} -index 1
fpga -file F:/experiment/NTT/1/sum/ntt_3_tfdg_full_twiddle_4_2_sum_axi_3/ntt_1/vitis_3/design_1_wrapper_hw_platform_0/design_1_wrapper.bit
targets -set -nocase -filter {name =~"APU*" && jtag_cable_name =~ "Digilent JTAG-HS1 210512180081"} -index 0
loadhw -hw F:/experiment/NTT/1/sum/ntt_3_tfdg_full_twiddle_4_2_sum_axi_3/ntt_1/vitis_3/design_1_wrapper_hw_platform_0/system.hdf -mem-ranges [list {0x40000000 0xbfffffff}]
configparams force-mem-access 1
targets -set -nocase -filter {name =~"APU*" && jtag_cable_name =~ "Digilent JTAG-HS1 210512180081"} -index 0
ps7_init
ps7_post_config
targets -set -nocase -filter {name =~ "ARM*#0" && jtag_cable_name =~ "Digilent JTAG-HS1 210512180081"} -index 0
dow F:/experiment/NTT/1/sum/ntt_3_tfdg_full_twiddle_4_2_sum_axi_3/ntt_1/vitis_3/ntt/Debug/ntt.elf
configparams force-mem-access 0
----------------End of Script----------------

14:51:03 INFO  : Memory regions updated for context APU
14:51:03 INFO  : Context for processor 'ps7_cortexa9_0' is selected.
14:51:03 INFO  : 'con' command is executed.
14:51:03 INFO  : ----------------XSDB Script (After Launch)----------------
targets -set -nocase -filter {name =~ "ARM*#0" && jtag_cable_name =~ "Digilent JTAG-HS1 210512180081"} -index 0
con
----------------End of Script----------------

14:51:03 INFO  : Launch script is exported to file 'F:\experiment\NTT\1\sum\ntt_3_tfdg_full_twiddle_4_2_sum_axi_3\ntt_1\vitis_3\.sdk\launch_scripts\xilinx_c-c++_application_(system_debugger)\system_debugger_using_debug_ntt.elf_on_local.tcl'
14:51:53 INFO  : Disconnected from the channel tcfchan#5.
14:51:54 INFO  : Connected to target on host '127.0.0.1' and port '3121'.
14:51:54 INFO  : Jtag cable 'Digilent JTAG-HS1 210512180081' is selected.
14:51:54 INFO  : 'jtag frequency' command is executed.
14:51:54 INFO  : Sourcing of 'F:/experiment/NTT/1/sum/ntt_3_tfdg_full_twiddle_4_2_sum_axi_3/ntt_1/vitis_3/design_1_wrapper_hw_platform_0/ps7_init.tcl' is done.
14:51:55 INFO  : Context for 'APU' is selected.
14:51:55 INFO  : System reset is completed.
14:51:58 INFO  : 'after 3000' command is executed.
14:51:58 INFO  : 'targets -set -filter {jtag_cable_name =~ "Digilent JTAG-HS1 210512180081" && level==0} -index 1' command is executed.
14:52:01 INFO  : FPGA configured successfully with bitstream "F:/experiment/NTT/1/sum/ntt_3_tfdg_full_twiddle_4_2_sum_axi_3/ntt_1/vitis_3/design_1_wrapper_hw_platform_0/design_1_wrapper.bit"
14:52:01 INFO  : Context for 'APU' is selected.
14:52:03 INFO  : Hardware design information is loaded from 'F:/experiment/NTT/1/sum/ntt_3_tfdg_full_twiddle_4_2_sum_axi_3/ntt_1/vitis_3/design_1_wrapper_hw_platform_0/system.hdf'.
14:52:03 INFO  : 'configparams force-mem-access 1' command is executed.
14:52:03 INFO  : Context for 'APU' is selected.
14:52:03 INFO  : 'ps7_init' command is executed.
14:52:03 INFO  : 'ps7_post_config' command is executed.
14:52:03 INFO  : Context for processor 'ps7_cortexa9_0' is selected.
14:52:03 INFO  : The application 'F:/experiment/NTT/1/sum/ntt_3_tfdg_full_twiddle_4_2_sum_axi_3/ntt_1/vitis_3/ntt/Debug/ntt.elf' is downloaded to processor 'ps7_cortexa9_0'.
14:52:03 INFO  : 'configparams force-mem-access 0' command is executed.
14:52:03 INFO  : ----------------XSDB Script----------------
connect -url tcp:127.0.0.1:3121
source F:/experiment/NTT/1/sum/ntt_3_tfdg_full_twiddle_4_2_sum_axi_3/ntt_1/vitis_3/design_1_wrapper_hw_platform_0/ps7_init.tcl
targets -set -nocase -filter {name =~"APU*" && jtag_cable_name =~ "Digilent JTAG-HS1 210512180081"} -index 0
rst -system
after 3000
targets -set -filter {jtag_cable_name =~ "Digilent JTAG-HS1 210512180081" && level==0} -index 1
fpga -file F:/experiment/NTT/1/sum/ntt_3_tfdg_full_twiddle_4_2_sum_axi_3/ntt_1/vitis_3/design_1_wrapper_hw_platform_0/design_1_wrapper.bit
targets -set -nocase -filter {name =~"APU*" && jtag_cable_name =~ "Digilent JTAG-HS1 210512180081"} -index 0
loadhw -hw F:/experiment/NTT/1/sum/ntt_3_tfdg_full_twiddle_4_2_sum_axi_3/ntt_1/vitis_3/design_1_wrapper_hw_platform_0/system.hdf -mem-ranges [list {0x40000000 0xbfffffff}]
configparams force-mem-access 1
targets -set -nocase -filter {name =~"APU*" && jtag_cable_name =~ "Digilent JTAG-HS1 210512180081"} -index 0
ps7_init
ps7_post_config
targets -set -nocase -filter {name =~ "ARM*#0" && jtag_cable_name =~ "Digilent JTAG-HS1 210512180081"} -index 0
dow F:/experiment/NTT/1/sum/ntt_3_tfdg_full_twiddle_4_2_sum_axi_3/ntt_1/vitis_3/ntt/Debug/ntt.elf
configparams force-mem-access 0
----------------End of Script----------------

14:52:03 INFO  : Memory regions updated for context APU
14:52:03 INFO  : Context for processor 'ps7_cortexa9_0' is selected.
14:52:03 INFO  : 'con' command is executed.
14:52:03 INFO  : ----------------XSDB Script (After Launch)----------------
targets -set -nocase -filter {name =~ "ARM*#0" && jtag_cable_name =~ "Digilent JTAG-HS1 210512180081"} -index 0
con
----------------End of Script----------------

14:52:03 INFO  : Launch script is exported to file 'F:\experiment\NTT\1\sum\ntt_3_tfdg_full_twiddle_4_2_sum_axi_3\ntt_1\vitis_3\.sdk\launch_scripts\xilinx_c-c++_application_(system_debugger)\system_debugger_using_debug_ntt.elf_on_local.tcl'
14:57:51 INFO  : Disconnected from the channel tcfchan#6.
14:57:52 INFO  : Connected to target on host '127.0.0.1' and port '3121'.
14:57:53 INFO  : Jtag cable 'Digilent JTAG-HS1 210512180081' is selected.
14:57:53 INFO  : 'jtag frequency' command is executed.
14:57:53 INFO  : Sourcing of 'F:/experiment/NTT/1/sum/ntt_3_tfdg_full_twiddle_4_2_sum_axi_3/ntt_1/vitis_3/design_1_wrapper_hw_platform_0/ps7_init.tcl' is done.
14:57:53 INFO  : Context for 'APU' is selected.
14:57:53 INFO  : System reset is completed.
14:57:56 INFO  : 'after 3000' command is executed.
14:57:56 INFO  : 'targets -set -filter {jtag_cable_name =~ "Digilent JTAG-HS1 210512180081" && level==0} -index 1' command is executed.
14:57:59 INFO  : FPGA configured successfully with bitstream "F:/experiment/NTT/1/sum/ntt_3_tfdg_full_twiddle_4_2_sum_axi_3/ntt_1/vitis_3/design_1_wrapper_hw_platform_0/design_1_wrapper.bit"
14:58:00 INFO  : Context for 'APU' is selected.
14:58:01 INFO  : Hardware design information is loaded from 'F:/experiment/NTT/1/sum/ntt_3_tfdg_full_twiddle_4_2_sum_axi_3/ntt_1/vitis_3/design_1_wrapper_hw_platform_0/system.hdf'.
14:58:01 INFO  : 'configparams force-mem-access 1' command is executed.
14:58:01 INFO  : Context for 'APU' is selected.
14:58:01 INFO  : 'ps7_init' command is executed.
14:58:01 INFO  : 'ps7_post_config' command is executed.
14:58:01 INFO  : Context for processor 'ps7_cortexa9_0' is selected.
14:58:01 INFO  : The application 'F:/experiment/NTT/1/sum/ntt_3_tfdg_full_twiddle_4_2_sum_axi_3/ntt_1/vitis_3/ntt/Debug/ntt.elf' is downloaded to processor 'ps7_cortexa9_0'.
14:58:01 INFO  : 'configparams force-mem-access 0' command is executed.
14:58:01 INFO  : ----------------XSDB Script----------------
connect -url tcp:127.0.0.1:3121
source F:/experiment/NTT/1/sum/ntt_3_tfdg_full_twiddle_4_2_sum_axi_3/ntt_1/vitis_3/design_1_wrapper_hw_platform_0/ps7_init.tcl
targets -set -nocase -filter {name =~"APU*" && jtag_cable_name =~ "Digilent JTAG-HS1 210512180081"} -index 0
rst -system
after 3000
targets -set -filter {jtag_cable_name =~ "Digilent JTAG-HS1 210512180081" && level==0} -index 1
fpga -file F:/experiment/NTT/1/sum/ntt_3_tfdg_full_twiddle_4_2_sum_axi_3/ntt_1/vitis_3/design_1_wrapper_hw_platform_0/design_1_wrapper.bit
targets -set -nocase -filter {name =~"APU*" && jtag_cable_name =~ "Digilent JTAG-HS1 210512180081"} -index 0
loadhw -hw F:/experiment/NTT/1/sum/ntt_3_tfdg_full_twiddle_4_2_sum_axi_3/ntt_1/vitis_3/design_1_wrapper_hw_platform_0/system.hdf -mem-ranges [list {0x40000000 0xbfffffff}]
configparams force-mem-access 1
targets -set -nocase -filter {name =~"APU*" && jtag_cable_name =~ "Digilent JTAG-HS1 210512180081"} -index 0
ps7_init
ps7_post_config
targets -set -nocase -filter {name =~ "ARM*#0" && jtag_cable_name =~ "Digilent JTAG-HS1 210512180081"} -index 0
dow F:/experiment/NTT/1/sum/ntt_3_tfdg_full_twiddle_4_2_sum_axi_3/ntt_1/vitis_3/ntt/Debug/ntt.elf
configparams force-mem-access 0
----------------End of Script----------------

14:58:02 INFO  : Memory regions updated for context APU
14:58:02 INFO  : Context for processor 'ps7_cortexa9_0' is selected.
14:58:02 INFO  : 'con' command is executed.
14:58:02 INFO  : ----------------XSDB Script (After Launch)----------------
targets -set -nocase -filter {name =~ "ARM*#0" && jtag_cable_name =~ "Digilent JTAG-HS1 210512180081"} -index 0
con
----------------End of Script----------------

14:58:02 INFO  : Launch script is exported to file 'F:\experiment\NTT\1\sum\ntt_3_tfdg_full_twiddle_4_2_sum_axi_3\ntt_1\vitis_3\.sdk\launch_scripts\xilinx_c-c++_application_(system_debugger)\system_debugger_using_debug_ntt.elf_on_local.tcl'
14:59:48 INFO  : Disconnected from the channel tcfchan#7.
14:59:49 INFO  : Connected to target on host '127.0.0.1' and port '3121'.
14:59:49 INFO  : Jtag cable 'Digilent JTAG-HS1 210512180081' is selected.
14:59:49 INFO  : 'jtag frequency' command is executed.
14:59:49 INFO  : Sourcing of 'F:/experiment/NTT/1/sum/ntt_3_tfdg_full_twiddle_4_2_sum_axi_3/ntt_1/vitis_3/design_1_wrapper_hw_platform_0/ps7_init.tcl' is done.
14:59:49 INFO  : Context for 'APU' is selected.
14:59:50 INFO  : System reset is completed.
14:59:53 INFO  : 'after 3000' command is executed.
14:59:53 INFO  : 'targets -set -filter {jtag_cable_name =~ "Digilent JTAG-HS1 210512180081" && level==0} -index 1' command is executed.
14:59:56 INFO  : FPGA configured successfully with bitstream "F:/experiment/NTT/1/sum/ntt_3_tfdg_full_twiddle_4_2_sum_axi_3/ntt_1/vitis_3/design_1_wrapper_hw_platform_0/design_1_wrapper.bit"
14:59:56 INFO  : Context for 'APU' is selected.
14:59:58 INFO  : Hardware design information is loaded from 'F:/experiment/NTT/1/sum/ntt_3_tfdg_full_twiddle_4_2_sum_axi_3/ntt_1/vitis_3/design_1_wrapper_hw_platform_0/system.hdf'.
14:59:58 INFO  : 'configparams force-mem-access 1' command is executed.
14:59:58 INFO  : Context for 'APU' is selected.
14:59:58 INFO  : 'ps7_init' command is executed.
14:59:58 INFO  : 'ps7_post_config' command is executed.
14:59:58 INFO  : Context for processor 'ps7_cortexa9_0' is selected.
14:59:58 INFO  : The application 'F:/experiment/NTT/1/sum/ntt_3_tfdg_full_twiddle_4_2_sum_axi_3/ntt_1/vitis_3/ntt/Debug/ntt.elf' is downloaded to processor 'ps7_cortexa9_0'.
14:59:58 INFO  : 'configparams force-mem-access 0' command is executed.
14:59:58 INFO  : ----------------XSDB Script----------------
connect -url tcp:127.0.0.1:3121
source F:/experiment/NTT/1/sum/ntt_3_tfdg_full_twiddle_4_2_sum_axi_3/ntt_1/vitis_3/design_1_wrapper_hw_platform_0/ps7_init.tcl
targets -set -nocase -filter {name =~"APU*" && jtag_cable_name =~ "Digilent JTAG-HS1 210512180081"} -index 0
rst -system
after 3000
targets -set -filter {jtag_cable_name =~ "Digilent JTAG-HS1 210512180081" && level==0} -index 1
fpga -file F:/experiment/NTT/1/sum/ntt_3_tfdg_full_twiddle_4_2_sum_axi_3/ntt_1/vitis_3/design_1_wrapper_hw_platform_0/design_1_wrapper.bit
targets -set -nocase -filter {name =~"APU*" && jtag_cable_name =~ "Digilent JTAG-HS1 210512180081"} -index 0
loadhw -hw F:/experiment/NTT/1/sum/ntt_3_tfdg_full_twiddle_4_2_sum_axi_3/ntt_1/vitis_3/design_1_wrapper_hw_platform_0/system.hdf -mem-ranges [list {0x40000000 0xbfffffff}]
configparams force-mem-access 1
targets -set -nocase -filter {name =~"APU*" && jtag_cable_name =~ "Digilent JTAG-HS1 210512180081"} -index 0
ps7_init
ps7_post_config
targets -set -nocase -filter {name =~ "ARM*#0" && jtag_cable_name =~ "Digilent JTAG-HS1 210512180081"} -index 0
dow F:/experiment/NTT/1/sum/ntt_3_tfdg_full_twiddle_4_2_sum_axi_3/ntt_1/vitis_3/ntt/Debug/ntt.elf
configparams force-mem-access 0
----------------End of Script----------------

14:59:58 INFO  : Memory regions updated for context APU
14:59:59 INFO  : Context for processor 'ps7_cortexa9_0' is selected.
14:59:59 INFO  : 'con' command is executed.
14:59:59 INFO  : ----------------XSDB Script (After Launch)----------------
targets -set -nocase -filter {name =~ "ARM*#0" && jtag_cable_name =~ "Digilent JTAG-HS1 210512180081"} -index 0
con
----------------End of Script----------------

14:59:59 INFO  : Launch script is exported to file 'F:\experiment\NTT\1\sum\ntt_3_tfdg_full_twiddle_4_2_sum_axi_3\ntt_1\vitis_3\.sdk\launch_scripts\xilinx_c-c++_application_(system_debugger)\system_debugger_using_debug_ntt.elf_on_local.tcl'
15:02:50 INFO  : Disconnected from the channel tcfchan#8.
15:02:51 INFO  : Connected to target on host '127.0.0.1' and port '3121'.
15:02:51 INFO  : Jtag cable 'Digilent JTAG-HS1 210512180081' is selected.
15:02:51 INFO  : 'jtag frequency' command is executed.
15:02:51 INFO  : Sourcing of 'F:/experiment/NTT/1/sum/ntt_3_tfdg_full_twiddle_4_2_sum_axi_3/ntt_1/vitis_3/design_1_wrapper_hw_platform_0/ps7_init.tcl' is done.
15:02:52 INFO  : Context for 'APU' is selected.
15:02:52 INFO  : System reset is completed.
15:02:55 INFO  : 'after 3000' command is executed.
15:02:55 INFO  : 'targets -set -filter {jtag_cable_name =~ "Digilent JTAG-HS1 210512180081" && level==0} -index 1' command is executed.
15:02:58 INFO  : FPGA configured successfully with bitstream "F:/experiment/NTT/1/sum/ntt_3_tfdg_full_twiddle_4_2_sum_axi_3/ntt_1/vitis_3/design_1_wrapper_hw_platform_0/design_1_wrapper.bit"
15:02:58 INFO  : Context for 'APU' is selected.
15:03:00 INFO  : Hardware design information is loaded from 'F:/experiment/NTT/1/sum/ntt_3_tfdg_full_twiddle_4_2_sum_axi_3/ntt_1/vitis_3/design_1_wrapper_hw_platform_0/system.hdf'.
15:03:00 INFO  : 'configparams force-mem-access 1' command is executed.
15:03:00 INFO  : Context for 'APU' is selected.
15:03:00 INFO  : 'ps7_init' command is executed.
15:03:00 INFO  : 'ps7_post_config' command is executed.
15:03:00 INFO  : Context for processor 'ps7_cortexa9_0' is selected.
15:03:00 INFO  : The application 'F:/experiment/NTT/1/sum/ntt_3_tfdg_full_twiddle_4_2_sum_axi_3/ntt_1/vitis_3/ntt/Debug/ntt.elf' is downloaded to processor 'ps7_cortexa9_0'.
15:03:00 INFO  : 'configparams force-mem-access 0' command is executed.
15:03:00 INFO  : ----------------XSDB Script----------------
connect -url tcp:127.0.0.1:3121
source F:/experiment/NTT/1/sum/ntt_3_tfdg_full_twiddle_4_2_sum_axi_3/ntt_1/vitis_3/design_1_wrapper_hw_platform_0/ps7_init.tcl
targets -set -nocase -filter {name =~"APU*" && jtag_cable_name =~ "Digilent JTAG-HS1 210512180081"} -index 0
rst -system
after 3000
targets -set -filter {jtag_cable_name =~ "Digilent JTAG-HS1 210512180081" && level==0} -index 1
fpga -file F:/experiment/NTT/1/sum/ntt_3_tfdg_full_twiddle_4_2_sum_axi_3/ntt_1/vitis_3/design_1_wrapper_hw_platform_0/design_1_wrapper.bit
targets -set -nocase -filter {name =~"APU*" && jtag_cable_name =~ "Digilent JTAG-HS1 210512180081"} -index 0
loadhw -hw F:/experiment/NTT/1/sum/ntt_3_tfdg_full_twiddle_4_2_sum_axi_3/ntt_1/vitis_3/design_1_wrapper_hw_platform_0/system.hdf -mem-ranges [list {0x40000000 0xbfffffff}]
configparams force-mem-access 1
targets -set -nocase -filter {name =~"APU*" && jtag_cable_name =~ "Digilent JTAG-HS1 210512180081"} -index 0
ps7_init
ps7_post_config
targets -set -nocase -filter {name =~ "ARM*#0" && jtag_cable_name =~ "Digilent JTAG-HS1 210512180081"} -index 0
dow F:/experiment/NTT/1/sum/ntt_3_tfdg_full_twiddle_4_2_sum_axi_3/ntt_1/vitis_3/ntt/Debug/ntt.elf
configparams force-mem-access 0
----------------End of Script----------------

15:03:00 INFO  : Memory regions updated for context APU
15:03:00 INFO  : Context for processor 'ps7_cortexa9_0' is selected.
15:03:00 INFO  : 'con' command is executed.
15:03:00 INFO  : ----------------XSDB Script (After Launch)----------------
targets -set -nocase -filter {name =~ "ARM*#0" && jtag_cable_name =~ "Digilent JTAG-HS1 210512180081"} -index 0
con
----------------End of Script----------------

15:03:00 INFO  : Launch script is exported to file 'F:\experiment\NTT\1\sum\ntt_3_tfdg_full_twiddle_4_2_sum_axi_3\ntt_1\vitis_3\.sdk\launch_scripts\xilinx_c-c++_application_(system_debugger)\system_debugger_using_debug_ntt.elf_on_local.tcl'
15:03:50 INFO  : Disconnected from the channel tcfchan#9.
15:03:51 INFO  : Connected to target on host '127.0.0.1' and port '3121'.
15:03:51 INFO  : Jtag cable 'Digilent JTAG-HS1 210512180081' is selected.
15:03:51 INFO  : 'jtag frequency' command is executed.
15:03:51 INFO  : Sourcing of 'F:/experiment/NTT/1/sum/ntt_3_tfdg_full_twiddle_4_2_sum_axi_3/ntt_1/vitis_3/design_1_wrapper_hw_platform_0/ps7_init.tcl' is done.
15:03:51 INFO  : Context for 'APU' is selected.
15:03:52 INFO  : System reset is completed.
15:03:55 INFO  : 'after 3000' command is executed.
15:03:55 INFO  : 'targets -set -filter {jtag_cable_name =~ "Digilent JTAG-HS1 210512180081" && level==0} -index 1' command is executed.
15:03:58 INFO  : FPGA configured successfully with bitstream "F:/experiment/NTT/1/sum/ntt_3_tfdg_full_twiddle_4_2_sum_axi_3/ntt_1/vitis_3/design_1_wrapper_hw_platform_0/design_1_wrapper.bit"
15:03:58 INFO  : Context for 'APU' is selected.
15:04:00 INFO  : Hardware design information is loaded from 'F:/experiment/NTT/1/sum/ntt_3_tfdg_full_twiddle_4_2_sum_axi_3/ntt_1/vitis_3/design_1_wrapper_hw_platform_0/system.hdf'.
15:04:00 INFO  : 'configparams force-mem-access 1' command is executed.
15:04:00 INFO  : Context for 'APU' is selected.
15:04:00 INFO  : 'ps7_init' command is executed.
15:04:00 INFO  : 'ps7_post_config' command is executed.
15:04:00 INFO  : Context for processor 'ps7_cortexa9_0' is selected.
15:04:00 INFO  : The application 'F:/experiment/NTT/1/sum/ntt_3_tfdg_full_twiddle_4_2_sum_axi_3/ntt_1/vitis_3/ntt/Debug/ntt.elf' is downloaded to processor 'ps7_cortexa9_0'.
15:04:00 INFO  : 'configparams force-mem-access 0' command is executed.
15:04:00 INFO  : ----------------XSDB Script----------------
connect -url tcp:127.0.0.1:3121
source F:/experiment/NTT/1/sum/ntt_3_tfdg_full_twiddle_4_2_sum_axi_3/ntt_1/vitis_3/design_1_wrapper_hw_platform_0/ps7_init.tcl
targets -set -nocase -filter {name =~"APU*" && jtag_cable_name =~ "Digilent JTAG-HS1 210512180081"} -index 0
rst -system
after 3000
targets -set -filter {jtag_cable_name =~ "Digilent JTAG-HS1 210512180081" && level==0} -index 1
fpga -file F:/experiment/NTT/1/sum/ntt_3_tfdg_full_twiddle_4_2_sum_axi_3/ntt_1/vitis_3/design_1_wrapper_hw_platform_0/design_1_wrapper.bit
targets -set -nocase -filter {name =~"APU*" && jtag_cable_name =~ "Digilent JTAG-HS1 210512180081"} -index 0
loadhw -hw F:/experiment/NTT/1/sum/ntt_3_tfdg_full_twiddle_4_2_sum_axi_3/ntt_1/vitis_3/design_1_wrapper_hw_platform_0/system.hdf -mem-ranges [list {0x40000000 0xbfffffff}]
configparams force-mem-access 1
targets -set -nocase -filter {name =~"APU*" && jtag_cable_name =~ "Digilent JTAG-HS1 210512180081"} -index 0
ps7_init
ps7_post_config
targets -set -nocase -filter {name =~ "ARM*#0" && jtag_cable_name =~ "Digilent JTAG-HS1 210512180081"} -index 0
dow F:/experiment/NTT/1/sum/ntt_3_tfdg_full_twiddle_4_2_sum_axi_3/ntt_1/vitis_3/ntt/Debug/ntt.elf
configparams force-mem-access 0
----------------End of Script----------------

15:04:00 INFO  : Memory regions updated for context APU
15:04:00 INFO  : Context for processor 'ps7_cortexa9_0' is selected.
15:04:00 INFO  : 'con' command is executed.
15:04:00 INFO  : ----------------XSDB Script (After Launch)----------------
targets -set -nocase -filter {name =~ "ARM*#0" && jtag_cable_name =~ "Digilent JTAG-HS1 210512180081"} -index 0
con
----------------End of Script----------------

15:04:00 INFO  : Launch script is exported to file 'F:\experiment\NTT\1\sum\ntt_3_tfdg_full_twiddle_4_2_sum_axi_3\ntt_1\vitis_3\.sdk\launch_scripts\xilinx_c-c++_application_(system_debugger)\system_debugger_using_debug_ntt.elf_on_local.tcl'
15:04:51 INFO  : Disconnected from the channel tcfchan#10.
15:05:51 INFO  : Registering command handlers for SDK TCF services
15:05:52 INFO  : Launching XSCT server: xsct.bat -interactive F:\experiment\NTT\1\sum\ntt_3_tfdg_full_twiddle_4_2_sum_axi_3\ntt_1\vitis_3\temp_xsdb_launch_script.tcl
15:05:55 INFO  : XSCT server has started successfully.
15:05:56 INFO  : Successfully done setting XSCT server connection channel  
15:05:56 INFO  : Successfully done setting SDK workspace  
15:05:56 INFO  : Processing command line option -hwspec F:/experiment/NTT/1/sum/ntt_3_tfdg_full_twiddle_4_2_sum_axi_3/ntt_1/vitis_3/design_1_wrapper.hdf.
15:05:56 INFO  : Checking for hwspec changes in the project design_1_wrapper_hw_platform_0.
15:06:11 ERROR : Failed to connect to hardware server on host '127.0.0.1' and port '3121'.
Reason: 'connect -url tcp:127.0.0.1:3121' is cancelled.
15:06:11 INFO  : ----------------XSDB Script----------------
connect -url tcp:127.0.0.1:3121
----------------End of Script----------------

