#
# There is insufficient memory for the Java Runtime Environment to continue.
# Native memory allocation (malloc) failed to allocate 1612656 bytes for Chunk::new
# Possible reasons:
#   The system is out of physical RAM or swap space
#   The process is running with CompressedOops enabled, and the Java Heap may be blocking the growth of the native heap
# Possible solutions:
#   Reduce memory load on the system
#   Increase physical memory or swap space
#   Check if swap backing store is full
#   Decrease Java heap size (-Xmx/-Xms)
#   Decrease number of Java threads
#   Decrease Java thread stack sizes (-Xss)
#   Set larger code cache with -XX:ReservedCodeCacheSize=
#   JVM is running with Zero Based Compressed Oops mode in which the Java heap is
#     placed in the first 32GB address space. The Java Heap base address is the
#     maximum limit for the native heap growth. Please use -XX:HeapBaseMinAddress
#     to set the Java Heap base and to place the Java Heap above 32GB virtual address.
# This output file may be truncated or incomplete.
#
#  Out of Memory Error (t:/workspace/hotspot/src/share/vm/memory/allocation.cpp:372), pid=19264, tid=13396
#
# JRE version: Java(TM) SE Runtime Environment (9.0+11) (build 9.0.4+11)
# Java VM: Java HotSpot(TM) 64-Bit Server VM (9.0.4+11, mixed mode, tiered, compressed oops, g1 gc, windows-amd64)
# No core dump will be written. Minidumps are not enabled by default on client versions of Windows
#

---------------  S U M M A R Y ------------

Command Line: -Dsun.java2d.pmoffscreen=false -Dsun.java2d.xrender=false -Dsun.java2d.d3d=false -Dsun.awt.nopixfmt=true -Dsun.java2d.dpiaware=true -Dsun.java2d.uiScale.enabled=false -Xverify:none -Dswing.aatext=true -XX:-UsePerfData -Djdk.map.althashing.threshold=512 -XX:StringTableSize=4072 --add-opens=java.base/java.nio=ALL-UNNAMED --add-opens=java.desktop/sun.swing=ALL-UNNAMED --add-opens=java.desktop/javax.swing=ALL-UNNAMED --add-opens=java.desktop/javax.swing.tree=ALL-UNNAMED --add-opens=java.desktop/javax.swing.plaf.basic=ALL-UNNAMED --add-opens=java.desktop/javax.swing.plaf.synth=ALL-UNNAMED --add-opens=java.desktop/com.sun.awt=ALL-UNNAMED -XX:NewSize=60m -XX:MaxNewSize=60m -Xms128m -Xmx3072m -Xss5m 

Host: Intel(R) Core(TM) i5-1035G1 CPU @ 1.00GHz, 8 cores, 7G,  Windows 10 , 64 bit Build 22621 (10.0.22621.5415)
Time: Fri Jan 09 14:15:39 2026 ?D1¨²¡À¨º¡Á?¨º¡À?? elapsed time: 655 seconds (0d 0h 10m 55s)

---------------  T H R E A D  ---------------

Current thread (0x000002ce5099e800):  JavaThread "C2 CompilerThread2" daemon [_thread_in_native, id=13396, stack(0x000000fd32200000,0x000000fd32300000)]


Current CompileTask:
C2: 655894 15333       4       sun.swing.SwingUtilities2::displayPropertiesToCSS (212 bytes)

Stack: [0x000000fd32200000,0x000000fd32300000]
Native frames: (J=compiled Java code, j=interpreted, Vv=VM code, C=native code)
V  [jvm.dll+0x587068]

[error occurred during error reporting (printing native stack), id 0xe0000001]


---------------  P R O C E S S  ---------------

Java Threads: ( => current thread )
  0x000002ce02f49000 JavaThread "Image Animator 0" daemon [_thread_blocked, id=20392, stack(0x000000fd39900000,0x000000fd39e00000)]
  0x000002ce02f4d000 JavaThread "SyntheticaAnimation 50" daemon [_thread_blocked, id=18548, stack(0x000000fd38700000,0x000000fd38c00000)]
  0x000002ce02f4b800 JavaThread "SyntheticaAnimation 50" daemon [_thread_blocked, id=8292, stack(0x000000fd38200000,0x000000fd38700000)]
  0x000002ce02f48800 JavaThread "Update Runs Swing Worker" [_thread_blocked, id=11336, stack(0x000000fd38c00000,0x000000fd39100000)]
  0x000002ce509a9000 JavaThread "hw_ila_monitor" [_thread_blocked, id=16124, stack(0x000000fd37d00000,0x000000fd38200000)]
  0x000002ce509a8000 JavaThread "Refresh Filesets Swing Worker" [_thread_blocked, id=16044, stack(0x000000fd37800000,0x000000fd37d00000)]
  0x000002ce509af000 JavaThread "SyntheticaAnimation 70" daemon [_thread_blocked, id=19232, stack(0x000000fd34800000,0x000000fd34d00000)]
  0x000002ce509ac000 JavaThread "SyntheticaAnimation 25" daemon [_thread_blocked, id=15316, stack(0x000000fd35c00000,0x000000fd36100000)]
  0x000002ce509ac800 JavaThread "SyntheticaAnimation 50" daemon [_thread_blocked, id=9504, stack(0x000000fd36e00000,0x000000fd37300000)]
  0x000002ce509ab000 JavaThread "Monitor HEventQueue" [_thread_blocked, id=2268, stack(0x000000fd36900000,0x000000fd36e00000)]
  0x000002ce509aa800 JavaThread "SyntheticaCleanerThread" daemon [_thread_blocked, id=18708, stack(0x000000fd36100000,0x000000fd36600000)]
  0x000002ce509a9800 JavaThread "Batik CleanerThread" daemon [_thread_blocked, id=11852, stack(0x000000fd33900000,0x000000fd33e00000)]
  0x000002ce55931800 JavaThread "AWT-EventQueue-1" [_thread_in_Java, id=18536, stack(0x000000fd35700000,0x000000fd35c00000)]
  0x000002ce55a9c800 JavaThread "AWT-Shutdown" [_thread_blocked, id=18488, stack(0x000000fd35200000,0x000000fd35700000)]
  0x000002ce556ee000 JavaThread "Process Messages" [_thread_blocked, id=18484, stack(0x000000fd34d00000,0x000000fd35200000)]
  0x000002ce559a1800 JavaThread "Thread-1" [_thread_in_native, id=6452, stack(0x000000fd2e000000,0x000000fd2f400000)]
  0x000002ce55b4a800 JavaThread "TimerQueue" daemon [_thread_blocked, id=18452, stack(0x000000fd34300000,0x000000fd34800000)]
  0x000002ce551f4800 JavaThread "AWT-Windows" daemon [_thread_in_native, id=18448, stack(0x000000fd33e00000,0x000000fd34300000)]
  0x000002ce5515b800 JavaThread "Java2D Disposer" daemon [_thread_blocked, id=8308, stack(0x000000fd33400000,0x000000fd33900000)]
  0x000002ce4d79d800 JavaThread "Service Thread" daemon [_thread_blocked, id=18968, stack(0x000000fd32e00000,0x000000fd33300000)]
  0x000002ce509c8000 JavaThread "Common-Cleaner" daemon [_thread_blocked, id=13440, stack(0x000000fd32900000,0x000000fd32e00000)]
  0x000002ce509ad800 JavaThread "Sweeper thread" daemon [_thread_blocked, id=13776, stack(0x000000fd32400000,0x000000fd32900000)]
  0x000002ce5099f800 JavaThread "C1 CompilerThread3" daemon [_thread_blocked, id=6896, stack(0x000000fd32300000,0x000000fd32400000)]
=>0x000002ce5099e800 JavaThread "C2 CompilerThread2" daemon [_thread_in_native, id=13396, stack(0x000000fd32200000,0x000000fd32300000)]
  0x000002ce5099e000 JavaThread "C2 CompilerThread1" daemon [_thread_in_vm, id=17424, stack(0x000000fd32100000,0x000000fd32200000)]
  0x000002ce5099d000 JavaThread "C2 CompilerThread0" daemon [_thread_in_native, id=19184, stack(0x000000fd32000000,0x000000fd32100000)]
  0x000002ce5099c800 JavaThread "Attach Listener" daemon [_thread_blocked, id=19396, stack(0x000000fd31b00000,0x000000fd32000000)]
  0x000002ce54303800 JavaThread "Signal Dispatcher" daemon [_thread_blocked, id=19392, stack(0x000000fd31600000,0x000000fd31b00000)]
  0x000002ce542d9000 JavaThread "Finalizer" daemon [_thread_blocked, id=19388, stack(0x000000fd31100000,0x000000fd31600000)]
  0x000002ce542d8800 JavaThread "Reference Handler" daemon [_thread_blocked, id=19384, stack(0x000000fd30c00000,0x000000fd31100000)]
  0x000002ce52a2e800 JavaThread "main" [_thread_blocked, id=18884, stack(0x000000fd2df00000,0x000000fd2e000000)]

Other Threads:
  0x000002ce54b48800 VMThread "VM Thread" [stack: 0x000000fd30b00000,0x000000fd30c00000] [id=19380]
  0x000002ce4d775800 WatcherThread [stack: 0x000000fd33300000,0x000000fd33400000] [id=18964]
  0x000002ce54f50800 GCTaskThread "GC Thread#0" [stack: 0x000000fd2f700000,0x000000fd2f800000] [id=19304]
  0x000002ce52071800 GCTaskThread "GC Thread#1" [stack: 0x000000fd2f800000,0x000000fd2f900000] [id=19308]
  0x000002ce54b61800 GCTaskThread "GC Thread#2" [stack: 0x000000fd2f900000,0x000000fd2fa00000] [id=19312]
  0x000002ce53490800 GCTaskThread "GC Thread#3" [stack: 0x000000fd2fa00000,0x000000fd2fb00000] [id=19316]
  0x000002ce54f41800 GCTaskThread "GC Thread#4" [stack: 0x000000fd2fb00000,0x000000fd2fc00000] [id=19324]
  0x000002ce5325c800 GCTaskThread "GC Thread#5" [stack: 0x000000fd2fc00000,0x000000fd2fd00000] [id=19320]
  0x000002ce542cd000 GCTaskThread "GC Thread#6" [stack: 0x000000fd2fd00000,0x000000fd2fe00000] [id=19328]
  0x000002ce545b6000 GCTaskThread "GC Thread#7" [stack: 0x000000fd2fe00000,0x000000fd2ff00000] [id=19332]
  0x000002ce529e8800 ConcurrentGCThread "G1 Main Marker" [stack: 0x000000fd30800000,0x000000fd30900000] [id=19368]
  0x000002ce529e9000 ConcurrentGCThread "G1 Marker#0" [stack: 0x000000fd30900000,0x000000fd30a00000] [id=19372]
  0x000002ce529e9800 ConcurrentGCThread "G1 Marker#1" [stack: 0x000000fd30a00000,0x000000fd30b00000] [id=19376]
  0x000002ce52eb4000 ConcurrentGCThread "G1 Refine#0" [stack: 0x000000fd30600000,0x000000fd30700000] [id=17968]
  0x000002ce54b1f800 ConcurrentGCThread "G1 Refine#1" [stack: 0x000000fd30500000,0x000000fd30600000] [id=19360]
  0x000002ce54b1e800 ConcurrentGCThread "G1 Refine#2" [stack: 0x000000fd30400000,0x000000fd30500000] [id=12524]
  0x000002ce52069000 ConcurrentGCThread "G1 Refine#3" [stack: 0x000000fd30300000,0x000000fd30400000] [id=5944]
  0x000002ce50ae7800 ConcurrentGCThread "G1 Refine#4" [stack: 0x000000fd30200000,0x000000fd30300000] [id=19348]
  0x000002ce53809000 ConcurrentGCThread "G1 Refine#5" [stack: 0x000000fd30100000,0x000000fd30200000] [id=19344]
  0x000002ce534b6800 ConcurrentGCThread "G1 Refine#6" [stack: 0x000000fd30000000,0x000000fd30100000] [id=19340]
  0x000002ce534b6000 ConcurrentGCThread "G1 Refine#7" [stack: 0x000000fd2ff00000,0x000000fd30000000] [id=19336]
  0x000002ce5097c800 ConcurrentGCThread "G1 Young RemSet Sampling" [stack: 0x000000fd30700000,0x000000fd30800000] [id=19364]

Threads with active compile tasks:
C2 CompilerThread215333       4       sun.swing.SwingUtilities2::displayPropertiesToCSS (212 bytes)
C2 CompilerThread115340       4       com.jidesoft.plaf.basic.BasicJideTabbedPaneUI::calculateTabWidth (449 bytes)
C2 CompilerThread015335       4       javax.swing.plaf.basic.BasicHTML$BasicEditorKit::createDefaultDocument (49 bytes)

VM state:not at safepoint (normal execution)

VM Mutex/Monitor currently owned by a thread: None

Heap address: 0x0000000700000000, size: 3072 MB, Compressed Oops mode: Zero based, Oop shift amount: 3
Narrow klass base: 0x0000000000000000, Narrow klass shift: 3
Compressed class space size: 1073741824 Address: 0x00000007c0000000

Heap:
 garbage-first heap   total 161792K, used 92620K [0x0000000700000000, 0x00000007001004f0, 0x00000007c0000000)
  region size 1024K, 32 young (32768K), 3 survivors (3072K)
 Metaspace       used 71499K, capacity 76417K, committed 76592K, reserved 1116160K
  class space    used 9841K, capacity 10721K, committed 10800K, reserved 1048576K
Heap Regions: E=young(eden), S=young(survivor), O=old, HS=humongous(starts), HC=humongous(continues), CS=collection set, F=free, A=archive, TS=gc time stamp, AC=allocation context, TAMS=top-at-mark-start (previous, next)
|   0|0x0000000700000000, 0x00000007000ff0e0, 0x0000000700100000| 99%| O|  |TS  0|AC  0|TAMS 0x0000000700000000, 0x0000000700000000|
|   1|0x0000000700100000, 0x0000000700200000, 0x0000000700200000|100%|HS|  |TS  0|AC  0|TAMS 0x0000000700100000, 0x0000000700100000|
|   2|0x0000000700200000, 0x0000000700300000, 0x0000000700300000|100%|HC|  |TS  0|AC  0|TAMS 0x0000000700200000, 0x0000000700200000|
|   3|0x0000000700300000, 0x0000000700400000, 0x0000000700400000|100%|HS|  |TS  0|AC  0|TAMS 0x0000000700300000, 0x0000000700300000|
|   4|0x0000000700400000, 0x00000007004d5f90, 0x0000000700500000| 83%| O|  |TS  0|AC  0|TAMS 0x0000000700400000, 0x0000000700400000|
|   5|0x0000000700500000, 0x0000000700600000, 0x0000000700600000|100%| O|  |TS  0|AC  0|TAMS 0x0000000700500000, 0x0000000700500000|
|   6|0x0000000700600000, 0x00000007006ffff8, 0x0000000700700000| 99%| O|  |TS  0|AC  0|TAMS 0x0000000700600000, 0x0000000700600000|
|   7|0x0000000700700000, 0x0000000700800000, 0x0000000700800000|100%| O|  |TS  0|AC  0|TAMS 0x0000000700700000, 0x0000000700700000|
|   8|0x0000000700800000, 0x00000007008ffff8, 0x0000000700900000| 99%| O|  |TS  0|AC  0|TAMS 0x0000000700800000, 0x0000000700800000|
|   9|0x0000000700900000, 0x00000007009fffd0, 0x0000000700a00000| 99%| O|  |TS  0|AC  0|TAMS 0x0000000700900000, 0x0000000700900000|
|  10|0x0000000700a00000, 0x0000000700affff8, 0x0000000700b00000| 99%| O|  |TS  0|AC  0|TAMS 0x0000000700a00000, 0x0000000700a00000|
|  11|0x0000000700b00000, 0x0000000700bfc6e8, 0x0000000700c00000| 98%| O|  |TS  0|AC  0|TAMS 0x0000000700b00000, 0x0000000700b00000|
|  12|0x0000000700c00000, 0x0000000700cfc368, 0x0000000700d00000| 98%| O|  |TS  0|AC  0|TAMS 0x0000000700c00000, 0x0000000700c00000|
|  13|0x0000000700d00000, 0x0000000700df6490, 0x0000000700e00000| 96%| O|  |TS  0|AC  0|TAMS 0x0000000700d00000, 0x0000000700d00000|
|  14|0x0000000700e00000, 0x0000000700efb628, 0x0000000700f00000| 98%| O|  |TS  0|AC  0|TAMS 0x0000000700e00000, 0x0000000700e00000|
|  15|0x0000000700f00000, 0x0000000700fe5df0, 0x0000000701000000| 89%| O|  |TS  0|AC  0|TAMS 0x0000000700f00000, 0x0000000700f00000|
|  16|0x0000000701000000, 0x00000007010fe070, 0x0000000701100000| 99%| O|  |TS  0|AC  0|TAMS 0x0000000701000000, 0x0000000701000000|
|  17|0x0000000701100000, 0x0000000701200000, 0x0000000701200000|100%| O|  |TS  0|AC  0|TAMS 0x0000000701100000, 0x0000000701100000|
|  18|0x0000000701200000, 0x00000007012fff98, 0x0000000701300000| 99%| O|  |TS  0|AC  0|TAMS 0x0000000701200000, 0x0000000701200000|
|  19|0x0000000701300000, 0x00000007013ffff8, 0x0000000701400000| 99%| O|  |TS  0|AC  0|TAMS 0x0000000701300000, 0x0000000701300000|
|  20|0x0000000701400000, 0x00000007014b76e0, 0x0000000701500000| 71%| O|  |TS  0|AC  0|TAMS 0x0000000701400000, 0x0000000701400000|
|  21|0x0000000701500000, 0x0000000701600000, 0x0000000701600000|100%|HS|  |TS  0|AC  0|TAMS 0x0000000701500000, 0x0000000701500000|
|  22|0x0000000701600000, 0x0000000701700000, 0x0000000701700000|100%|HS|  |TS  0|AC  0|TAMS 0x0000000701600000, 0x0000000701600000|
|  23|0x0000000701700000, 0x00000007017fffd0, 0x0000000701800000| 99%| O|  |TS  0|AC  0|TAMS 0x0000000701700000, 0x0000000701700000|
|  24|0x0000000701800000, 0x00000007018ffff8, 0x0000000701900000| 99%| O|  |TS  0|AC  0|TAMS 0x0000000701800000, 0x0000000701800000|
|  25|0x0000000701900000, 0x00000007019ffd88, 0x0000000701a00000| 99%| O|  |TS  0|AC  0|TAMS 0x0000000701900000, 0x0000000701900000|
|  26|0x0000000701a00000, 0x0000000701b00000, 0x0000000701b00000|100%| O|  |TS  0|AC  0|TAMS 0x0000000701a00000, 0x0000000701a00000|
|  27|0x0000000701b00000, 0x0000000701bffff8, 0x0000000701c00000| 99%| O|  |TS  0|AC  0|TAMS 0x0000000701b00000, 0x0000000701b00000|
|  28|0x0000000701c00000, 0x0000000701cffff0, 0x0000000701d00000| 99%| O|  |TS  0|AC  0|TAMS 0x0000000701c00000, 0x0000000701c00000|
|  29|0x0000000701d00000, 0x0000000701e00000, 0x0000000701e00000|100%| O|  |TS  0|AC  0|TAMS 0x0000000701d00000, 0x0000000701d00000|
|  30|0x0000000701e00000, 0x0000000701efffe0, 0x0000000701f00000| 99%| O|  |TS  0|AC  0|TAMS 0x0000000701e00000, 0x0000000701e00000|
|  31|0x0000000701f00000, 0x0000000701ffffe8, 0x0000000702000000| 99%| O|  |TS  0|AC  0|TAMS 0x0000000701f00000, 0x0000000701f00000|
|  32|0x0000000702000000, 0x00000007020ffe20, 0x0000000702100000| 99%| O|  |TS  0|AC  0|TAMS 0x0000000702000000, 0x0000000702000000|
|  33|0x0000000702100000, 0x0000000702200000, 0x0000000702200000|100%| O|  |TS  0|AC  0|TAMS 0x0000000702100000, 0x0000000702100000|
|  34|0x0000000702200000, 0x00000007022fffe8, 0x0000000702300000| 99%| O|  |TS  0|AC  0|TAMS 0x0000000702200000, 0x0000000702200000|
|  35|0x0000000702300000, 0x00000007023ffff0, 0x0000000702400000| 99%| O|  |TS  0|AC  0|TAMS 0x0000000702300000, 0x0000000702300000|
|  36|0x0000000702400000, 0x00000007024fffe8, 0x0000000702500000| 99%| O|  |TS  0|AC  0|TAMS 0x0000000702400000, 0x0000000702400000|
|  37|0x0000000702500000, 0x00000007025fffd0, 0x0000000702600000| 99%| O|  |TS  0|AC  0|TAMS 0x0000000702500000, 0x0000000702500000|
|  38|0x0000000702600000, 0x00000007026e83e0, 0x0000000702700000| 90%| O|  |TS  0|AC  0|TAMS 0x0000000702600000, 0x0000000702600000|
|  39|0x0000000702700000, 0x00000007027fffe0, 0x0000000702800000| 99%| O|  |TS  0|AC  0|TAMS 0x0000000702700000, 0x0000000702700000|
|  40|0x0000000702800000, 0x00000007028ffff0, 0x0000000702900000| 99%| O|  |TS  0|AC  0|TAMS 0x0000000702800000, 0x0000000702800000|
|  41|0x0000000702900000, 0x0000000702a00000, 0x0000000702a00000|100%| O|  |TS  0|AC  0|TAMS 0x0000000702900000, 0x0000000702900000|
|  42|0x0000000702a00000, 0x0000000702affff0, 0x0000000702b00000| 99%| O|  |TS  0|AC  0|TAMS 0x0000000702a00000, 0x0000000702a00000|
|  43|0x0000000702b00000, 0x0000000702bffff8, 0x0000000702c00000| 99%| O|  |TS  0|AC  0|TAMS 0x0000000702b00000, 0x0000000702b00000|
|  44|0x0000000702c00000, 0x0000000702cff2d0, 0x0000000702d00000| 99%| O|  |TS  0|AC  0|TAMS 0x0000000702c00000, 0x0000000702c00000|
|  45|0x0000000702d00000, 0x0000000702dfd5d0, 0x0000000702e00000| 98%| O|  |TS  0|AC  0|TAMS 0x0000000702d00000, 0x0000000702d00000|
|  46|0x0000000702e00000, 0x0000000702f00000, 0x0000000702f00000|100%| O|  |TS  0|AC  0|TAMS 0x0000000702e00000, 0x0000000702e00000|
|  47|0x0000000702f00000, 0x0000000702fcfa60, 0x0000000703000000| 81%| O|  |TS  0|AC  0|TAMS 0x0000000702f00000, 0x0000000702f00000|
|  48|0x0000000703000000, 0x00000007030ef400, 0x0000000703100000| 93%| O|  |TS 51|AC  0|TAMS 0x0000000703000000, 0x0000000703000000|
|  49|0x0000000703100000, 0x0000000703100000, 0x0000000703200000|  0%| F|  |TS  0|AC  0|TAMS 0x0000000703100000, 0x0000000703100000|
|  50|0x0000000703200000, 0x0000000703200000, 0x0000000703300000|  0%| F|  |TS  0|AC  0|TAMS 0x0000000703200000, 0x0000000703200000|
|  51|0x0000000703300000, 0x0000000703300000, 0x0000000703400000|  0%| F|  |TS  0|AC  0|TAMS 0x0000000703300000, 0x0000000703300000|
|  52|0x0000000703400000, 0x0000000703500000, 0x0000000703500000|100%|HS|  |TS  0|AC  0|TAMS 0x0000000703400000, 0x0000000703400000|
|  53|0x0000000703500000, 0x0000000703600000, 0x0000000703600000|100%|HC|  |TS  0|AC  0|TAMS 0x0000000703500000, 0x0000000703500000|
|  54|0x0000000703600000, 0x0000000703700000, 0x0000000703700000|100%|HC|  |TS  0|AC  0|TAMS 0x0000000703600000, 0x0000000703600000|
|  55|0x0000000703700000, 0x0000000703800000, 0x0000000703800000|100%|HC|  |TS  0|AC  0|TAMS 0x0000000703700000, 0x0000000703700000|
|  56|0x0000000703800000, 0x0000000703900000, 0x0000000703900000|100%|HC|  |TS  0|AC  0|TAMS 0x0000000703800000, 0x0000000703800000|
|  57|0x0000000703900000, 0x0000000703a00000, 0x0000000703a00000|100%|HC|  |TS  0|AC  0|TAMS 0x0000000703900000, 0x0000000703900000|
|  58|0x0000000703a00000, 0x0000000703b00000, 0x0000000703b00000|100%|HC|  |TS  0|AC  0|TAMS 0x0000000703a00000, 0x0000000703a00000|
|  59|0x0000000703b00000, 0x0000000703c00000, 0x0000000703c00000|100%|HC|  |TS  0|AC  0|TAMS 0x0000000703b00000, 0x0000000703b00000|
|  60|0x0000000703c00000, 0x0000000703d00000, 0x0000000703d00000|100%|HC|  |TS  0|AC  0|TAMS 0x0000000703c00000, 0x0000000703c00000|
|  61|0x0000000703d00000, 0x0000000703e00000, 0x0000000703e00000|100%|HC|  |TS  0|AC  0|TAMS 0x0000000703d00000, 0x0000000703d00000|
|  62|0x0000000703e00000, 0x0000000703f00000, 0x0000000703f00000|100%|HC|  |TS  0|AC  0|TAMS 0x0000000703e00000, 0x0000000703e00000|
|  63|0x0000000703f00000, 0x0000000704000000, 0x0000000704000000|100%|HC|  |TS  0|AC  0|TAMS 0x0000000703f00000, 0x0000000703f00000|
|  64|0x0000000704000000, 0x0000000704000000, 0x0000000704100000|  0%| F|  |TS  0|AC  0|TAMS 0x0000000704000000, 0x0000000704000000|
|  65|0x0000000704100000, 0x0000000704100000, 0x0000000704200000|  0%| F|  |TS  0|AC  0|TAMS 0x0000000704100000, 0x0000000704100000|
|  66|0x0000000704200000, 0x0000000704200000, 0x0000000704300000|  0%| F|  |TS  0|AC  0|TAMS 0x0000000704200000, 0x0000000704200000|
|  67|0x0000000704300000, 0x0000000704300000, 0x0000000704400000|  0%| F|  |TS  0|AC  0|TAMS 0x0000000704300000, 0x0000000704300000|
|  68|0x0000000704400000, 0x0000000704400000, 0x0000000704500000|  0%| F|  |TS  0|AC  0|TAMS 0x0000000704400000, 0x0000000704400000|
|  69|0x0000000704500000, 0x0000000704500000, 0x0000000704600000|  0%| F|  |TS  0|AC  0|TAMS 0x0000000704500000, 0x0000000704500000|
|  70|0x0000000704600000, 0x0000000704600000, 0x0000000704700000|  0%| F|  |TS  0|AC  0|TAMS 0x0000000704600000, 0x0000000704600000|
|  71|0x0000000704700000, 0x0000000704700000, 0x0000000704800000|  0%| F|  |TS  0|AC  0|TAMS 0x0000000704700000, 0x0000000704700000|
|  72|0x0000000704800000, 0x0000000704800000, 0x0000000704900000|  0%| F|  |TS  0|AC  0|TAMS 0x0000000704800000, 0x0000000704800000|
|  73|0x0000000704900000, 0x0000000704900000, 0x0000000704a00000|  0%| F|  |TS  0|AC  0|TAMS 0x0000000704900000, 0x0000000704900000|
|  74|0x0000000704a00000, 0x0000000704a00000, 0x0000000704b00000|  0%| F|  |TS  0|AC  0|TAMS 0x0000000704a00000, 0x0000000704a00000|
|  75|0x0000000704b00000, 0x0000000704b00000, 0x0000000704c00000|  0%| F|  |TS  0|AC  0|TAMS 0x0000000704b00000, 0x0000000704b00000|
|  76|0x0000000704c00000, 0x0000000704c00000, 0x0000000704d00000|  0%| F|  |TS  0|AC  0|TAMS 0x0000000704c00000, 0x0000000704c00000|
|  77|0x0000000704d00000, 0x0000000704d00000, 0x0000000704e00000|  0%| F|  |TS  0|AC  0|TAMS 0x0000000704d00000, 0x0000000704d00000|
|  78|0x0000000704e00000, 0x0000000704e00000, 0x0000000704f00000|  0%| F|  |TS  0|AC  0|TAMS 0x0000000704e00000, 0x0000000704e00000|
|  79|0x0000000704f00000, 0x0000000704f00000, 0x0000000705000000|  0%| F|  |TS  0|AC  0|TAMS 0x0000000704f00000, 0x0000000704f00000|
|  80|0x0000000705000000, 0x0000000705000000, 0x0000000705100000|  0%| F|  |TS  0|AC  0|TAMS 0x0000000705000000, 0x0000000705000000|
|  81|0x0000000705100000, 0x0000000705100000, 0x0000000705200000|  0%| F|  |TS  0|AC  0|TAMS 0x0000000705100000, 0x0000000705100000|
|  82|0x0000000705200000, 0x0000000705200000, 0x0000000705300000|  0%| F|  |TS  0|AC  0|TAMS 0x0000000705200000, 0x0000000705200000|
|  83|0x0000000705300000, 0x0000000705300000, 0x0000000705400000|  0%| F|  |TS  0|AC  0|TAMS 0x0000000705300000, 0x0000000705300000|
|  84|0x0000000705400000, 0x0000000705400000, 0x0000000705500000|  0%| F|  |TS  0|AC  0|TAMS 0x0000000705400000, 0x0000000705400000|
|  85|0x0000000705500000, 0x0000000705500000, 0x0000000705600000|  0%| F|  |TS  0|AC  0|TAMS 0x0000000705500000, 0x0000000705500000|
|  86|0x0000000705600000, 0x0000000705600000, 0x0000000705700000|  0%| F|  |TS  0|AC  0|TAMS 0x0000000705600000, 0x0000000705600000|
|  87|0x0000000705700000, 0x0000000705700000, 0x0000000705800000|  0%| F|  |TS  0|AC  0|TAMS 0x0000000705700000, 0x0000000705700000|
|  88|0x0000000705800000, 0x0000000705800000, 0x0000000705900000|  0%| F|  |TS  0|AC  0|TAMS 0x0000000705800000, 0x0000000705800000|
|  89|0x0000000705900000, 0x0000000705900000, 0x0000000705a00000|  0%| F|  |TS  0|AC  0|TAMS 0x0000000705900000, 0x0000000705900000|
|  90|0x0000000705a00000, 0x0000000705a00000, 0x0000000705b00000|  0%| F|  |TS  0|AC  0|TAMS 0x0000000705a00000, 0x0000000705a00000|
|  91|0x0000000705b00000, 0x0000000705b00000, 0x0000000705c00000|  0%| F|  |TS  0|AC  0|TAMS 0x0000000705b00000, 0x0000000705b00000|
|  92|0x0000000705c00000, 0x0000000705c00000, 0x0000000705d00000|  0%| F|  |TS  0|AC  0|TAMS 0x0000000705c00000, 0x0000000705c00000|
|  93|0x0000000705d00000, 0x0000000705d00000, 0x0000000705e00000|  0%| F|  |TS  0|AC  0|TAMS 0x0000000705d00000, 0x0000000705d00000|
|  94|0x0000000705e00000, 0x0000000705e00000, 0x0000000705f00000|  0%| F|  |TS  0|AC  0|TAMS 0x0000000705e00000, 0x0000000705e00000|
|  95|0x0000000705f00000, 0x0000000705f00000, 0x0000000706000000|  0%| F|  |TS 51|AC  0|TAMS 0x0000000705f00000, 0x0000000705f00000|
|  96|0x0000000706000000, 0x0000000706075188, 0x0000000706100000| 45%| S|CS|TS 51|AC  0|TAMS 0x0000000706000000, 0x0000000706000000|
|  97|0x0000000706100000, 0x0000000706200000, 0x0000000706200000|100%| S|CS|TS 51|AC  0|TAMS 0x0000000706100000, 0x0000000706100000|
|  98|0x0000000706200000, 0x0000000706200000, 0x0000000706300000|  0%| F|  |TS 51|AC  0|TAMS 0x0000000706200000, 0x0000000706200000|
|  99|0x0000000706300000, 0x0000000706300000, 0x0000000706400000|  0%| F|  |TS 51|AC  0|TAMS 0x0000000706300000, 0x0000000706300000|
| 100|0x0000000706400000, 0x0000000706500000, 0x0000000706500000|100%| S|CS|TS 51|AC  0|TAMS 0x0000000706400000, 0x0000000706400000|
| 101|0x0000000706500000, 0x0000000706500000, 0x0000000706600000|  0%| F|  |TS 51|AC  0|TAMS 0x0000000706500000, 0x0000000706500000|
| 102|0x0000000706600000, 0x0000000706600000, 0x0000000706700000|  0%| F|  |TS 51|AC  0|TAMS 0x0000000706600000, 0x0000000706600000|
| 103|0x0000000706700000, 0x0000000706700000, 0x0000000706800000|  0%| F|  |TS 51|AC  0|TAMS 0x0000000706700000, 0x0000000706700000|
| 104|0x0000000706800000, 0x0000000706800000, 0x0000000706900000|  0%| F|  |TS 51|AC  0|TAMS 0x0000000706800000, 0x0000000706800000|
| 105|0x0000000706900000, 0x0000000706900000, 0x0000000706a00000|  0%| F|  |TS 51|AC  0|TAMS 0x0000000706900000, 0x0000000706900000|
| 106|0x0000000706a00000, 0x0000000706a00000, 0x0000000706b00000|  0%| F|  |TS 51|AC  0|TAMS 0x0000000706a00000, 0x0000000706a00000|
| 107|0x0000000706b00000, 0x0000000706b00000, 0x0000000706c00000|  0%| F|  |TS 51|AC  0|TAMS 0x0000000706b00000, 0x0000000706b00000|
| 108|0x0000000706c00000, 0x0000000706c00000, 0x0000000706d00000|  0%| F|  |TS 51|AC  0|TAMS 0x0000000706c00000, 0x0000000706c00000|
| 109|0x0000000706d00000, 0x0000000706d00000, 0x0000000706e00000|  0%| F|  |TS 51|AC  0|TAMS 0x0000000706d00000, 0x0000000706d00000|
| 110|0x0000000706e00000, 0x0000000706e00000, 0x0000000706f00000|  0%| F|  |TS 51|AC  0|TAMS 0x0000000706e00000, 0x0000000706e00000|
| 111|0x0000000706f00000, 0x0000000706f00000, 0x0000000707000000|  0%| F|  |TS 51|AC  0|TAMS 0x0000000706f00000, 0x0000000706f00000|
| 112|0x0000000707000000, 0x0000000707000000, 0x0000000707100000|  0%| F|  |TS 51|AC  0|TAMS 0x0000000707000000, 0x0000000707000000|
| 113|0x0000000707100000, 0x0000000707100000, 0x0000000707200000|  0%| F|  |TS 51|AC  0|TAMS 0x0000000707100000, 0x0000000707100000|
| 114|0x0000000707200000, 0x0000000707200000, 0x0000000707300000|  0%| F|  |TS 51|AC  0|TAMS 0x0000000707200000, 0x0000000707200000|
| 115|0x0000000707300000, 0x0000000707300000, 0x0000000707400000|  0%| F|  |TS 51|AC  0|TAMS 0x0000000707300000, 0x0000000707300000|
| 116|0x0000000707400000, 0x0000000707400000, 0x0000000707500000|  0%| F|  |TS 51|AC  0|TAMS 0x0000000707400000, 0x0000000707400000|
| 117|0x0000000707500000, 0x0000000707500000, 0x0000000707600000|  0%| F|  |TS 51|AC  0|TAMS 0x0000000707500000, 0x0000000707500000|
| 118|0x0000000707600000, 0x0000000707600000, 0x0000000707700000|  0%| F|  |TS 51|AC  0|TAMS 0x0000000707600000, 0x0000000707600000|
| 119|0x0000000707700000, 0x0000000707700000, 0x0000000707800000|  0%| F|  |TS 51|AC  0|TAMS 0x0000000707700000, 0x0000000707700000|
| 120|0x0000000707800000, 0x0000000707800000, 0x0000000707900000|  0%| F|  |TS 51|AC  0|TAMS 0x0000000707800000, 0x0000000707800000|
| 121|0x0000000707900000, 0x0000000707900000, 0x0000000707a00000|  0%| F|  |TS 51|AC  0|TAMS 0x0000000707900000, 0x0000000707900000|
| 122|0x0000000707a00000, 0x0000000707a00000, 0x0000000707b00000|  0%| F|  |TS 51|AC  0|TAMS 0x0000000707a00000, 0x0000000707a00000|
| 123|0x0000000707b00000, 0x0000000707b00000, 0x0000000707c00000|  0%| F|  |TS 51|AC  0|TAMS 0x0000000707b00000, 0x0000000707b00000|
| 124|0x0000000707c00000, 0x0000000707c00000, 0x0000000707d00000|  0%| F|  |TS 51|AC  0|TAMS 0x0000000707c00000, 0x0000000707c00000|
| 125|0x0000000707d00000, 0x0000000707d00000, 0x0000000707e00000|  0%| F|  |TS 51|AC  0|TAMS 0x0000000707d00000, 0x0000000707d00000|
| 126|0x0000000707e00000, 0x0000000707e00000, 0x0000000707f00000|  0%| F|  |TS 51|AC  0|TAMS 0x0000000707e00000, 0x0000000707e00000|
| 127|0x0000000707f00000, 0x0000000707f00000, 0x0000000708000000|  0%| F|  |TS 51|AC  0|TAMS 0x0000000707f00000, 0x0000000707f00000|
| 128|0x0000000708000000, 0x0000000708000000, 0x0000000708100000|  0%| F|  |TS 51|AC  0|TAMS 0x0000000708000000, 0x0000000708000000|
| 129|0x0000000708100000, 0x0000000708200000, 0x0000000708200000|100%| E|  |TS 51|AC  0|TAMS 0x0000000708100000, 0x0000000708100000|
| 130|0x0000000708200000, 0x0000000708300000, 0x0000000708300000|100%| E|CS|TS 51|AC  0|TAMS 0x0000000708200000, 0x0000000708200000|
| 131|0x0000000708300000, 0x0000000708400000, 0x0000000708400000|100%| E|CS|TS 51|AC  0|TAMS 0x0000000708300000, 0x0000000708300000|
| 132|0x0000000708400000, 0x0000000708500000, 0x0000000708500000|100%| E|CS|TS 51|AC  0|TAMS 0x0000000708400000, 0x0000000708400000|
| 133|0x0000000708500000, 0x0000000708600000, 0x0000000708600000|100%| E|CS|TS 51|AC  0|TAMS 0x0000000708500000, 0x0000000708500000|
| 134|0x0000000708600000, 0x0000000708700000, 0x0000000708700000|100%| E|CS|TS 51|AC  0|TAMS 0x0000000708600000, 0x0000000708600000|
| 135|0x0000000708700000, 0x0000000708800000, 0x0000000708800000|100%| E|CS|TS 51|AC  0|TAMS 0x0000000708700000, 0x0000000708700000|
| 136|0x0000000708800000, 0x0000000708900000, 0x0000000708900000|100%| E|CS|TS 51|AC  0|TAMS 0x0000000708800000, 0x0000000708800000|
| 137|0x0000000708900000, 0x0000000708a00000, 0x0000000708a00000|100%| E|CS|TS 51|AC  0|TAMS 0x0000000708900000, 0x0000000708900000|
| 138|0x0000000708a00000, 0x0000000708b00000, 0x0000000708b00000|100%| E|CS|TS 51|AC  0|TAMS 0x0000000708a00000, 0x0000000708a00000|
| 139|0x0000000708b00000, 0x0000000708c00000, 0x0000000708c00000|100%| E|CS|TS 51|AC  0|TAMS 0x0000000708b00000, 0x0000000708b00000|
| 140|0x0000000708c00000, 0x0000000708d00000, 0x0000000708d00000|100%| E|CS|TS 51|AC  0|TAMS 0x0000000708c00000, 0x0000000708c00000|
| 141|0x0000000708d00000, 0x0000000708e00000, 0x0000000708e00000|100%| E|CS|TS 51|AC  0|TAMS 0x0000000708d00000, 0x0000000708d00000|
| 142|0x0000000708e00000, 0x0000000708f00000, 0x0000000708f00000|100%| E|CS|TS 51|AC  0|TAMS 0x0000000708e00000, 0x0000000708e00000|
| 143|0x0000000708f00000, 0x0000000709000000, 0x0000000709000000|100%| E|CS|TS 51|AC  0|TAMS 0x0000000708f00000, 0x0000000708f00000|
| 144|0x0000000709000000, 0x0000000709100000, 0x0000000709100000|100%| E|CS|TS 51|AC  0|TAMS 0x0000000709000000, 0x0000000709000000|
| 145|0x0000000709100000, 0x0000000709200000, 0x0000000709200000|100%| E|CS|TS 51|AC  0|TAMS 0x0000000709100000, 0x0000000709100000|
| 146|0x0000000709200000, 0x0000000709300000, 0x0000000709300000|100%| E|CS|TS 51|AC  0|TAMS 0x0000000709200000, 0x0000000709200000|
| 147|0x0000000709300000, 0x0000000709400000, 0x0000000709400000|100%| E|CS|TS 51|AC  0|TAMS 0x0000000709300000, 0x0000000709300000|
| 148|0x0000000709400000, 0x0000000709500000, 0x0000000709500000|100%| E|CS|TS 51|AC  0|TAMS 0x0000000709400000, 0x0000000709400000|
| 149|0x0000000709500000, 0x0000000709600000, 0x0000000709600000|100%| E|CS|TS 51|AC  0|TAMS 0x0000000709500000, 0x0000000709500000|
| 150|0x0000000709600000, 0x0000000709700000, 0x0000000709700000|100%| E|CS|TS 51|AC  0|TAMS 0x0000000709600000, 0x0000000709600000|
| 151|0x0000000709700000, 0x0000000709800000, 0x0000000709800000|100%| E|CS|TS 51|AC  0|TAMS 0x0000000709700000, 0x0000000709700000|
| 152|0x0000000709800000, 0x0000000709900000, 0x0000000709900000|100%| E|CS|TS 51|AC  0|TAMS 0x0000000709800000, 0x0000000709800000|
| 153|0x0000000709900000, 0x0000000709a00000, 0x0000000709a00000|100%| E|CS|TS 51|AC  0|TAMS 0x0000000709900000, 0x0000000709900000|
| 154|0x0000000709a00000, 0x0000000709b00000, 0x0000000709b00000|100%| E|CS|TS 51|AC  0|TAMS 0x0000000709a00000, 0x0000000709a00000|
| 155|0x0000000709b00000, 0x0000000709c00000, 0x0000000709c00000|100%| E|CS|TS 51|AC  0|TAMS 0x0000000709b00000, 0x0000000709b00000|
| 156|0x0000000709c00000, 0x0000000709d00000, 0x0000000709d00000|100%| E|CS|TS 51|AC  0|TAMS 0x0000000709c00000, 0x0000000709c00000|
| 157|0x0000000709d00000, 0x0000000709e00000, 0x0000000709e00000|100%| E|CS|TS 51|AC  0|TAMS 0x0000000709d00000, 0x0000000709d00000|

Card table byte_map: [0x000002ce6c660000,0x000002ce6cc60000] byte_map_base: 0x000002ce68e60000

Marking Bits (Prev, Next): (CMBitMap*) 0x000002ce51e4b968, (CMBitMap*) 0x000002ce51e4b930
 Prev Bits: [0x000002ce70260000, 0x000002ce73260000)
 Next Bits: [0x000002ce6d260000, 0x000002ce70260000)

Polling page: 0x000002ce4ac00000

CodeHeap 'non-profiled nmethods': size=120000Kb used=13852Kb max_used=13852Kb free=106147Kb
 bounds [0x000002ce64530000, 0x000002ce652c0000, 0x000002ce6ba60000]
CodeHeap 'profiled nmethods': size=120000Kb used=35096Kb max_used=35096Kb free=84903Kb
 bounds [0x000002ce5d000000, 0x000002ce5f310000, 0x000002ce64530000]
CodeHeap 'non-nmethods': size=5760Kb used=1711Kb max_used=1767Kb free=4048Kb
 bounds [0x000002ce5ca60000, 0x000002ce5ccd0000, 0x000002ce5d000000]
 total_blobs=22126 nmethods=13095 adapters=1016
 compilation: enabled

Compilation events (10 events):
Event: 655.536 Thread 0x000002ce5099e000 15336       4       javax.swing.text.html.parser.Parser::handleText (269 bytes)
Event: 655.590 Thread 0x000002ce5099f800 nmethod 15337 0x000002ce5dfff990 code [0x000002ce5dfffb80, 0x000002ce5dffff80]
Event: 655.619 Thread 0x000002ce5099f800 15338       1       ui.views.cz::YI (5 bytes)
Event: 655.625 Thread 0x000002ce5099f800 nmethod 15338 0x000002ce652b6010 code [0x000002ce652b61c0, 0x000002ce652b62d8]
Event: 655.648 Thread 0x000002ce5099f800 15339       3       javax.swing.plaf.synth.SynthRootPaneUI::updateStyle (50 bytes)
Event: 655.680 Thread 0x000002ce5099f800 nmethod 15339 0x000002ce5e008390 code [0x000002ce5e008600, 0x000002ce5e009120]
Event: 655.697 Thread 0x000002ce5099e000 nmethod 15336 0x000002ce652b6390 code [0x000002ce652b6640, 0x000002ce652b8750]
Event: 655.697 Thread 0x000002ce5099e000 15340       4       com.jidesoft.plaf.basic.BasicJideTabbedPaneUI::calculateTabWidth (449 bytes)
Event: 655.729 Thread 0x000002ce5099f800 15341       1       javax.swing.plaf.basic.BasicTreeUI::getRowX (12 bytes)
Event: 655.729 Thread 0x000002ce5099f800 nmethod 15341 0x000002ce652b9710 code [0x000002ce652b98c0, 0x000002ce652b99d8]

GC Heap History (10 events):
Event: 525.588 GC heap before
{Heap before GC invocations=46 (full 2):
 garbage-first heap   total 161792K, used 122558K [0x0000000700000000, 0x00000007001004f0, 0x00000007c0000000)
  region size 1024K, 60 young (61440K), 2 survivors (2048K)
 Metaspace       used 70908K, capacity 75699K, committed 75952K, reserved 1114112K
  class space    used 9762K, capacity 10610K, committed 10672K, reserved 1048576K
}
Event: 525.591 GC heap after
{Heap after GC invocations=47 (full 2):
 garbage-first heap   total 161792K, used 63411K [0x0000000700000000, 0x00000007001004f0, 0x00000007c0000000)
  region size 1024K, 2 young (2048K), 2 survivors (2048K)
 Metaspace       used 70908K, capacity 75699K, committed 75952K, reserved 1114112K
  class space    used 9762K, capacity 10610K, committed 10672K, reserved 1048576K
}
Event: 528.561 GC heap before
{Heap before GC invocations=47 (full 2):
 garbage-first heap   total 161792K, used 122803K [0x0000000700000000, 0x00000007001004f0, 0x00000007c0000000)
  region size 1024K, 60 young (61440K), 2 survivors (2048K)
 Metaspace       used 71369K, capacity 76225K, committed 76336K, reserved 1114112K
  class space    used 9840K, capacity 10721K, committed 10800K, reserved 1048576K
}
Event: 528.565 GC heap after
{Heap after GC invocations=48 (full 2):
 garbage-first heap   total 161792K, used 63979K [0x0000000700000000, 0x00000007001004f0, 0x00000007c0000000)
  region size 1024K, 3 young (3072K), 3 survivors (3072K)
 Metaspace       used 71369K, capacity 76225K, committed 76336K, reserved 1114112K
  class space    used 9840K, capacity 10721K, committed 10800K, reserved 1048576K
}
Event: 580.205 GC heap before
{Heap before GC invocations=48 (full 2):
 garbage-first heap   total 161792K, used 122347K [0x0000000700000000, 0x00000007001004f0, 0x00000007c0000000)
  region size 1024K, 60 young (61440K), 3 survivors (3072K)
 Metaspace       used 71442K, capacity 76289K, committed 76592K, reserved 1116160K
  class space    used 9840K, capacity 10721K, committed 10800K, reserved 1048576K
}
Event: 580.228 GC heap after
{Heap after GC invocations=49 (full 2):
 garbage-first heap   total 161792K, used 63848K [0x0000000700000000, 0x00000007001004f0, 0x00000007c0000000)
  region size 1024K, 3 young (3072K), 3 survivors (3072K)
 Metaspace       used 71442K, capacity 76289K, committed 76592K, reserved 1116160K
  class space    used 9840K, capacity 10721K, committed 10800K, reserved 1048576K
}
Event: 639.245 GC heap before
{Heap before GC invocations=49 (full 2):
 garbage-first heap   total 161792K, used 122216K [0x0000000700000000, 0x00000007001004f0, 0x00000007c0000000)
  region size 1024K, 60 young (61440K), 3 survivors (3072K)
 Metaspace       used 71458K, capacity 76289K, committed 76592K, reserved 1116160K
  class space    used 9840K, capacity 10721K, committed 10800K, reserved 1048576K
}
Event: 639.288 GC heap after
{Heap after GC invocations=50 (full 2):
 garbage-first heap   total 161792K, used 63919K [0x0000000700000000, 0x00000007001004f0, 0x00000007c0000000)
  region size 1024K, 3 young (3072K), 3 survivors (3072K)
 Metaspace       used 71458K, capacity 76289K, committed 76592K, reserved 1116160K
  class space    used 9840K, capacity 10721K, committed 10800K, reserved 1048576K
}
Event: 652.147 GC heap before
{Heap before GC invocations=50 (full 2):
 garbage-first heap   total 161792K, used 122287K [0x0000000700000000, 0x00000007001004f0, 0x00000007c0000000)
  region size 1024K, 60 young (61440K), 3 survivors (3072K)
 Metaspace       used 71491K, capacity 76417K, committed 76592K, reserved 1116160K
  class space    used 9841K, capacity 10721K, committed 10800K, reserved 1048576K
}
Event: 652.192 GC heap after
{Heap after GC invocations=51 (full 2):
 garbage-first heap   total 161792K, used 63948K [0x0000000700000000, 0x00000007001004f0, 0x00000007c0000000)
  region size 1024K, 3 young (3072K), 3 survivors (3072K)
 Metaspace       used 71491K, capacity 76417K, committed 76592K, reserved 1116160K
  class space    used 9841K, capacity 10721K, committed 10800K, reserved 1048576K
}

Deoptimization events (10 events):
Event: 528.583 Thread 0x000002ce509ac000 Uncommon trap: reason=unstable_if action=reinterpret pc=0x000002ce649e3e80 method=de.javasoft.plaf.synthetica.painter.AnimationThreadFactory$AnimationThread.run()V @ 55 c2
Event: 528.858 Thread 0x000002ce55931800 Uncommon trap: reason=unstable_if action=reinterpret pc=0x000002ce64bc565c method=java.util.HashMap$HashIterator.<init>(Ljava/util/HashMap;)V @ 45 c2
Event: 528.864 Thread 0x000002ce55931800 Uncommon trap: reason=unstable_if action=reinterpret pc=0x000002ce64600b3c method=java.util.HashMap$HashIterator.<init>(Ljava/util/HashMap;)V @ 45 c2
Event: 530.293 Thread 0x000002ce55931800 Uncommon trap: reason=unstable_if action=reinterpret pc=0x000002ce649db908 method=ui.data.common.M.a(Lui/data/common/L;)V @ 52 c2
Event: 531.125 Thread 0x000002ce02f49000 Uncommon trap: reason=unstable_if action=reinterpret pc=0x000002ce649827e0 method=java.awt.Component.imageUpdate(Ljava/awt/Image;IIIII)Z @ 7 c2
Event: 532.529 Thread 0x000002ce55931800 Uncommon trap: reason=class_check action=maybe_recompile pc=0x000002ce648c610c method=sun.awt.image.ImageWatched$WeakLink.isWatcher(Ljava/awt/image/ImageObserver;)Z @ 16 c2
Event: 635.697 Thread 0x000002ce55931800 Uncommon trap: reason=unstable_if action=reinterpret pc=0x000002ce64ba0584 method=java.lang.AbstractStringBuilder.appendChars([CII)V @ 43 c2
Event: 639.289 Thread 0x000002ce509ac800 Uncommon trap: reason=null_check action=make_not_entrant pc=0x000002ce6522db9c method=de.javasoft.plaf.synthetica.painter.AnimationThreadFactory$AnimationThread.run()V @ 116 c2
Event: 639.540 Thread 0x000002ce02f4b800 Uncommon trap: reason=unstable_if action=reinterpret pc=0x000002ce65220e00 method=ui.utils.lnf.b.run()V @ 168 c2
Event: 639.579 Thread 0x000002ce55931800 Uncommon trap: reason=class_check action=maybe_recompile pc=0x000002ce648c610c method=sun.awt.image.ImageWatched$WeakLink.isWatcher(Ljava/awt/image/ImageObserver;)Z @ 16 c2

Classes redefined (0 events):
No events

Internal exceptions (10 events):
Event: 518.237 Thread 0x000002ce55931800 Implicit null exception at 0x000002ce64ba0c42 to 0x000002ce64ba0e86
Event: 526.713 Thread 0x000002ce55931800 Implicit null exception at 0x000002ce650d9146 to 0x000002ce650dcf29
Event: 526.727 Thread 0x000002ce55931800 Exception <a 'java/lang/NoSuchMethodError'{0x0000000708bc75d8}: java.lang.invoke.DirectMethodHandle$Holder.invokeSpecial(Ljava/lang/Object;Ljava/lang/Object;IIILjava/lang/Object;Ljava/lang/Object;Ljava/lang/Object;ILjava/lang/Object;)Ljava/lang/Object;> (
Event: 526.727 Thread 0x000002ce55931800 Exception <a 'java/lang/NoSuchMethodError'{0x0000000708bcb288}: java.lang.invoke.DelegatingMethodHandle$Holder.reinvoke_L(Ljava/lang/Object;IIILjava/lang/Object;Ljava/lang/Object;Ljava/lang/Object;ILjava/lang/Object;)Ljava/lang/Object;> (0x0000000708bcb28
Event: 526.729 Thread 0x000002ce55931800 Exception <a 'java/lang/NoSuchMethodError'{0x0000000708a2c0b8}: method resolution failed> (0x0000000708a2c0b8) thrown at [t:/workspace/hotspot/src/share/vm/prims/methodHandles.cpp, line 1256]
Event: 526.729 Thread 0x000002ce55931800 Exception <a 'java/lang/NoSuchMethodError'{0x0000000708a3abb8}: method resolution failed> (0x0000000708a3abb8) thrown at [t:/workspace/hotspot/src/share/vm/prims/methodHandles.cpp, line 1256]
Event: 526.730 Thread 0x000002ce55931800 Exception <a 'java/lang/NoSuchMethodError'{0x0000000708a3e898}: java.lang.invoke.DelegatingMethodHandle$Holder.reinvoke_L(Ljava/lang/Object;Ljava/lang/Object;Ljava/lang/Object;Ljava/lang/Object;ILjava/lang/Object;)Ljava/lang/Object;> (0x0000000708a3e898) 
Event: 526.767 Thread 0x000002ce55931800 Implicit null exception at 0x000002ce647cabbb to 0x000002ce647cb925
Event: 526.767 Thread 0x000002ce55931800 Implicit null exception at 0x000002ce64665d2b to 0x000002ce64666e79
Event: 639.289 Thread 0x000002ce509ac800 Implicit null exception at 0x000002ce6522bab4 to 0x000002ce6522db85

Events (10 events):
Event: 652.097 Executing VM operation: G1IncCollectionPause
Event: 652.192 Executing VM operation: G1IncCollectionPause done
Event: 652.294 Thread 0x000002ce02f47800 Thread added: 0x000002ce02f47800
Event: 652.299 Thread 0x000002ce02f47800 Thread exited: 0x000002ce02f47800
Event: 652.969 Thread 0x000002ce02f4a000 Thread added: 0x000002ce02f4a000
Event: 652.977 Thread 0x000002ce02f4a000 Thread exited: 0x000002ce02f4a000
Event: 653.969 Thread 0x000002ce02f4e800 Thread added: 0x000002ce02f4e800
Event: 653.974 Thread 0x000002ce02f4e800 Thread exited: 0x000002ce02f4e800
Event: 654.969 Thread 0x000002ce02f47800 Thread added: 0x000002ce02f47800
Event: 654.973 Thread 0x000002ce02f47800 Thread exited: 0x000002ce02f47800


Dynamic libraries:
0x00007ff70fce0000 - 0x00007ff70fd10000 	F:\XILINX\Vivado\2019.1\bin\unwrapped\win64.o\vivado.exe
0x00007ffe58c10000 - 0x00007ffe58e27000 	C:\WINDOWS\SYSTEM32\ntdll.dll
0x00007ffe58920000 - 0x00007ffe589e4000 	C:\WINDOWS\System32\KERNEL32.DLL
0x00007ffe55f60000 - 0x00007ffe56332000 	C:\WINDOWS\System32\KERNELBASE.dll
0x00007ffe51620000 - 0x00007ffe516b7000 	C:\WINDOWS\SYSTEM32\apphelp.dll
0x00007ffe55dc0000 - 0x00007ffe55ed1000 	C:\WINDOWS\System32\ucrtbase.dll
0x00007ffe143b0000 - 0x00007ffe1443d000 	C:\WINDOWS\SYSTEM32\MSVCP140.dll
0x00007ffe3f910000 - 0x00007ffe3f92e000 	C:\WINDOWS\SYSTEM32\VCRUNTIME140.dll
0x00007ffe4c010000 - 0x00007ffe4c01c000 	C:\WINDOWS\SYSTEM32\VCRUNTIME140_1.dll
0x00007ffe287d0000 - 0x00007ffe287e4000 	F:\XILINX\Vivado\2019.1\lib\win64.o\libboost_signals.dll
0x00007ffe27270000 - 0x00007ffe27284000 	F:\XILINX\Vivado\2019.1\lib\win64.o\librdi_commonmain.dll
0x00007ffde89a0000 - 0x00007ffde9882000 	F:\XILINX\Vivado\2019.1\lib\win64.o\librdi_common.dll
0x00007ffe57a00000 - 0x00007ffe57bb1000 	C:\WINDOWS\System32\USER32.dll
0x00007ffe56870000 - 0x00007ffe56896000 	C:\WINDOWS\System32\win32u.dll
0x00007ffe56ad0000 - 0x00007ffe56af9000 	C:\WINDOWS\System32\GDI32.dll
0x00007ffe56600000 - 0x00007ffe56723000 	C:\WINDOWS\System32\gdi32full.dll
0x00007ffe56370000 - 0x00007ffe5640a000 	C:\WINDOWS\System32\msvcp_win.dll
0x00007ffe57fb0000 - 0x00007ffe58061000 	C:\WINDOWS\System32\ADVAPI32.dll
0x00007ffe57f00000 - 0x00007ffe57fa7000 	C:\WINDOWS\System32\msvcrt.dll
0x00007ffe57930000 - 0x00007ffe579d8000 	C:\WINDOWS\System32\sechost.dll
0x00007ffe56340000 - 0x00007ffe56368000 	C:\WINDOWS\System32\bcrypt.dll
0x00007ffe569b0000 - 0x00007ffe56ac4000 	C:\WINDOWS\System32\RPCRT4.dll
0x00007ffe22650000 - 0x00007ffe22676000 	F:\XILINX\Vivado\2019.1\lib\win64.o\libboost_filesystem.dll
0x00007ffe58070000 - 0x00007ffe58912000 	C:\WINDOWS\System32\SHELL32.dll
0x00007ffe56730000 - 0x00007ffe5686f000 	C:\WINDOWS\System32\wintypes.dll
0x00007ffe56b00000 - 0x00007ffe56e93000 	C:\WINDOWS\System32\combase.dll
0x00007ffe460f0000 - 0x00007ffe460fa000 	F:\XILINX\Vivado\2019.1\lib\win64.o\librdi_commonversion.dll
0x00007ffdea630000 - 0x00007ffdea751000 	F:\XILINX\Vivado\2019.1\lib\win64.o\librdi_commonxillic.dll
0x000000005d5f0000 - 0x000000005d71b000 	F:\XILINX\Vivado\2019.1\lib\win64.o\tcl85t.dll
0x00007ffe578b0000 - 0x00007ffe57921000 	C:\WINDOWS\System32\WS2_32.dll
0x00007ffdea2c0000 - 0x00007ffdea62e000 	F:\XILINX\Vivado\2019.1\lib\win64.o\libCOIN-all.dll
0x00007ffe26dc0000 - 0x00007ffe26dd4000 	F:\XILINX\Vivado\2019.1\lib\win64.o\libboost_date_time.dll
0x00007ffe12e70000 - 0x00007ffe12eef000 	F:\XILINX\Vivado\2019.1\lib\win64.o\libboost_program_options.dll
0x00007ffde8880000 - 0x00007ffde8994000 	F:\XILINX\Vivado\2019.1\lib\win64.o\libboost_regex.dll
0x00007ffe367e0000 - 0x00007ffe367eb000 	F:\XILINX\Vivado\2019.1\lib\win64.o\libboost_system.dll
0x00007ffe19420000 - 0x00007ffe19441000 	F:\XILINX\Vivado\2019.1\lib\win64.o\libboost_thread.dll
0x00007ffe32280000 - 0x00007ffe3228f000 	F:\XILINX\Vivado\2019.1\lib\win64.o\libboost_xilinx.dll
0x00007ffded620000 - 0x00007ffded6a2000 	F:\XILINX\Vivado\2019.1\lib\win64.o\libhdlpsolve.dll
0x00007ffde87d0000 - 0x00007ffde8875000 	F:\XILINX\Vivado\2019.1\lib\win64.o\libhdxml.dll
0x00007ffe188c0000 - 0x00007ffe188ee000 	F:\XILINX\Vivado\2019.1\lib\win64.o\libisl_sysinfo.dll
0x00007ffdfe770000 - 0x00007ffdfe7d5000 	F:\XILINX\Vivado\2019.1\lib\win64.o\liblmx6.0.dll
0x00007ffe1e5e0000 - 0x00007ffe1e5fa000 	F:\XILINX\Vivado\2019.1\lib\win64.o\pthreadVC2.dll
0x00007ffde7c20000 - 0x00007ffde87cf400 	F:\XILINX\Vivado\2019.1\lib\win64.o\libisl_iostreams.dll
0x00007ffe19400000 - 0x00007ffe1941c000 	F:\XILINX\Vivado\2019.1\lib\win64.o\librdiconfig.dll
0x00007ffe171b0000 - 0x00007ffe171d1000 	F:\XILINX\Vivado\2019.1\lib\win64.o\librdizlib.dll
0x00007ffe44670000 - 0x00007ffe44689000 	C:\WINDOWS\SYSTEM32\NETAPI32.dll
0x00007ffe440a0000 - 0x00007ffe4459e000 	C:\WINDOWS\SYSTEM32\WININET.dll
0x0000000012000000 - 0x0000000012270000 	F:\XILINX\Vivado\2019.1\lib\win64.o\xerces-c_3_1.dll
0x00007ffe49b10000 - 0x00007ffe49d05000 	C:\WINDOWS\SYSTEM32\urlmon.dll
0x00007ffe4f6e0000 - 0x00007ffe4f80c000 	C:\WINDOWS\SYSTEM32\WINHTTP.dll
0x00007ffe30e40000 - 0x00007ffe30e49000 	C:\WINDOWS\SYSTEM32\WSOCK32.dll
0x00007ffe15030000 - 0x00007ffe15061000 	C:\WINDOWS\SYSTEM32\VCOMP140.DLL
0x00007ffde50e0000 - 0x00007ffde5f71000 	F:\XILINX\Vivado\2019.1\lib\win64.o\gurobi65.dll
0x00007ffde7940000 - 0x00007ffde7c18000 	F:\XILINX\Vivado\2019.1\lib\win64.o\libXil_lmgr11.dll
0x00007ffe57d60000 - 0x00007ffe57e65000 	C:\WINDOWS\System32\COMDLG32.dll
0x00007ffe568a0000 - 0x00007ffe569ac000 	C:\WINDOWS\System32\shcore.dll
0x00007ffe56f90000 - 0x00007ffe56ff9000 	C:\WINDOWS\System32\SHLWAPI.dll
0x00007ffe57010000 - 0x00007ffe570e7000 	C:\WINDOWS\System32\OLEAUT32.dll
0x00007ffe57bc0000 - 0x00007ffe57d60000 	C:\WINDOWS\System32\ole32.dll
0x00007ffe56580000 - 0x00007ffe565fc000 	C:\WINDOWS\System32\WINTRUST.dll
0x00007ffe56410000 - 0x00007ffe56577000 	C:\WINDOWS\System32\CRYPT32.dll
0x00007ffe2c710000 - 0x00007ffe2c71d000 	F:\XILINX\Vivado\2019.1\lib\win64.o\libboost_chrono.dll
0x00007ffe19390000 - 0x00007ffe193ab000 	F:\XILINX\Vivado\2019.1\lib\win64.o\libboost_iostreams.dll
0x00007ffe3e490000 - 0x00007ffe3e74f000 	C:\WINDOWS\SYSTEM32\iertutil.dll
0x00007ffe47d10000 - 0x00007ffe47d38000 	C:\WINDOWS\SYSTEM32\srvcli.dll
0x00007ffe15330000 - 0x00007ffe15355000 	F:\XILINX\Vivado\2019.1\lib\win64.o\libisl_iosutils.dll
0x00007ffe53500000 - 0x00007ffe53e1d000 	C:\WINDOWS\SYSTEM32\windows.storage.dll
0x00007ffe54070000 - 0x00007ffe5407c000 	C:\WINDOWS\SYSTEM32\netutils.dll
0x00007ffe23cc0000 - 0x00007ffe23d73000 	C:\WINDOWS\WinSxS\amd64_microsoft.windows.common-controls_6595b64144ccf1df_5.82.22621.5413_none_b43a8de9638d9f5d\COMCTL32.dll
0x00007ffe4f3b0000 - 0x00007ffe4f3cf000 	C:\WINDOWS\SYSTEM32\dhcpcsvc.DLL
0x00007ffe58b90000 - 0x00007ffe58bc1000 	C:\WINDOWS\System32\IMM32.DLL
0x00007ffe54cd0000 - 0x00007ffe54ce2000 	C:\WINDOWS\SYSTEM32\MSASN1.dll
0x00007ffe54600000 - 0x00007ffe54618000 	C:\WINDOWS\SYSTEM32\kernel.appcore.dll
0x00007ffde7420000 - 0x00007ffde7937000 	F:\XILINX\Vivado\2019.1\lib\win64.o\librdi_commontasks.dll
0x00007ffe4e1b0000 - 0x00007ffe4e1ba000 	C:\WINDOWS\SYSTEM32\VERSION.dll
0x000000005cbc0000 - 0x000000005d5e5000 	F:\XILINX\Vivado\2019.1\tps\win64\jre9.0.4\bin\server\jvm.dll
0x00007ffe57570000 - 0x00007ffe57578000 	C:\WINDOWS\System32\PSAPI.DLL
0x00007ffde7190000 - 0x00007ffde7416000 	F:\XILINX\Vivado\2019.1\lib\win64.o\librdi_sio.dll
0x00007ffe4fbd0000 - 0x00007ffe4fc04000 	C:\WINDOWS\SYSTEM32\WINMM.dll
0x00007ffe54080000 - 0x00007ffe540ad000 	C:\WINDOWS\SYSTEM32\IPHLPAPI.DLL
0x00007ffe54a40000 - 0x00007ffe54aa9000 	C:\WINDOWS\SYSTEM32\MSWSOCK.DLL
0x00007ffde70a0000 - 0x00007ffde718f000 	C:\WINDOWS\SYSTEM32\MSVCR120.dll
0x00007ffde2c20000 - 0x00007ffde50dc000 	F:\XILINX\Vivado\2019.1\lib\win64.o\librdi_tcltasks.dll
0x00007ffde6f00000 - 0x00007ffde7091000 	F:\XILINX\Vivado\2019.1\lib\win64.o\librdi_board.dll
0x00007ffde2810000 - 0x00007ffde2c18000 	F:\XILINX\Vivado\2019.1\lib\win64.o\librdi_bitstream.dll
0x00007ffde2720000 - 0x00007ffde280b000 	F:\XILINX\Vivado\2019.1\lib\win64.o\librdi_chipscope.dll
0x00007ffde23a0000 - 0x00007ffde255d000 	F:\XILINX\Vivado\2019.1\lib\win64.o\librdi_chipscopeimpl.dll
0x00007ffde6e80000 - 0x00007ffde6ef8000 	F:\XILINX\Vivado\2019.1\lib\win64.o\librdi_boarddep.dll
0x00007ffdbc3d0000 - 0x00007ffdbddba000 	F:\XILINX\Vivado\2019.1\lib\win64.o\librdi_constraints.dll
0x00007ffde25c0000 - 0x00007ffde2716000 	F:\XILINX\Vivado\2019.1\lib\win64.o\librdi_containers.dll
0x00007ffdba510000 - 0x00007ffdbc3c1000 	F:\XILINX\Vivado\2019.1\lib\win64.o\librdi_coregen.dll
0x00007ffdb64c0000 - 0x00007ffdba503000 	F:\XILINX\Vivado\2019.1\lib\win64.o\librdi_designutils.dll
0x00007ffddf720000 - 0x00007ffddfdfa000 	F:\XILINX\Vivado\2019.1\lib\win64.o\librdi_coregenipxact.dll
0x00007ffde1590000 - 0x00007ffde1654000 	F:\XILINX\Vivado\2019.1\lib\win64.o\librdi_dsp.dll
0x00007ffdde990000 - 0x00007ffddef2a000 	F:\XILINX\Vivado\2019.1\lib\win64.o\librdi_drc.dll
0x00007ffde0c70000 - 0x00007ffde0f8e000 	F:\XILINX\Vivado\2019.1\lib\win64.o\librdi_dlyest.dll
0x00007ffda4090000 - 0x00007ffdb64bc000 	F:\XILINX\Vivado\2019.1\lib\win64.o\librdi_device.dll
0x00007ffdde340000 - 0x00007ffdde98d000 	F:\XILINX\Vivado\2019.1\lib\win64.o\librdi_filemgmt.dll
0x00007ffdfe4c0000 - 0x00007ffdfe525000 	F:\XILINX\Vivado\2019.1\lib\win64.o\librdi_hdf.dll
0x00007ffde06e0000 - 0x00007ffde09c3000 	F:\XILINX\Vivado\2019.1\lib\win64.o\librdi_guitools.dll
0x00007ffdd7820000 - 0x00007ffdd8de0000 	F:\XILINX\Vivado\2019.1\lib\win64.o\librdi_implflow.dll
0x00007ffde6e00000 - 0x00007ffde6e73000 	F:\XILINX\Vivado\2019.1\lib\win64.o\librdi_memoryarray.dll
0x00007ffdddd20000 - 0x00007ffdde335000 	F:\XILINX\Vivado\2019.1\lib\win64.o\librdi_memdata.dll
0x00007ffdfdc20000 - 0x00007ffdfdc6b000 	F:\XILINX\Vivado\2019.1\lib\win64.o\librdi_pfi.dll
0x00007ffda0cf0000 - 0x00007ffda1392000 	F:\XILINX\Vivado\2019.1\lib\win64.o\librdi_netlist.dll
0x00007ffda13a0000 - 0x00007ffda4086000 	F:\XILINX\Vivado\2019.1\lib\win64.o\librdi_mig.dll
0x00007ffd9e670000 - 0x00007ffda0ce6000 	F:\XILINX\Vivado\2019.1\lib\win64.o\librdi_place.dll
0x00007ffddf410000 - 0x00007ffddf71f000 	F:\XILINX\Vivado\2019.1\lib\win64.o\librdi_platform.dll
0x00007ffd9df20000 - 0x00007ffd9e66a000 	F:\XILINX\Vivado\2019.1\lib\win64.o\librdi_power.dll
0x00007ffddd7a0000 - 0x00007ffdddd1f000 	F:\XILINX\Vivado\2019.1\lib\win64.o\librdi_project.dll
0x00007ffd9d810000 - 0x00007ffd9df19000 	F:\XILINX\Vivado\2019.1\lib\win64.o\librdi_psta.dll
0x00007ffd9d100000 - 0x00007ffd9d806000 	F:\XILINX\Vivado\2019.1\lib\win64.o\librdi_rsb.dll
0x00007ffd9cd00000 - 0x00007ffd9d0f1000 	F:\XILINX\Vivado\2019.1\lib\win64.o\librdi_runs.dll
0x00007ffde1490000 - 0x00007ffde158a000 	F:\XILINX\Vivado\2019.1\lib\win64.o\librdi_runsbase.dll
0x00007ffdd7030000 - 0x00007ffdd7286000 	F:\XILINX\Vivado\2019.1\lib\win64.o\librdi_simdata.dll
0x00007ffd9bee0000 - 0x00007ffd9ccf1000 	F:\XILINX\Vivado\2019.1\lib\win64.o\librdi_timing.dll
0x00007ffde0af0000 - 0x00007ffde0c62000 	F:\XILINX\Vivado\2019.1\lib\win64.o\librdi_advchipscopeimpl.dll
0x00007ffdf5540000 - 0x00007ffdf558c000 	F:\XILINX\Vivado\2019.1\lib\win64.o\libboost_serialization.dll
0x00007ffdd7680000 - 0x00007ffdd781f000 	F:\XILINX\Vivado\2019.1\lib\win64.o\librdi_hip_devdesign.dll
0x00007ffde13c0000 - 0x00007ffde1482000 	F:\XILINX\Vivado\2019.1\lib\win64.o\librdi_ipconfig_readwrite.dll
0x00007ffdf4250000 - 0x00007ffdf4293000 	F:\XILINX\Vivado\2019.1\lib\win64.o\librdi_noc_frameworks.dll
0x00007ffd9b390000 - 0x00007ffd9bed7000 	F:\XILINX\Vivado\2019.1\lib\win64.o\libverific.dll
0x00007ffd9afa0000 - 0x00007ffd9b385000 	F:\XILINX\Vivado\2019.1\lib\win64.o\librdi_hip_config.dll
0x00007ffd9aa50000 - 0x00007ffd9af9e000 	F:\XILINX\Vivado\2019.1\lib\win64.o\librdi_xdm.dll
0x00007ffd9a450000 - 0x00007ffd9aa4c000 	F:\XILINX\Vivado\2019.1\lib\win64.o\librdi_wavedata.dll
0x00007ffe13c00000 - 0x00007ffe13c40000 	F:\XILINX\Vivado\2019.1\lib\win64.o\librdi_wavedata_SimpleApi.dll
0x00007ffde0640000 - 0x00007ffde06de000 	F:\XILINX\Vivado\2019.1\lib\win64.o\libise.dll
0x00007ffdf4430000 - 0x00007ffdf446f000 	F:\XILINX\Vivado\2019.1\lib\win64.o\librdi_schedmon.dll

VM Arguments:
jvm_args: -Dsun.java2d.pmoffscreen=false -Dsun.java2d.xrender=false -Dsun.java2d.d3d=false -Dsun.awt.nopixfmt=true -Dsun.java2d.dpiaware=true -Dsun.java2d.uiScale.enabled=false -Xverify:none -Dswing.aatext=true -XX:-UsePerfData -Djdk.map.althashing.threshold=512 -XX:StringTableSize=4072 --add-opens=java.base/java.nio=ALL-UNNAMED --add-opens=java.desktop/sun.swing=ALL-UNNAMED --add-opens=java.desktop/javax.swing=ALL-UNNAMED --add-opens=java.desktop/javax.swing.tree=ALL-UNNAMED --add-opens=java.desktop/javax.swing.plaf.basic=ALL-UNNAMED --add-opens=java.desktop/javax.swing.plaf.synth=ALL-UNNAMED --add-opens=java.desktop/com.sun.awt=ALL-UNNAMED -XX:NewSize=60m -XX:MaxNewSize=60m -Xms128m -Xmx3072m -Xss5m 
java_command: <unknown>
java_class_path (initial): F:/XILINX/Vivado/2019.1\lib\classes\alloy.jar;F:/XILINX/Vivado/2019.1\lib\classes\autopilot.scelaborator.jar;F:/XILINX/Vivado/2019.1\lib\classes\autopilot.sourceprocessor.jar;F:/XILINX/Vivado/2019.1\lib\classes\autopilot.tbprocessor.jar;F:/XILINX/Vivado/2019.1\lib\classes\batik-anim.jar;F:/XILINX/Vivado/2019.1\lib\classes\batik-awt-util.jar;F:/XILINX/Vivado/2019.1\lib\classes\batik-bridge.jar;F:/XILINX/Vivado/2019.1\lib\classes\batik-codec.jar;F:/XILINX/Vivado/2019.1\lib\classes\batik-css.jar;F:/XILINX/Vivado/2019.1\lib\classes\batik-dom.jar;F:/XILINX/Vivado/2019.1\lib\classes\batik-ext.jar;F:/XILINX/Vivado/2019.1\lib\classes\batik-gui-util.jar;F:/XILINX/Vivado/2019.1\lib\classes\batik-gvt.jar;F:/XILINX/Vivado/2019.1\lib\classes\batik-parser.jar;F:/XILINX/Vivado/2019.1\lib\classes\batik-script.jar;F:/XILINX/Vivado/2019.1\lib\classes\batik-svg-dom.jar;F:/XILINX/Vivado/2019.1\lib\classes\batik-swing.jar;F:/XILINX/Vivado/2019.1\lib\classes\batik-transcoder.jar;F:/XILINX/Vivado/2019.1\lib\classes\batik-util.jar;F:/XILINX/Vivado/2019.1\lib\classes\batik-xml.jar;F:/XILINX/Vivado/2019.1\lib\classes\com.google.gson_2.7.0.v20170129-0911.jar;F:/XILINX/Vivado/2019.1\lib\classes\com.google.guava_21.0.0.v20170206-1425.jar;F:/XILINX/Vivado/2019.1\lib\classes\com.google.inject_3.0.0.v201605172100.jar;F:/XILINX/Vivado/2019.1\lib\classes\com.ibm.icu_4.4.2.v20110208.jar;F:/XILINX/Vivado/2019.1\lib\classes\com.sigasi.hdt.annotations.runtime_4.3.0.201903071210.jar;F:/XILINX/Vivado/2019.1\lib\classes\com.sigasi.hdt.blockdiagram.model_4.3.0.201903071210.jar;F:/XILINX/Vivado/2019.1\lib\classes\com.sigasi.hdt.connection_4.3.0.201903071210.jar;F:/XILINX/Vivado/2019.1\lib\classes\com.sigasi.hdt.dependencies.model_4.3.0.201903071210.jar;F:/XILINX/Vivado/2019.1\lib\classes\com.sigasi.hdt.epl_4.3.0.201903071210.jar;F:/XILINX/Vivado/2019.1\lib\classes\com.sigasi.hdt.graphics.model_4.3.0.201903071210.jar;F:/XILINX/Vivado/2019.1\lib\classes\com.sigasi.hdt.project_4.3.0
Launcher Type: generic

Logging:
Log output configuration:
#0: stdout all=warning uptime,level,tags
#1: stderr all=off uptime,level,tags

Environment Variables:
PATH=F:/XILINX/Vivado/2019.1/bin;F:/XILINX/Vivado/2019.1/lib/win64.o;F:/XILINX/Vivado/2019.1/tps/win64/jre9.0.4/bin/server;F:/XILINX/Vivado/2019.1/tps/win64/jre9.0.4/bin;F:/XILINX/SDK/2019.1/bin;F:/XILINX/Vivado/2019.1/ids_lite/ISE/bin/nt64;F:/XILINX/Vivado/2019.1/ids_lite/ISE/lib/nt64;F:\download_app\python\Scripts\;F:\download_app\python\;F:\download_app\VMware\bin\;C:\WINDOWS\system32;C:\WINDOWS;C:\WINDOWS\System32\Wbem;C:\WINDOWS\System32\WindowsPowerShell\v1.0\;C:\WINDOWS\System32\OpenSSH\;E:\MAT\runtime\win64;E:\MAT\bin;%QUARTUS_ROOTDIR%\bin;F:\download_app\git\Git\cmd;C:\Users\lenovo\AppData\Local\Microsoft\WindowsApps;;E:\FPGA\Modelsim_SE_10_5\win64;E:\Microsoft VS Code\bin;F:/XILINX/Vivado/2019.1\tps\mingw\6.2.0\win64.o\nt\bin;F:/XILINX/Vivado/2019.1\tps\mingw\6.2.0\win64.o\nt\libexec\gcc\x86_64-w64-mingw32\6.2.0;F:/XILINX/Vivado/2019.1\tps\win64\python-2.7.5;F:/XILINX/Vivado/2019.1\tps\win64\python-2.7.5\lib;F:/XILINX/Vivado/2019.1\tps\win64\python-2.7.5\Lib\lib-tk;F:/XILINX/Vivado/2019.1\tps\win64\python-2.7.5\lib\site-packages
USERNAME=lenovo
OS=Windows_NT
PROCESSOR_IDENTIFIER=Intel64 Family 6 Model 126 Stepping 5, GenuineIntel



---------------  S Y S T E M  ---------------

OS: Windows 10 , 64 bit Build 22621 (10.0.22621.5415)

CPU:total 8 (initial active 8) (4 cores per cpu, 2 threads per core) family 6 model 126 stepping 5, cmov, cx8, fxsr, mmx, sse, sse2, sse3, ssse3, sse4.1, sse4.2, popcnt, avx, avx2, aes, clmul, erms, 3dnowpref, lzcnt, ht, tsc, tscinvbit, bmi1, bmi2, adx, sha, fma

Memory: 4k page, physical 8084284k(865020k free), swap 33250108k(0k free)

vm_info: Java HotSpot(TM) 64-Bit Server VM (9.0.4+11) for windows-amd64 JRE (9.0.4+11), built on Dec 20 2017 02:18:54 by "mach5one" with MS VC++ 12.0 (VS2013)

END.
