#-----------------------------------------------------------
# Vivado v2019.1 (64-bit)
# SW Build 2552052 on Fri May 24 14:49:42 MDT 2019
# IP Build 2548770 on Fri May 24 18:01:18 MDT 2019
# Start of session at: Sat May  2 18:28:30 2026
# Process ID: 19556
# Current directory: F:/experiment/NTT/1/sum/ntt_3_tfdg_full_twiddle_4_2_sum_axi_5/ntt_1
# Command line: vivado.exe -gui_launcher_event rodinguilauncherevent24092 F:\experiment\NTT\1\sum\ntt_3_tfdg_full_twiddle_4_2_sum_axi_5\ntt_1\ntt_1.xpr
# Log file: F:/experiment/NTT/1/sum/ntt_3_tfdg_full_twiddle_4_2_sum_axi_5/ntt_1/vivado.log
# Journal file: F:/experiment/NTT/1/sum/ntt_3_tfdg_full_twiddle_4_2_sum_axi_5/ntt_1\vivado.jou
#-----------------------------------------------------------
start_gui
open_project F:/experiment/NTT/1/sum/ntt_3_tfdg_full_twiddle_4_2_sum_axi_5/ntt_1/ntt_1.xpr
Scanning sources...
Finished scanning sources
INFO: [IP_Flow 19-234] Refreshing IP repositories
INFO: [IP_Flow 19-1700] Loaded user IP repository 'f:/experiment/NTT/1/sum/ntt_3_tfdg_full_twiddle_4_2_sum_axi_5/ntt_1/ntt_ip'.
INFO: [IP_Flow 19-1700] Loaded user IP repository 'f:/experiment/NTT/1/sum/ntt_3_tfdg_full_twiddle_4_2_sum_axi_5/ntt_1/ntt_axi_accelerator_1.0'.
INFO: [IP_Flow 19-2313] Loaded Vivado IP repository 'F:/XILINX/Vivado/2019.1/data/ip'.
open_project: Time (s): cpu = 00:00:09 ; elapsed = 00:00:11 . Memory (MB): peak = 862.379 ; gain = 188.371
update_compile_order -fileset sources_1
exit
INFO: [Common 17-206] Exiting Vivado at Sat May  2 18:33:02 2026...
