#-----------------------------------------------------------
# Vivado v2019.1 (64-bit)
# SW Build 2552052 on Fri May 24 14:49:42 MDT 2019
# IP Build 2548770 on Fri May 24 18:01:18 MDT 2019
# Start of session at: Thu Apr 30 12:17:11 2026
# Process ID: 36624
# Current directory: F:/experiment/NTT/1/sum/ntt_3_tfdg_full_twiddle_4_2_sum_axi_3/ntt_1
# Command line: vivado.exe -gui_launcher_event rodinguilauncherevent38216 F:\experiment\NTT\1\sum\ntt_3_tfdg_full_twiddle_4_2_sum_axi_3\ntt_1\ntt_1.xpr
# Log file: F:/experiment/NTT/1/sum/ntt_3_tfdg_full_twiddle_4_2_sum_axi_3/ntt_1/vivado.log
# Journal file: F:/experiment/NTT/1/sum/ntt_3_tfdg_full_twiddle_4_2_sum_axi_3/ntt_1\vivado.jou
#-----------------------------------------------------------
start_gui
open_project F:/experiment/NTT/1/sum/ntt_3_tfdg_full_twiddle_4_2_sum_axi_3/ntt_1/ntt_1.xpr
INFO: [Project 1-313] Project file moved from 'F:/experiment/NTT/1/sum/ntt_3_tfdg_full_twiddle_4_2_sum_axi_1/ntt_1' since last save.
Scanning sources...
Finished scanning sources
INFO: [IP_Flow 19-234] Refreshing IP repositories
INFO: [IP_Flow 19-1700] Loaded user IP repository 'f:/experiment/NTT/1/sum/ntt_3_tfdg_full_twiddle_4_2_sum_axi_3/ntt_1/ntt_ip'.
INFO: [IP_Flow 19-1700] Loaded user IP repository 'f:/experiment/NTT/1/sum/ntt_3_tfdg_full_twiddle_4_2_sum_axi_3/ntt_1/ntt_axi_accelerator_1.0'.
INFO: [IP_Flow 19-2313] Loaded Vivado IP repository 'F:/XILINX/Vivado/2019.1/data/ip'.
open_project: Time (s): cpu = 00:00:08 ; elapsed = 00:00:10 . Memory (MB): peak = 875.527 ; gain = 204.105
update_compile_order -fileset sources_1
set_property part xc7z020iclg484-1L [current_project]
WARNING: [IP_Flow 19-2162] IP 'NTT_accelerator_0' is locked:
* Current project part 'xc7z020iclg484-1L' and the part 'xc7z100ffg900-2' used to customize the IP 'NTT_accelerator_0' do not match.
WARNING: [IP_Flow 19-2162] IP 'ntt_axi_accelerator_0' is locked:
* Current project part 'xc7z020iclg484-1L' and the part 'xc7z100ffg900-2' used to customize the IP 'ntt_axi_accelerator_0' do not match.
WARNING: [IP_Flow 19-2162] IP 'design_1_ntt_axi_accelerator_0_0' is locked:
* Current project part 'xc7z020iclg484-1L' and the part 'xc7z100ffg900-2' used to customize the IP 'design_1_ntt_axi_accelerator_0_0' do not match.
WARNING: [IP_Flow 19-2162] IP 'design_1_processing_system7_0_0' is locked:
* Current project part 'xc7z020iclg484-1L' and the part 'xc7z100ffg900-2' used to customize the IP 'design_1_processing_system7_0_0' do not match.
WARNING: [IP_Flow 19-2162] IP 'design_1_rst_ps7_0_50M_0' is locked:
* Current project part 'xc7z020iclg484-1L' and the part 'xc7z100ffg900-2' used to customize the IP 'design_1_rst_ps7_0_50M_0' do not match.
WARNING: [IP_Flow 19-2162] IP 'design_1_auto_pc_0' is locked:
* Current project part 'xc7z020iclg484-1L' and the part 'xc7z100ffg900-2' used to customize the IP 'design_1_auto_pc_0' do not match.
reset_run synth_3
reset_run design_1_ntt_axi_accelerator_0_0_synth_1
reset_run design_1_processing_system7_0_0_synth_1
reset_run design_1_rst_ps7_0_50M_0_synth_1
reset_run design_1_auto_pc_0_synth_1
launch_runs impl_4 -to_step write_bitstream -jobs 4
INFO: [IP_Flow 19-4993] Using cached IP synthesis design for IP design_1_auto_pc_0, cache-ID = de25f00cfc449558; cache size = 82.318 MB.
INFO: [IP_Flow 19-4993] Using cached IP synthesis design for IP design_1_ntt_axi_accelerator_0_0, cache-ID = a64cd472f04ef505; cache size = 82.318 MB.
INFO: [IP_Flow 19-4993] Using cached IP synthesis design for IP design_1_processing_system7_0_0, cache-ID = 36fe5079eb9c80b7; cache size = 82.318 MB.
INFO: [IP_Flow 19-4993] Using cached IP synthesis design for IP design_1_rst_ps7_0_50M_0, cache-ID = b727aac39dea3638; cache size = 82.318 MB.
WARNING: [Vivado 12-4801] The synthesis checkpoint for IP 'F:/experiment/NTT/1/sum/ntt_3_tfdg_full_twiddle_4_2_sum_axi_3/ntt_1/ntt_1.srcs/sources_1/bd/design_1/ip/design_1_ntt_axi_accelerator_0_0/design_1_ntt_axi_accelerator_0_0.xci' is available but stale and the IP is locked. An out-of-context (OOC) run will be created and/or launched, but synthesis may not be able to complete or could result in incorrect behavior.
Please select 'Report IP Status' from the 'Tools/Report' menu or run Tcl command 'report_ip_status' for more information.
WARNING: [Vivado 12-4801] The synthesis checkpoint for IP 'F:/experiment/NTT/1/sum/ntt_3_tfdg_full_twiddle_4_2_sum_axi_3/ntt_1/ntt_1.srcs/sources_1/bd/design_1/ip/design_1_processing_system7_0_0/design_1_processing_system7_0_0.xci' is available but stale and the IP is locked. An out-of-context (OOC) run will be created and/or launched, but synthesis may not be able to complete or could result in incorrect behavior.
Please select 'Report IP Status' from the 'Tools/Report' menu or run Tcl command 'report_ip_status' for more information.
WARNING: [Vivado 12-4801] The synthesis checkpoint for IP 'F:/experiment/NTT/1/sum/ntt_3_tfdg_full_twiddle_4_2_sum_axi_3/ntt_1/ntt_1.srcs/sources_1/bd/design_1/ip/design_1_rst_ps7_0_50M_0/design_1_rst_ps7_0_50M_0.xci' is available but stale and the IP is locked. An out-of-context (OOC) run will be created and/or launched, but synthesis may not be able to complete or could result in incorrect behavior.
Please select 'Report IP Status' from the 'Tools/Report' menu or run Tcl command 'report_ip_status' for more information.
WARNING: [Vivado 12-4801] The synthesis checkpoint for IP 'F:/experiment/NTT/1/sum/ntt_3_tfdg_full_twiddle_4_2_sum_axi_3/ntt_1/ntt_1.srcs/sources_1/bd/design_1/ip/design_1_auto_pc_0/design_1_auto_pc_0.xci' is available but stale and the IP is locked. An out-of-context (OOC) run will be created and/or launched, but synthesis may not be able to complete or could result in incorrect behavior.
Please select 'Report IP Status' from the 'Tools/Report' menu or run Tcl command 'report_ip_status' for more information.
WARNING: [Project 1-577] IP run design_1_ntt_axi_accelerator_0_0_synth_1 is available but is out of date. Since the IP is locked, the synthesis checkpoint cannot be updated. The out-of-date checkpoint will be used and it may result in incorrect behavior.
Please select 'Report IP Status' from the 'Tools/Report' menu or run the Tcl command 'report_ip_status' for more information.
WARNING: [Project 1-577] IP run design_1_processing_system7_0_0_synth_1 is available but is out of date. Since the IP is locked, the synthesis checkpoint cannot be updated. The out-of-date checkpoint will be used and it may result in incorrect behavior.
Please select 'Report IP Status' from the 'Tools/Report' menu or run the Tcl command 'report_ip_status' for more information.
WARNING: [Project 1-577] IP run design_1_rst_ps7_0_50M_0_synth_1 is available but is out of date. Since the IP is locked, the synthesis checkpoint cannot be updated. The out-of-date checkpoint will be used and it may result in incorrect behavior.
Please select 'Report IP Status' from the 'Tools/Report' menu or run the Tcl command 'report_ip_status' for more information.
WARNING: [Project 1-577] IP run design_1_auto_pc_0_synth_1 is available but is out of date. Since the IP is locked, the synthesis checkpoint cannot be updated. The out-of-date checkpoint will be used and it may result in incorrect behavior.
Please select 'Report IP Status' from the 'Tools/Report' menu or run the Tcl command 'report_ip_status' for more information.
WARNING: [Project 1-576] IP 'F:/experiment/NTT/1/sum/ntt_3_tfdg_full_twiddle_4_2_sum_axi_3/ntt_1/ntt_1.srcs/sources_1/bd/design_1/ip/design_1_ntt_axi_accelerator_0_0/design_1_ntt_axi_accelerator_0_0.xci' in run design_1_ntt_axi_accelerator_0_0_synth_1 is locked, no out-of-context (OOC) run will be launched. The run may not be able to complete.
Please select 'Report IP Status' from 'Tools/Report' or run the Tcl command 'report_ip_status' for more information.
WARNING: [Project 1-576] IP 'F:/experiment/NTT/1/sum/ntt_3_tfdg_full_twiddle_4_2_sum_axi_3/ntt_1/ntt_1.srcs/sources_1/bd/design_1/ip/design_1_processing_system7_0_0/design_1_processing_system7_0_0.xci' in run design_1_processing_system7_0_0_synth_1 is locked, no out-of-context (OOC) run will be launched. The run may not be able to complete.
Please select 'Report IP Status' from 'Tools/Report' or run the Tcl command 'report_ip_status' for more information.
WARNING: [Project 1-576] IP 'F:/experiment/NTT/1/sum/ntt_3_tfdg_full_twiddle_4_2_sum_axi_3/ntt_1/ntt_1.srcs/sources_1/bd/design_1/ip/design_1_rst_ps7_0_50M_0/design_1_rst_ps7_0_50M_0.xci' in run design_1_rst_ps7_0_50M_0_synth_1 is locked, no out-of-context (OOC) run will be launched. The run may not be able to complete.
Please select 'Report IP Status' from 'Tools/Report' or run the Tcl command 'report_ip_status' for more information.
WARNING: [Project 1-576] IP 'F:/experiment/NTT/1/sum/ntt_3_tfdg_full_twiddle_4_2_sum_axi_3/ntt_1/ntt_1.srcs/sources_1/bd/design_1/ip/design_1_auto_pc_0/design_1_auto_pc_0.xci' in run design_1_auto_pc_0_synth_1 is locked, no out-of-context (OOC) run will be launched. The run may not be able to complete.
Please select 'Report IP Status' from 'Tools/Report' or run the Tcl command 'report_ip_status' for more information.
[Thu Apr 30 12:19:57 2026] Launched design_1_ntt_axi_accelerator_0_0_synth_1, design_1_processing_system7_0_0_synth_1, design_1_rst_ps7_0_50M_0_synth_1, design_1_auto_pc_0_synth_1, synth_3...
Run output will be captured here:
design_1_ntt_axi_accelerator_0_0_synth_1: F:/experiment/NTT/1/sum/ntt_3_tfdg_full_twiddle_4_2_sum_axi_3/ntt_1/ntt_1.runs/design_1_ntt_axi_accelerator_0_0_synth_1/runme.log
design_1_processing_system7_0_0_synth_1: F:/experiment/NTT/1/sum/ntt_3_tfdg_full_twiddle_4_2_sum_axi_3/ntt_1/ntt_1.runs/design_1_processing_system7_0_0_synth_1/runme.log
design_1_rst_ps7_0_50M_0_synth_1: F:/experiment/NTT/1/sum/ntt_3_tfdg_full_twiddle_4_2_sum_axi_3/ntt_1/ntt_1.runs/design_1_rst_ps7_0_50M_0_synth_1/runme.log
design_1_auto_pc_0_synth_1: F:/experiment/NTT/1/sum/ntt_3_tfdg_full_twiddle_4_2_sum_axi_3/ntt_1/ntt_1.runs/design_1_auto_pc_0_synth_1/runme.log
synth_3: F:/experiment/NTT/1/sum/ntt_3_tfdg_full_twiddle_4_2_sum_axi_3/ntt_1/ntt_1.runs/synth_3/runme.log
[Thu Apr 30 12:19:58 2026] Launched impl_4...
Run output will be captured here: F:/experiment/NTT/1/sum/ntt_3_tfdg_full_twiddle_4_2_sum_axi_3/ntt_1/ntt_1.runs/impl_4/runme.log
file copy -force F:/experiment/NTT/1/sum/ntt_3_tfdg_full_twiddle_4_2_sum_axi_3/ntt_1/ntt_1.runs/impl_4/design_1_wrapper.sysdef F:/experiment/NTT/1/sum/ntt_3_tfdg_full_twiddle_4_2_sum_axi_2/ntt_1/vitis_2/design_1_wrapper.hdf

file copy -force F:/experiment/NTT/1/sum/ntt_3_tfdg_full_twiddle_4_2_sum_axi_3/ntt_1/ntt_1.runs/impl_4/design_1_wrapper.sysdef F:/experiment/NTT/1/sum/ntt_3_tfdg_full_twiddle_4_2_sum_axi_3/ntt_1/vitis_2/design_1_wrapper.hdf

file copy -force F:/experiment/NTT/1/sum/ntt_3_tfdg_full_twiddle_4_2_sum_axi_3/ntt_1/ntt_1.runs/impl_4/design_1_wrapper.sysdef F:/experiment/NTT/1/sum/ntt_3_tfdg_full_twiddle_4_2_sum_axi_3/ntt_1/vitis_2/design_1_wrapper.hdf

launch_sdk -workspace F:/experiment/NTT/1/sum/ntt_3_tfdg_full_twiddle_4_2_sum_axi_3/ntt_1/vitis_2 -hwspec F:/experiment/NTT/1/sum/ntt_3_tfdg_full_twiddle_4_2_sum_axi_3/ntt_1/vitis_2/design_1_wrapper.hdf
INFO: [Vivado 12-393] Launching SDK...
INFO: [Vivado 12-417] Running xsdk -workspace F:/experiment/NTT/1/sum/ntt_3_tfdg_full_twiddle_4_2_sum_axi_3/ntt_1/vitis_2 -hwspec F:/experiment/NTT/1/sum/ntt_3_tfdg_full_twiddle_4_2_sum_axi_3/ntt_1/vitis_2/design_1_wrapper.hdf
INFO: [Vivado 12-3157] SDK launch initiated. Please check console for any further messages.
file copy -force F:/experiment/NTT/1/sum/ntt_3_tfdg_full_twiddle_4_2_sum_axi_3/ntt_1/ntt_1.runs/impl_4/design_1_wrapper.sysdef F:/experiment/NTT/1/sum/ntt_3_tfdg_full_twiddle_4_2_sum_axi_3/ntt_1/vitis_2/design_1_wrapper.hdf

file copy -force F:/experiment/NTT/1/sum/ntt_3_tfdg_full_twiddle_4_2_sum_axi_3/ntt_1/ntt_1.runs/impl_4/design_1_wrapper.sysdef F:/experiment/NTT/1/sum/ntt_3_tfdg_full_twiddle_4_2_sum_axi_3/ntt_1/vitis_2/design_1_wrapper.hdf

file copy -force F:/experiment/NTT/1/sum/ntt_3_tfdg_full_twiddle_4_2_sum_axi_3/ntt_1/ntt_1.runs/impl_4/design_1_wrapper.sysdef F:/experiment/NTT/1/sum/ntt_3_tfdg_full_twiddle_4_2_sum_axi_3/ntt_1/vitis_2/design_1_wrapper.hdf

launch_sdk -workspace F:/experiment/NTT/1/sum/ntt_3_tfdg_full_twiddle_4_2_sum_axi_3/ntt_1/vitis_2 -hwspec F:/experiment/NTT/1/sum/ntt_3_tfdg_full_twiddle_4_2_sum_axi_3/ntt_1/vitis_2/design_1_wrapper.hdf
INFO: [Vivado 12-393] Launching SDK...
INFO: [Vivado 12-417] Running xsdk -workspace F:/experiment/NTT/1/sum/ntt_3_tfdg_full_twiddle_4_2_sum_axi_3/ntt_1/vitis_2 -hwspec F:/experiment/NTT/1/sum/ntt_3_tfdg_full_twiddle_4_2_sum_axi_3/ntt_1/vitis_2/design_1_wrapper.hdf
INFO: [Vivado 12-3157] SDK launch initiated. Please check console for any further messages.
open_run impl_4
INFO: [Device 21-403] Loading part xc7z020iclg484-1L
INFO: [Netlist 29-17] Analyzing 786 Unisim elements for replacement
INFO: [Netlist 29-28] Unisim Transformation completed in 0 CPU seconds
WARNING: [Netlist 29-43] Netlist 'design_1_wrapper' is not ideal for floorplanning, since the cellview 'design_1_ntt_axi_accelerator_0_0__ntt_axi_accelerator_v1_0_S00_AXI' defined in file 'design_1_ntt_axi_accelerator_0_0.edf' contains large number of primitives.  Please consider enabling hierarchy in synthesis if you want to do floorplanning.
INFO: [Project 1-479] Netlist was created with Vivado 2019.1
INFO: [Project 1-570] Preparing netlist for logic optimization
INFO: [Timing 38-478] Restoring timing data from binary archive.
INFO: [Timing 38-479] Binary timing data restore complete.
INFO: [Project 1-856] Restoring constraints from binary archive.
INFO: [Project 1-853] Binary constraint restore complete.
Reading XDEF placement.
Reading placer database...
Reading XDEF routing.
Read XDEF File: Time (s): cpu = 00:00:01 ; elapsed = 00:00:02 . Memory (MB): peak = 2044.867 ; gain = 0.000
Restored from archive | CPU: 2.000000 secs | Memory: 0.000000 MB |
Finished XDEF File Restore: Time (s): cpu = 00:00:01 ; elapsed = 00:00:02 . Memory (MB): peak = 2044.867 ; gain = 0.000
Netlist sorting complete. Time (s): cpu = 00:00:00 ; elapsed = 00:00:00.005 . Memory (MB): peak = 2044.867 ; gain = 0.000
INFO: [Project 1-111] Unisim Transformation Summary:
No Unisim elements were transformed.

open_run: Time (s): cpu = 00:00:25 ; elapsed = 00:00:33 . Memory (MB): peak = 2177.629 ; gain = 814.926
open_report: Time (s): cpu = 00:00:09 ; elapsed = 00:00:07 . Memory (MB): peak = 2378.824 ; gain = 201.195
delete_runs "synth_1"
INFO: [Vivado 12-3261] Dependent run, 'impl_1', will be deleted with parent run, 'synth_1'.
INFO: [Vivado 12-3261] Dependent run, 'impl_2', will be deleted with parent run, 'synth_1'.
delete_runs "synth_2"
INFO: [Vivado 12-3261] Dependent run, 'impl_3', will be deleted with parent run, 'synth_2'.
file copy -force F:/experiment/NTT/1/sum/ntt_3_tfdg_full_twiddle_4_2_sum_axi_3/ntt_1/ntt_1.runs/impl_4/design_1_wrapper.sysdef F:/experiment/NTT/1/sum/ntt_3_tfdg_full_twiddle_4_2_sum_axi_3/ntt_1/vitis_2/design_1_wrapper.hdf

launch_sdk -workspace F:/experiment/NTT/1/sum/ntt_3_tfdg_full_twiddle_4_2_sum_axi_3/ntt_1/vitis_2 -hwspec F:/experiment/NTT/1/sum/ntt_3_tfdg_full_twiddle_4_2_sum_axi_3/ntt_1/vitis_2/design_1_wrapper.hdf
INFO: [Vivado 12-393] Launching SDK...
INFO: [Vivado 12-417] Running xsdk -workspace F:/experiment/NTT/1/sum/ntt_3_tfdg_full_twiddle_4_2_sum_axi_3/ntt_1/vitis_2 -hwspec F:/experiment/NTT/1/sum/ntt_3_tfdg_full_twiddle_4_2_sum_axi_3/ntt_1/vitis_2/design_1_wrapper.hdf
INFO: [Vivado 12-3157] SDK launch initiated. Please check console for any further messages.
get_runs -filter {STEPS.IMPLEMENTATION.IS_ACTIVE == 1}
WARNING: [Vivado 12-821] No runs matched '*'
report_ip_status -name ip_status 
upgrade_ip [get_ips  {NTT_accelerator_0 ntt_axi_accelerator_0 design_1_ps7_0_axi_periph_0 design_1_rst_ps7_0_50M_0 design_1_processing_system7_0_0 design_1_ntt_axi_accelerator_0_0}] -log ip_upgrade.log
Upgrading 'NTT_accelerator_0'
INFO: [IP_Flow 19-3420] Updated NTT_accelerator_0 to use current project options
INFO: [IP_Flow 19-1686] Generating 'Instantiation Template' target for IP 'NTT_accelerator_0'...
Adding component instance block -- xilinx.com:ip:processing_system7:5.5 - processing_system7_0
Adding component instance block -- xilinx.com:ip:proc_sys_reset:5.0 - rst_ps7_0_50M
Adding component instance block -- xilinx.com:user:ntt_axi_accelerator:1.0 - ntt_axi_accelerator_0
Adding component instance block -- xilinx.com:ip:axi_interconnect:2.1 - ps7_0_axi_periph
Adding component instance block -- xilinx.com:ip:axi_protocol_converter:2.1 - auto_pc
Successfully read diagram <design_1> from BD file <F:/experiment/NTT/1/sum/ntt_3_tfdg_full_twiddle_4_2_sum_axi_3/ntt_1/ntt_1.srcs/sources_1/bd/design_1/design_1.bd>
Upgrading 'F:/experiment/NTT/1/sum/ntt_3_tfdg_full_twiddle_4_2_sum_axi_3/ntt_1/ntt_1.srcs/sources_1/bd/design_1/design_1.bd'
INFO: [IP_Flow 19-3420] Updated design_1_ntt_axi_accelerator_0_0 to use current project options
INFO: [IP_Flow 19-3420] Updated design_1_processing_system7_0_0 to use current project options
INFO: [IP_Flow 19-3420] Updated design_1_ps7_0_axi_periph_0 to use current project options
INFO: [IP_Flow 19-3420] Updated design_1_rst_ps7_0_50M_0 to use current project options
Wrote  : <F:\experiment\NTT\1\sum\ntt_3_tfdg_full_twiddle_4_2_sum_axi_3\ntt_1\ntt_1.srcs\sources_1\bd\design_1\design_1.bd> 
Wrote  : <F:/experiment/NTT/1/sum/ntt_3_tfdg_full_twiddle_4_2_sum_axi_3/ntt_1/ntt_1.srcs/sources_1/bd/design_1/ui/bd_1f5defd0.ui> 
Upgrading 'ntt_axi_accelerator_0'
INFO: [IP_Flow 19-3420] Updated ntt_axi_accelerator_0 to use current project options
INFO: [IP_Flow 19-1686] Generating 'Instantiation Template' target for IP 'ntt_axi_accelerator_0'...
INFO: [Coretcl 2-1525] Wrote upgrade log to 'F:/experiment/NTT/1/sum/ntt_3_tfdg_full_twiddle_4_2_sum_axi_3/ntt_1/ip_upgrade.log'.
upgrade_ip: Time (s): cpu = 00:00:11 ; elapsed = 00:00:19 . Memory (MB): peak = 2835.969 ; gain = 0.000
export_ip_user_files -of_objects [get_ips {NTT_accelerator_0 ntt_axi_accelerator_0 design_1_ps7_0_axi_periph_0 design_1_rst_ps7_0_50M_0 design_1_processing_system7_0_0 design_1_ntt_axi_accelerator_0_0}] -no_script -sync -force -quiet
reset_run synth_3
launch_runs impl_4 -to_step write_bitstream -jobs 4
Wrote  : <F:\experiment\NTT\1\sum\ntt_3_tfdg_full_twiddle_4_2_sum_axi_3\ntt_1\ntt_1.srcs\sources_1\bd\design_1\design_1.bd> 
VHDL Output written to : F:/experiment/NTT/1/sum/ntt_3_tfdg_full_twiddle_4_2_sum_axi_3/ntt_1/ntt_1.srcs/sources_1/bd/design_1/synth/design_1.v
VHDL Output written to : F:/experiment/NTT/1/sum/ntt_3_tfdg_full_twiddle_4_2_sum_axi_3/ntt_1/ntt_1.srcs/sources_1/bd/design_1/sim/design_1.v
VHDL Output written to : F:/experiment/NTT/1/sum/ntt_3_tfdg_full_twiddle_4_2_sum_axi_3/ntt_1/ntt_1.srcs/sources_1/bd/design_1/hdl/design_1_wrapper.v
INFO: [BD 41-1029] Generation completed for the IP Integrator block ntt_axi_accelerator_0 .
INFO: [BD 41-1029] Generation completed for the IP Integrator block processing_system7_0 .
INFO: [BD 41-1029] Generation completed for the IP Integrator block rst_ps7_0_50M .
WARNING: [IP_Flow 19-4994] Overwriting existing constraint file 'f:/experiment/NTT/1/sum/ntt_3_tfdg_full_twiddle_4_2_sum_axi_3/ntt_1/ntt_1.srcs/sources_1/bd/design_1/ip/design_1_auto_pc_0/design_1_auto_pc_0_ooc.xdc'
INFO: [BD 41-1029] Generation completed for the IP Integrator block ps7_0_axi_periph/s00_couplers/auto_pc .
Exporting to file F:/experiment/NTT/1/sum/ntt_3_tfdg_full_twiddle_4_2_sum_axi_3/ntt_1/ntt_1.srcs/sources_1/bd/design_1/hw_handoff/design_1.hwh
Generated Block Design Tcl file F:/experiment/NTT/1/sum/ntt_3_tfdg_full_twiddle_4_2_sum_axi_3/ntt_1/ntt_1.srcs/sources_1/bd/design_1/hw_handoff/design_1_bd.tcl
Generated Hardware Definition File F:/experiment/NTT/1/sum/ntt_3_tfdg_full_twiddle_4_2_sum_axi_3/ntt_1/ntt_1.srcs/sources_1/bd/design_1/synth/design_1.hwdef
[Thu Apr 30 13:04:12 2026] Launched design_1_auto_pc_0_synth_1, design_1_processing_system7_0_0_synth_1, design_1_rst_ps7_0_50M_0_synth_1, design_1_ntt_axi_accelerator_0_0_synth_1, synth_3...
Run output will be captured here:
design_1_auto_pc_0_synth_1: F:/experiment/NTT/1/sum/ntt_3_tfdg_full_twiddle_4_2_sum_axi_3/ntt_1/ntt_1.runs/design_1_auto_pc_0_synth_1/runme.log
design_1_processing_system7_0_0_synth_1: F:/experiment/NTT/1/sum/ntt_3_tfdg_full_twiddle_4_2_sum_axi_3/ntt_1/ntt_1.runs/design_1_processing_system7_0_0_synth_1/runme.log
design_1_rst_ps7_0_50M_0_synth_1: F:/experiment/NTT/1/sum/ntt_3_tfdg_full_twiddle_4_2_sum_axi_3/ntt_1/ntt_1.runs/design_1_rst_ps7_0_50M_0_synth_1/runme.log
design_1_ntt_axi_accelerator_0_0_synth_1: F:/experiment/NTT/1/sum/ntt_3_tfdg_full_twiddle_4_2_sum_axi_3/ntt_1/ntt_1.runs/design_1_ntt_axi_accelerator_0_0_synth_1/runme.log
synth_3: F:/experiment/NTT/1/sum/ntt_3_tfdg_full_twiddle_4_2_sum_axi_3/ntt_1/ntt_1.runs/synth_3/runme.log
[Thu Apr 30 13:04:13 2026] Launched impl_4...
Run output will be captured here: F:/experiment/NTT/1/sum/ntt_3_tfdg_full_twiddle_4_2_sum_axi_3/ntt_1/ntt_1.runs/impl_4/runme.log
launch_runs: Time (s): cpu = 00:00:14 ; elapsed = 00:00:22 . Memory (MB): peak = 2835.969 ; gain = 0.000
report_ip_status -name ip_status 
file copy -force F:/experiment/NTT/1/sum/ntt_3_tfdg_full_twiddle_4_2_sum_axi_3/ntt_1/ntt_1.runs/impl_4/design_1_wrapper.sysdef F:/experiment/NTT/1/sum/ntt_3_tfdg_full_twiddle_4_2_sum_axi_3/ntt_1/vitis_2/design_1_wrapper.hdf

launch_sdk -workspace F:/experiment/NTT/1/sum/ntt_3_tfdg_full_twiddle_4_2_sum_axi_3/ntt_1/vitis_2 -hwspec F:/experiment/NTT/1/sum/ntt_3_tfdg_full_twiddle_4_2_sum_axi_3/ntt_1/vitis_2/design_1_wrapper.hdf
INFO: [Vivado 12-393] Launching SDK...
INFO: [Vivado 12-417] Running xsdk -workspace F:/experiment/NTT/1/sum/ntt_3_tfdg_full_twiddle_4_2_sum_axi_3/ntt_1/vitis_2 -hwspec F:/experiment/NTT/1/sum/ntt_3_tfdg_full_twiddle_4_2_sum_axi_3/ntt_1/vitis_2/design_1_wrapper.hdf
INFO: [Vivado 12-3157] SDK launch initiated. Please check console for any further messages.
WARNING: [IP_Flow 19-474] Invalid Parameter 'Component_Name'
startgroup
set_property -dict [list CONFIG.PCW_UART0_PERIPHERAL_ENABLE {1} CONFIG.PCW_UART1_PERIPHERAL_ENABLE {1}] [get_bd_cells processing_system7_0]
endgroup
save_bd_design
Wrote  : <F:\experiment\NTT\1\sum\ntt_3_tfdg_full_twiddle_4_2_sum_axi_3\ntt_1\ntt_1.srcs\sources_1\bd\design_1\design_1.bd> 
Wrote  : <F:/experiment/NTT/1/sum/ntt_3_tfdg_full_twiddle_4_2_sum_axi_3/ntt_1/ntt_1.srcs/sources_1/bd/design_1/ui/bd_1f5defd0.ui> 
reset_run synth_3
reset_run design_1_processing_system7_0_0_synth_1
launch_runs impl_4 -to_step write_bitstream -jobs 4
Wrote  : <F:\experiment\NTT\1\sum\ntt_3_tfdg_full_twiddle_4_2_sum_axi_3\ntt_1\ntt_1.srcs\sources_1\bd\design_1\design_1.bd> 
VHDL Output written to : F:/experiment/NTT/1/sum/ntt_3_tfdg_full_twiddle_4_2_sum_axi_3/ntt_1/ntt_1.srcs/sources_1/bd/design_1/synth/design_1.v
VHDL Output written to : F:/experiment/NTT/1/sum/ntt_3_tfdg_full_twiddle_4_2_sum_axi_3/ntt_1/ntt_1.srcs/sources_1/bd/design_1/sim/design_1.v
VHDL Output written to : F:/experiment/NTT/1/sum/ntt_3_tfdg_full_twiddle_4_2_sum_axi_3/ntt_1/ntt_1.srcs/sources_1/bd/design_1/hdl/design_1_wrapper.v
INFO: [BD 41-1029] Generation completed for the IP Integrator block ntt_axi_accelerator_0 .
INFO: [BD 41-1029] Generation completed for the IP Integrator block processing_system7_0 .
INFO: [BD 41-1029] Generation completed for the IP Integrator block rst_ps7_0_50M .
WARNING: [IP_Flow 19-4994] Overwriting existing constraint file 'f:/experiment/NTT/1/sum/ntt_3_tfdg_full_twiddle_4_2_sum_axi_3/ntt_1/ntt_1.srcs/sources_1/bd/design_1/ip/design_1_auto_pc_0/design_1_auto_pc_0_ooc.xdc'
INFO: [BD 41-1029] Generation completed for the IP Integrator block ps7_0_axi_periph/s00_couplers/auto_pc .
Exporting to file F:/experiment/NTT/1/sum/ntt_3_tfdg_full_twiddle_4_2_sum_axi_3/ntt_1/ntt_1.srcs/sources_1/bd/design_1/hw_handoff/design_1.hwh
Generated Block Design Tcl file F:/experiment/NTT/1/sum/ntt_3_tfdg_full_twiddle_4_2_sum_axi_3/ntt_1/ntt_1.srcs/sources_1/bd/design_1/hw_handoff/design_1_bd.tcl
Generated Hardware Definition File F:/experiment/NTT/1/sum/ntt_3_tfdg_full_twiddle_4_2_sum_axi_3/ntt_1/ntt_1.srcs/sources_1/bd/design_1/synth/design_1.hwdef
INFO: [IP_Flow 19-4993] Using cached IP synthesis design for IP design_1_auto_pc_0, cache-ID = 7a5acba1489b623e; cache size = 94.366 MB.
[Thu Apr 30 13:44:53 2026] Launched design_1_processing_system7_0_0_synth_1, synth_3...
Run output will be captured here:
design_1_processing_system7_0_0_synth_1: F:/experiment/NTT/1/sum/ntt_3_tfdg_full_twiddle_4_2_sum_axi_3/ntt_1/ntt_1.runs/design_1_processing_system7_0_0_synth_1/runme.log
synth_3: F:/experiment/NTT/1/sum/ntt_3_tfdg_full_twiddle_4_2_sum_axi_3/ntt_1/ntt_1.runs/synth_3/runme.log
[Thu Apr 30 13:44:53 2026] Launched impl_4...
Run output will be captured here: F:/experiment/NTT/1/sum/ntt_3_tfdg_full_twiddle_4_2_sum_axi_3/ntt_1/ntt_1.runs/impl_4/runme.log
launch_runs: Time (s): cpu = 00:00:12 ; elapsed = 00:00:26 . Memory (MB): peak = 2835.969 ; gain = 0.000
WARNING: [IP_Flow 19-474] Invalid Parameter 'Component_Name'
set_property location {2 661 -430} [get_bd_cells ntt_axi_accelerator_0]
undo
INFO: [Common 17-17] undo 'set_property location {2 661 -430} [get_bd_cells ntt_axi_accelerator_0]'
set_property location {2 648 -74} [get_bd_cells ntt_axi_accelerator_0]
set_property location {2 632 -234} [get_bd_cells ntt_axi_accelerator_0]
save_bd_design
Wrote  : <F:/experiment/NTT/1/sum/ntt_3_tfdg_full_twiddle_4_2_sum_axi_3/ntt_1/ntt_1.srcs/sources_1/bd/design_1/ui/bd_1f5defd0.ui> 
file copy -force F:/experiment/NTT/1/sum/ntt_3_tfdg_full_twiddle_4_2_sum_axi_3/ntt_1/ntt_1.runs/impl_4/design_1_wrapper.sysdef F:/experiment/NTT/1/sum/ntt_3_tfdg_full_twiddle_4_2_sum_axi_3/ntt_1/vitis_2/design_1_wrapper.hdf

WARNING: [IP_Flow 19-474] Invalid Parameter 'Component_Name'
startgroup
set_property -dict [list CONFIG.PCW_UIPARAM_DDR_PARTNO {MT41K256M16 RE-125} CONFIG.PCW_UART0_PERIPHERAL_ENABLE {1} CONFIG.PCW_UART0_UART0_IO {MIO 14 .. 15}] [get_bd_cells processing_system7_0]
endgroup
WARNING: [IP_Flow 19-474] Invalid Parameter 'Component_Name'
startgroup
endgroup
save_bd_design
Wrote  : <F:\experiment\NTT\1\sum\ntt_3_tfdg_full_twiddle_4_2_sum_axi_3\ntt_1\ntt_1.srcs\sources_1\bd\design_1\design_1.bd> 
Wrote  : <F:/experiment/NTT/1/sum/ntt_3_tfdg_full_twiddle_4_2_sum_axi_3/ntt_1/ntt_1.srcs/sources_1/bd/design_1/ui/bd_1f5defd0.ui> 
validate_bd_design
regenerate_bd_layout
validate_bd_design -force
make_wrapper -files [get_files F:/experiment/NTT/1/sum/ntt_3_tfdg_full_twiddle_4_2_sum_axi_3/ntt_1/ntt_1.srcs/sources_1/bd/design_1/design_1.bd] -top
INFO: [BD 41-1662] The design 'design_1.bd' is already validated. Therefore parameter propagation will not be re-run.
Wrote  : <F:\experiment\NTT\1\sum\ntt_3_tfdg_full_twiddle_4_2_sum_axi_3\ntt_1\ntt_1.srcs\sources_1\bd\design_1\design_1.bd> 
Wrote  : <F:/experiment/NTT/1/sum/ntt_3_tfdg_full_twiddle_4_2_sum_axi_3/ntt_1/ntt_1.srcs/sources_1/bd/design_1/ui/bd_1f5defd0.ui> 
VHDL Output written to : F:/experiment/NTT/1/sum/ntt_3_tfdg_full_twiddle_4_2_sum_axi_3/ntt_1/ntt_1.srcs/sources_1/bd/design_1/synth/design_1.v
VHDL Output written to : F:/experiment/NTT/1/sum/ntt_3_tfdg_full_twiddle_4_2_sum_axi_3/ntt_1/ntt_1.srcs/sources_1/bd/design_1/sim/design_1.v
VHDL Output written to : F:/experiment/NTT/1/sum/ntt_3_tfdg_full_twiddle_4_2_sum_axi_3/ntt_1/ntt_1.srcs/sources_1/bd/design_1/hdl/design_1_wrapper.v
reset_run synth_3
reset_run design_1_processing_system7_0_0_synth_1
launch_runs impl_4 -to_step write_bitstream -jobs 4
INFO: [BD 41-1662] The design 'design_1.bd' is already validated. Therefore parameter propagation will not be re-run.
VHDL Output written to : F:/experiment/NTT/1/sum/ntt_3_tfdg_full_twiddle_4_2_sum_axi_3/ntt_1/ntt_1.srcs/sources_1/bd/design_1/synth/design_1.v
VHDL Output written to : F:/experiment/NTT/1/sum/ntt_3_tfdg_full_twiddle_4_2_sum_axi_3/ntt_1/ntt_1.srcs/sources_1/bd/design_1/sim/design_1.v
VHDL Output written to : F:/experiment/NTT/1/sum/ntt_3_tfdg_full_twiddle_4_2_sum_axi_3/ntt_1/ntt_1.srcs/sources_1/bd/design_1/hdl/design_1_wrapper.v
INFO: [BD 41-1029] Generation completed for the IP Integrator block ntt_axi_accelerator_0 .
INFO: [BD 41-1029] Generation completed for the IP Integrator block processing_system7_0 .
INFO: [BD 41-1029] Generation completed for the IP Integrator block rst_ps7_0_50M .
WARNING: [IP_Flow 19-4994] Overwriting existing constraint file 'f:/experiment/NTT/1/sum/ntt_3_tfdg_full_twiddle_4_2_sum_axi_3/ntt_1/ntt_1.srcs/sources_1/bd/design_1/ip/design_1_auto_pc_0/design_1_auto_pc_0_ooc.xdc'
INFO: [BD 41-1029] Generation completed for the IP Integrator block ps7_0_axi_periph/s00_couplers/auto_pc .
Exporting to file F:/experiment/NTT/1/sum/ntt_3_tfdg_full_twiddle_4_2_sum_axi_3/ntt_1/ntt_1.srcs/sources_1/bd/design_1/hw_handoff/design_1.hwh
Generated Block Design Tcl file F:/experiment/NTT/1/sum/ntt_3_tfdg_full_twiddle_4_2_sum_axi_3/ntt_1/ntt_1.srcs/sources_1/bd/design_1/hw_handoff/design_1_bd.tcl
Generated Hardware Definition File F:/experiment/NTT/1/sum/ntt_3_tfdg_full_twiddle_4_2_sum_axi_3/ntt_1/ntt_1.srcs/sources_1/bd/design_1/synth/design_1.hwdef
INFO: [IP_Flow 19-4993] Using cached IP synthesis design for IP design_1_auto_pc_0, cache-ID = 7a5acba1489b623e; cache size = 95.068 MB.
[Thu Apr 30 14:09:07 2026] Launched design_1_processing_system7_0_0_synth_1, synth_3...
Run output will be captured here:
design_1_processing_system7_0_0_synth_1: F:/experiment/NTT/1/sum/ntt_3_tfdg_full_twiddle_4_2_sum_axi_3/ntt_1/ntt_1.runs/design_1_processing_system7_0_0_synth_1/runme.log
synth_3: F:/experiment/NTT/1/sum/ntt_3_tfdg_full_twiddle_4_2_sum_axi_3/ntt_1/ntt_1.runs/synth_3/runme.log
[Thu Apr 30 14:09:07 2026] Launched impl_4...
Run output will be captured here: F:/experiment/NTT/1/sum/ntt_3_tfdg_full_twiddle_4_2_sum_axi_3/ntt_1/ntt_1.runs/impl_4/runme.log
launch_runs: Time (s): cpu = 00:00:18 ; elapsed = 00:00:27 . Memory (MB): peak = 2835.969 ; gain = 0.000
report_ip_status -name ip_status 
file copy -force F:/experiment/NTT/1/sum/ntt_3_tfdg_full_twiddle_4_2_sum_axi_3/ntt_1/ntt_1.runs/impl_4/design_1_wrapper.sysdef F:/experiment/NTT/1/sum/ntt_3_tfdg_full_twiddle_4_2_sum_axi_3/ntt_1/vitis_2/design_1_wrapper.hdf

launch_sdk -workspace F:/experiment/NTT/1/sum/ntt_3_tfdg_full_twiddle_4_2_sum_axi_3/ntt_1/vitis_2 -hwspec F:/experiment/NTT/1/sum/ntt_3_tfdg_full_twiddle_4_2_sum_axi_3/ntt_1/vitis_2/design_1_wrapper.hdf
INFO: [Vivado 12-393] Launching SDK...
INFO: [Vivado 12-417] Running xsdk -workspace F:/experiment/NTT/1/sum/ntt_3_tfdg_full_twiddle_4_2_sum_axi_3/ntt_1/vitis_2 -hwspec F:/experiment/NTT/1/sum/ntt_3_tfdg_full_twiddle_4_2_sum_axi_3/ntt_1/vitis_2/design_1_wrapper.hdf
INFO: [Vivado 12-3157] SDK launch initiated. Please check console for any further messages.
launch_sdk -workspace F:/experiment/NTT/1/sum/ntt_3_tfdg_full_twiddle_4_2_sum_axi_3/ntt_1/vitis_2 -hwspec F:/experiment/NTT/1/sum/ntt_3_tfdg_full_twiddle_4_2_sum_axi_3/ntt_1/vitis_2/design_1_wrapper.hdf
INFO: [Vivado 12-393] Launching SDK...
INFO: [Vivado 12-417] Running xsdk -workspace F:/experiment/NTT/1/sum/ntt_3_tfdg_full_twiddle_4_2_sum_axi_3/ntt_1/vitis_2 -hwspec F:/experiment/NTT/1/sum/ntt_3_tfdg_full_twiddle_4_2_sum_axi_3/ntt_1/vitis_2/design_1_wrapper.hdf
INFO: [Vivado 12-3157] SDK launch initiated. Please check console for any further messages.
launch_sdk -workspace F:/experiment/NTT/1/sum/ntt_3_tfdg_full_twiddle_4_2_sum_axi_3/ntt_1/vitis_2 -hwspec F:/experiment/NTT/1/sum/ntt_3_tfdg_full_twiddle_4_2_sum_axi_3/ntt_1/vitis_2/design_1_wrapper.hdf
INFO: [Vivado 12-393] Launching SDK...
INFO: [Vivado 12-417] Running xsdk -workspace F:/experiment/NTT/1/sum/ntt_3_tfdg_full_twiddle_4_2_sum_axi_3/ntt_1/vitis_2 -hwspec F:/experiment/NTT/1/sum/ntt_3_tfdg_full_twiddle_4_2_sum_axi_3/ntt_1/vitis_2/design_1_wrapper.hdf
INFO: [Vivado 12-3157] SDK launch initiated. Please check console for any further messages.
launch_sdk -workspace F:/experiment/NTT/1/sum/ntt_3_tfdg_full_twiddle_4_2_sum_axi_3/ntt_1/vitis_2 -hwspec F:/experiment/NTT/1/sum/ntt_3_tfdg_full_twiddle_4_2_sum_axi_3/ntt_1/vitis_2/design_1_wrapper.hdf
INFO: [Vivado 12-393] Launching SDK...
INFO: [Vivado 12-417] Running xsdk -workspace F:/experiment/NTT/1/sum/ntt_3_tfdg_full_twiddle_4_2_sum_axi_3/ntt_1/vitis_2 -hwspec F:/experiment/NTT/1/sum/ntt_3_tfdg_full_twiddle_4_2_sum_axi_3/ntt_1/vitis_2/design_1_wrapper.hdf
INFO: [Vivado 12-3157] SDK launch initiated. Please check console for any further messages.
launch_sdk -workspace F:/experiment/NTT/1/sum/ntt_3_tfdg_full_twiddle_4_2_sum_axi_3/ntt_1/vitis_3 -hwspec F:/experiment/NTT/1/sum/ntt_3_tfdg_full_twiddle_4_2_sum_axi_3/ntt_1/vitis_3/design_1_wrapper.hdf
INFO: [Vivado 12-393] Launching SDK...
INFO: [Vivado 12-417] Running xsdk -workspace F:/experiment/NTT/1/sum/ntt_3_tfdg_full_twiddle_4_2_sum_axi_3/ntt_1/vitis_3 -hwspec F:/experiment/NTT/1/sum/ntt_3_tfdg_full_twiddle_4_2_sum_axi_3/ntt_1/vitis_3/design_1_wrapper.hdf
INFO: [Vivado 12-3157] SDK launch initiated. Please check console for any further messages.
WARNING: [IP_Flow 19-474] Invalid Parameter 'Component_Name'
WARNING: [IP_Flow 19-474] Invalid Parameter 'Component_Name'
launch_sdk -workspace F:/experiment/NTT/1/sum/ntt_3_tfdg_full_twiddle_4_2_sum_axi_3/ntt_1/vitis_3 -hwspec F:/experiment/NTT/1/sum/ntt_3_tfdg_full_twiddle_4_2_sum_axi_3/ntt_1/vitis_3/design_1_wrapper.hdf
INFO: [Vivado 12-393] Launching SDK...
INFO: [Vivado 12-417] Running xsdk -workspace F:/experiment/NTT/1/sum/ntt_3_tfdg_full_twiddle_4_2_sum_axi_3/ntt_1/vitis_3 -hwspec F:/experiment/NTT/1/sum/ntt_3_tfdg_full_twiddle_4_2_sum_axi_3/ntt_1/vitis_3/design_1_wrapper.hdf
INFO: [Vivado 12-3157] SDK launch initiated. Please check console for any further messages.
file copy -force F:/experiment/NTT/1/sum/ntt_3_tfdg_full_twiddle_4_2_sum_axi_3/ntt_1/ntt_1.runs/impl_4/design_1_wrapper.sysdef F:/experiment/NTT/1/sum/ntt_3_tfdg_full_twiddle_4_2_sum_axi_3/ntt_1/vitis_4/design_1_wrapper.hdf

launch_sdk -workspace F:/experiment/NTT/1/sum/ntt_3_tfdg_full_twiddle_4_2_sum_axi_3/ntt_1/vitis_4 -hwspec F:/experiment/NTT/1/sum/ntt_3_tfdg_full_twiddle_4_2_sum_axi_3/ntt_1/vitis_4/design_1_wrapper.hdf
INFO: [Vivado 12-393] Launching SDK...
INFO: [Vivado 12-417] Running xsdk -workspace F:/experiment/NTT/1/sum/ntt_3_tfdg_full_twiddle_4_2_sum_axi_3/ntt_1/vitis_4 -hwspec F:/experiment/NTT/1/sum/ntt_3_tfdg_full_twiddle_4_2_sum_axi_3/ntt_1/vitis_4/design_1_wrapper.hdf
INFO: [Vivado 12-3157] SDK launch initiated. Please check console for any further messages.
WARNING: [IP_Flow 19-474] Invalid Parameter 'Component_Name'
startgroup
set_property -dict [list CONFIG.PCW_UART1_PERIPHERAL_ENABLE {1} CONFIG.PCW_UART1_UART1_IO {MIO 12 .. 13}] [get_bd_cells processing_system7_0]
endgroup
save_bd_design
Wrote  : <F:\experiment\NTT\1\sum\ntt_3_tfdg_full_twiddle_4_2_sum_axi_3\ntt_1\ntt_1.srcs\sources_1\bd\design_1\design_1.bd> 
reset_run synth_3
reset_run design_1_processing_system7_0_0_synth_1
launch_runs impl_4 -to_step write_bitstream -jobs 4
Wrote  : <F:\experiment\NTT\1\sum\ntt_3_tfdg_full_twiddle_4_2_sum_axi_3\ntt_1\ntt_1.srcs\sources_1\bd\design_1\design_1.bd> 
VHDL Output written to : F:/experiment/NTT/1/sum/ntt_3_tfdg_full_twiddle_4_2_sum_axi_3/ntt_1/ntt_1.srcs/sources_1/bd/design_1/synth/design_1.v
VHDL Output written to : F:/experiment/NTT/1/sum/ntt_3_tfdg_full_twiddle_4_2_sum_axi_3/ntt_1/ntt_1.srcs/sources_1/bd/design_1/sim/design_1.v
VHDL Output written to : F:/experiment/NTT/1/sum/ntt_3_tfdg_full_twiddle_4_2_sum_axi_3/ntt_1/ntt_1.srcs/sources_1/bd/design_1/hdl/design_1_wrapper.v
INFO: [BD 41-1029] Generation completed for the IP Integrator block ntt_axi_accelerator_0 .
INFO: [BD 41-1029] Generation completed for the IP Integrator block processing_system7_0 .
INFO: [BD 41-1029] Generation completed for the IP Integrator block rst_ps7_0_50M .
WARNING: [IP_Flow 19-4994] Overwriting existing constraint file 'f:/experiment/NTT/1/sum/ntt_3_tfdg_full_twiddle_4_2_sum_axi_3/ntt_1/ntt_1.srcs/sources_1/bd/design_1/ip/design_1_auto_pc_0/design_1_auto_pc_0_ooc.xdc'
INFO: [BD 41-1029] Generation completed for the IP Integrator block ps7_0_axi_periph/s00_couplers/auto_pc .
Exporting to file F:/experiment/NTT/1/sum/ntt_3_tfdg_full_twiddle_4_2_sum_axi_3/ntt_1/ntt_1.srcs/sources_1/bd/design_1/hw_handoff/design_1.hwh
Generated Block Design Tcl file F:/experiment/NTT/1/sum/ntt_3_tfdg_full_twiddle_4_2_sum_axi_3/ntt_1/ntt_1.srcs/sources_1/bd/design_1/hw_handoff/design_1_bd.tcl
Generated Hardware Definition File F:/experiment/NTT/1/sum/ntt_3_tfdg_full_twiddle_4_2_sum_axi_3/ntt_1/ntt_1.srcs/sources_1/bd/design_1/synth/design_1.hwdef
INFO: [IP_Flow 19-4993] Using cached IP synthesis design for IP design_1_auto_pc_0, cache-ID = 7a5acba1489b623e; cache size = 95.770 MB.
[Thu Apr 30 15:50:01 2026] Launched design_1_processing_system7_0_0_synth_1, synth_3...
Run output will be captured here:
design_1_processing_system7_0_0_synth_1: F:/experiment/NTT/1/sum/ntt_3_tfdg_full_twiddle_4_2_sum_axi_3/ntt_1/ntt_1.runs/design_1_processing_system7_0_0_synth_1/runme.log
synth_3: F:/experiment/NTT/1/sum/ntt_3_tfdg_full_twiddle_4_2_sum_axi_3/ntt_1/ntt_1.runs/synth_3/runme.log
[Thu Apr 30 15:50:01 2026] Launched impl_4...
Run output will be captured here: F:/experiment/NTT/1/sum/ntt_3_tfdg_full_twiddle_4_2_sum_axi_3/ntt_1/ntt_1.runs/impl_4/runme.log
launch_runs: Time (s): cpu = 00:00:19 ; elapsed = 00:00:25 . Memory (MB): peak = 2938.035 ; gain = 66.551
file copy -force F:/experiment/NTT/1/sum/ntt_3_tfdg_full_twiddle_4_2_sum_axi_3/ntt_1/ntt_1.runs/impl_4/design_1_wrapper.sysdef F:/experiment/NTT/1/sum/ntt_3_tfdg_full_twiddle_4_2_sum_axi_3/ntt_1/vitis_4/design_1_wrapper.hdf

WARNING: [IP_Flow 19-474] Invalid Parameter 'Component_Name'
exit
INFO: [Common 17-206] Exiting Vivado at Thu Apr 30 17:02:02 2026...
