18:56:02 INFO  : Registering command handlers for SDK TCF services
18:56:03 INFO  : Launching XSCT server: xsct.bat -interactive F:\experiment\NTT\1\sum\ntt_3_tfdg_full_twiddle_4_2_sum_axi_1\ntt_1\vitis\temp_xsdb_launch_script.tcl
18:56:06 INFO  : XSCT server has started successfully.
18:56:06 INFO  : Successfully done setting XSCT server connection channel  
18:56:07 INFO  : Successfully done setting SDK workspace  
18:56:07 INFO  : Processing command line option -hwspec F:/experiment/NTT/1/sum/ntt_3_tfdg_full_twiddle_4_2_sum_axi_1/ntt_1/vitis/design_1_wrapper.hdf.
19:19:34 INFO  : Connected to target on host '127.0.0.1' and port '3121'.
19:38:44 INFO  : 'targets -set -filter {jtag_cable_name =~ "Digilent JTAG-HS1 210512180081" && level==0} -index 1' command is executed.
19:38:44 INFO  : 'fpga -state' command is executed.
19:38:55 INFO  : Connected to target on host '127.0.0.1' and port '3121'.
19:38:55 WARN  : Part name present in the hardware specification 'xc7z100ffg900-2' doesn't match the one present on the target 'xc7z020'.
19:39:03 INFO  : Jtag cable 'Digilent JTAG-HS1 210512180081' is selected.
19:39:03 INFO  : 'jtag frequency' command is executed.
19:39:03 INFO  : Sourcing of 'F:/experiment/NTT/1/sum/ntt_3_tfdg_full_twiddle_4_2_sum_axi_1/ntt_1/vitis/design_1_wrapper_hw_platform_0/ps7_init.tcl' is done.
19:39:03 INFO  : Context for 'APU' is selected.
19:39:03 INFO  : Hardware design information is loaded from 'F:/experiment/NTT/1/sum/ntt_3_tfdg_full_twiddle_4_2_sum_axi_1/ntt_1/vitis/design_1_wrapper_hw_platform_0/system.hdf'.
19:39:03 INFO  : 'configparams force-mem-access 1' command is executed.
19:39:03 INFO  : Context for 'APU' is selected.
19:39:03 INFO  : 'stop' command is executed.
19:39:03 INFO  : 'ps7_init' command is executed.
19:39:03 INFO  : 'ps7_post_config' command is executed.
19:39:03 INFO  : Context for processor 'ps7_cortexa9_0' is selected.
19:39:04 INFO  : Processor reset is completed for 'ps7_cortexa9_0'.
19:39:04 INFO  : Context for processor 'ps7_cortexa9_0' is selected.
19:39:04 INFO  : The application 'F:/experiment/NTT/1/sum/ntt_3_tfdg_full_twiddle_4_2_sum_axi_1/ntt_1/vitis/ntt_test/Debug/ntt_test.elf' is downloaded to processor 'ps7_cortexa9_0'.
19:39:04 INFO  : 'configparams force-mem-access 0' command is executed.
19:39:04 INFO  : ----------------XSDB Script----------------
connect -url tcp:127.0.0.1:3121
source F:/experiment/NTT/1/sum/ntt_3_tfdg_full_twiddle_4_2_sum_axi_1/ntt_1/vitis/design_1_wrapper_hw_platform_0/ps7_init.tcl
targets -set -nocase -filter {name =~"APU*" && jtag_cable_name =~ "Digilent JTAG-HS1 210512180081"} -index 0
loadhw -hw F:/experiment/NTT/1/sum/ntt_3_tfdg_full_twiddle_4_2_sum_axi_1/ntt_1/vitis/design_1_wrapper_hw_platform_0/system.hdf -mem-ranges [list {0x40000000 0xbfffffff}]
configparams force-mem-access 1
targets -set -nocase -filter {name =~"APU*" && jtag_cable_name =~ "Digilent JTAG-HS1 210512180081"} -index 0
stop
ps7_init
ps7_post_config
targets -set -nocase -filter {name =~ "ARM*#0" && jtag_cable_name =~ "Digilent JTAG-HS1 210512180081"} -index 0
rst -processor
targets -set -nocase -filter {name =~ "ARM*#0" && jtag_cable_name =~ "Digilent JTAG-HS1 210512180081"} -index 0
dow F:/experiment/NTT/1/sum/ntt_3_tfdg_full_twiddle_4_2_sum_axi_1/ntt_1/vitis/ntt_test/Debug/ntt_test.elf
configparams force-mem-access 0
----------------End of Script----------------

19:39:04 INFO  : Memory regions updated for context APU
19:39:04 INFO  : Context for processor 'ps7_cortexa9_0' is selected.
19:39:04 INFO  : 'con' command is executed.
19:39:04 INFO  : ----------------XSDB Script (After Launch)----------------
targets -set -nocase -filter {name =~ "ARM*#0" && jtag_cable_name =~ "Digilent JTAG-HS1 210512180081"} -index 0
con
----------------End of Script----------------

19:39:04 INFO  : Launch script is exported to file 'F:\experiment\NTT\1\sum\ntt_3_tfdg_full_twiddle_4_2_sum_axi_1\ntt_1\vitis\.sdk\launch_scripts\xilinx_c-c++_application_(system_debugger)\system_debugger_using_debug_ntt_test.elf_on_local.tcl'
19:44:11 INFO  : Disconnected from the channel tcfchan#1.
19:44:12 INFO  : 'targets -set -filter {jtag_cable_name =~ "Digilent JTAG-HS1 210512180081" && level==0} -index 1' command is executed.
19:44:12 INFO  : 'fpga -state' command is executed.
19:44:14 INFO  : Connected to target on host '127.0.0.1' and port '3121'.
19:44:14 WARN  : Part name present in the hardware specification 'xc7z100ffg900-2' doesn't match the one present on the target 'xc7z020'.
19:44:15 INFO  : Jtag cable 'Digilent JTAG-HS1 210512180081' is selected.
19:44:15 INFO  : 'jtag frequency' command is executed.
19:44:15 INFO  : Sourcing of 'F:/experiment/NTT/1/sum/ntt_3_tfdg_full_twiddle_4_2_sum_axi_1/ntt_1/vitis/design_1_wrapper_hw_platform_0/ps7_init.tcl' is done.
19:44:15 INFO  : Context for 'APU' is selected.
19:44:17 INFO  : Hardware design information is loaded from 'F:/experiment/NTT/1/sum/ntt_3_tfdg_full_twiddle_4_2_sum_axi_1/ntt_1/vitis/design_1_wrapper_hw_platform_0/system.hdf'.
19:44:17 INFO  : 'configparams force-mem-access 1' command is executed.
19:44:17 INFO  : Context for 'APU' is selected.
19:44:17 INFO  : 'stop' command is executed.
19:44:17 INFO  : 'ps7_init' command is executed.
19:44:17 INFO  : 'ps7_post_config' command is executed.
19:44:17 INFO  : Context for processor 'ps7_cortexa9_0' is selected.
19:44:18 INFO  : Processor reset is completed for 'ps7_cortexa9_0'.
19:44:18 INFO  : Context for processor 'ps7_cortexa9_0' is selected.
19:44:18 INFO  : The application 'F:/experiment/NTT/1/sum/ntt_3_tfdg_full_twiddle_4_2_sum_axi_1/ntt_1/vitis/ntt_test/Debug/ntt_test.elf' is downloaded to processor 'ps7_cortexa9_0'.
19:44:18 INFO  : 'configparams force-mem-access 0' command is executed.
19:44:18 INFO  : ----------------XSDB Script----------------
connect -url tcp:127.0.0.1:3121
source F:/experiment/NTT/1/sum/ntt_3_tfdg_full_twiddle_4_2_sum_axi_1/ntt_1/vitis/design_1_wrapper_hw_platform_0/ps7_init.tcl
targets -set -nocase -filter {name =~"APU*" && jtag_cable_name =~ "Digilent JTAG-HS1 210512180081"} -index 0
loadhw -hw F:/experiment/NTT/1/sum/ntt_3_tfdg_full_twiddle_4_2_sum_axi_1/ntt_1/vitis/design_1_wrapper_hw_platform_0/system.hdf -mem-ranges [list {0x40000000 0xbfffffff}]
configparams force-mem-access 1
targets -set -nocase -filter {name =~"APU*" && jtag_cable_name =~ "Digilent JTAG-HS1 210512180081"} -index 0
stop
ps7_init
ps7_post_config
targets -set -nocase -filter {name =~ "ARM*#0" && jtag_cable_name =~ "Digilent JTAG-HS1 210512180081"} -index 0
rst -processor
targets -set -nocase -filter {name =~ "ARM*#0" && jtag_cable_name =~ "Digilent JTAG-HS1 210512180081"} -index 0
dow F:/experiment/NTT/1/sum/ntt_3_tfdg_full_twiddle_4_2_sum_axi_1/ntt_1/vitis/ntt_test/Debug/ntt_test.elf
configparams force-mem-access 0
----------------End of Script----------------

19:44:18 INFO  : Memory regions updated for context APU
19:44:18 INFO  : Context for processor 'ps7_cortexa9_0' is selected.
19:44:18 INFO  : 'con' command is executed.
19:44:18 INFO  : ----------------XSDB Script (After Launch)----------------
targets -set -nocase -filter {name =~ "ARM*#0" && jtag_cable_name =~ "Digilent JTAG-HS1 210512180081"} -index 0
con
----------------End of Script----------------

19:44:18 INFO  : Launch script is exported to file 'F:\experiment\NTT\1\sum\ntt_3_tfdg_full_twiddle_4_2_sum_axi_1\ntt_1\vitis\.sdk\launch_scripts\xilinx_c-c++_application_(system_debugger)\system_debugger_using_debug_ntt_test.elf_on_local.tcl'
19:44:42 INFO  : Disconnected from the channel tcfchan#2.
19:44:44 INFO  : 'targets -set -filter {jtag_cable_name =~ "Digilent JTAG-HS1 210512180081" && level==0} -index 1' command is executed.
19:44:44 INFO  : 'fpga -state' command is executed.
19:44:49 INFO  : Connected to target on host '127.0.0.1' and port '3121'.
19:44:50 WARN  : Part name present in the hardware specification 'xc7z100ffg900-2' doesn't match the one present on the target 'xc7z020'.
19:44:57 INFO  : Jtag cable 'Digilent JTAG-HS1 210512180081' is selected.
19:44:57 INFO  : 'jtag frequency' command is executed.
19:44:57 INFO  : Sourcing of 'F:/experiment/NTT/1/sum/ntt_3_tfdg_full_twiddle_4_2_sum_axi_1/ntt_1/vitis/design_1_wrapper_hw_platform_0/ps7_init.tcl' is done.
19:44:57 INFO  : Context for 'APU' is selected.
19:44:59 INFO  : Hardware design information is loaded from 'F:/experiment/NTT/1/sum/ntt_3_tfdg_full_twiddle_4_2_sum_axi_1/ntt_1/vitis/design_1_wrapper_hw_platform_0/system.hdf'.
19:44:59 INFO  : 'configparams force-mem-access 1' command is executed.
19:44:59 INFO  : Context for 'APU' is selected.
19:44:59 INFO  : 'stop' command is executed.
19:44:59 INFO  : 'ps7_init' command is executed.
19:44:59 INFO  : 'ps7_post_config' command is executed.
19:44:59 INFO  : Context for processor 'ps7_cortexa9_0' is selected.
19:44:59 INFO  : Processor reset is completed for 'ps7_cortexa9_0'.
19:44:59 INFO  : Context for processor 'ps7_cortexa9_0' is selected.
19:44:59 INFO  : The application 'F:/experiment/NTT/1/sum/ntt_3_tfdg_full_twiddle_4_2_sum_axi_1/ntt_1/vitis/ntt_test/Debug/ntt_test.elf' is downloaded to processor 'ps7_cortexa9_0'.
19:44:59 INFO  : 'configparams force-mem-access 0' command is executed.
19:44:59 INFO  : ----------------XSDB Script----------------
connect -url tcp:127.0.0.1:3121
source F:/experiment/NTT/1/sum/ntt_3_tfdg_full_twiddle_4_2_sum_axi_1/ntt_1/vitis/design_1_wrapper_hw_platform_0/ps7_init.tcl
targets -set -nocase -filter {name =~"APU*" && jtag_cable_name =~ "Digilent JTAG-HS1 210512180081"} -index 0
loadhw -hw F:/experiment/NTT/1/sum/ntt_3_tfdg_full_twiddle_4_2_sum_axi_1/ntt_1/vitis/design_1_wrapper_hw_platform_0/system.hdf -mem-ranges [list {0x40000000 0xbfffffff}]
configparams force-mem-access 1
targets -set -nocase -filter {name =~"APU*" && jtag_cable_name =~ "Digilent JTAG-HS1 210512180081"} -index 0
stop
ps7_init
ps7_post_config
targets -set -nocase -filter {name =~ "ARM*#0" && jtag_cable_name =~ "Digilent JTAG-HS1 210512180081"} -index 0
rst -processor
targets -set -nocase -filter {name =~ "ARM*#0" && jtag_cable_name =~ "Digilent JTAG-HS1 210512180081"} -index 0
dow F:/experiment/NTT/1/sum/ntt_3_tfdg_full_twiddle_4_2_sum_axi_1/ntt_1/vitis/ntt_test/Debug/ntt_test.elf
configparams force-mem-access 0
----------------End of Script----------------

19:44:59 INFO  : Memory regions updated for context APU
19:44:59 INFO  : Context for processor 'ps7_cortexa9_0' is selected.
19:45:00 INFO  : 'con' command is executed.
19:45:00 INFO  : ----------------XSDB Script (After Launch)----------------
targets -set -nocase -filter {name =~ "ARM*#0" && jtag_cable_name =~ "Digilent JTAG-HS1 210512180081"} -index 0
con
----------------End of Script----------------

19:45:00 INFO  : Launch script is exported to file 'F:\experiment\NTT\1\sum\ntt_3_tfdg_full_twiddle_4_2_sum_axi_1\ntt_1\vitis\.sdk\launch_scripts\xilinx_c-c++_application_(system_debugger)\system_debugger_using_debug_ntt_test.elf_on_local.tcl'
19:53:41 INFO  : Disconnected from the channel tcfchan#3.
19:53:42 INFO  : 'targets -set -filter {jtag_cable_name =~ "Digilent JTAG-HS1 210512180081" && level==0} -index 1' command is executed.
19:53:42 INFO  : 'fpga -state' command is executed.
19:53:44 INFO  : Connected to target on host '127.0.0.1' and port '3121'.
19:53:44 WARN  : Part name present in the hardware specification 'xc7z100ffg900-2' doesn't match the one present on the target 'xc7z020'.
19:53:45 INFO  : Jtag cable 'Digilent JTAG-HS1 210512180081' is selected.
19:53:45 INFO  : 'jtag frequency' command is executed.
19:53:45 INFO  : Sourcing of 'F:/experiment/NTT/1/sum/ntt_3_tfdg_full_twiddle_4_2_sum_axi_1/ntt_1/vitis/design_1_wrapper_hw_platform_0/ps7_init.tcl' is done.
19:53:45 INFO  : Context for 'APU' is selected.
19:53:47 INFO  : Hardware design information is loaded from 'F:/experiment/NTT/1/sum/ntt_3_tfdg_full_twiddle_4_2_sum_axi_1/ntt_1/vitis/design_1_wrapper_hw_platform_0/system.hdf'.
19:53:47 INFO  : 'configparams force-mem-access 1' command is executed.
19:53:47 INFO  : Context for 'APU' is selected.
19:53:47 INFO  : 'stop' command is executed.
19:53:47 INFO  : 'ps7_init' command is executed.
19:53:47 INFO  : 'ps7_post_config' command is executed.
19:53:47 INFO  : Context for processor 'ps7_cortexa9_0' is selected.
19:53:47 INFO  : Processor reset is completed for 'ps7_cortexa9_0'.
19:53:47 INFO  : Context for processor 'ps7_cortexa9_0' is selected.
19:53:48 INFO  : The application 'F:/experiment/NTT/1/sum/ntt_3_tfdg_full_twiddle_4_2_sum_axi_1/ntt_1/vitis/ntt_test/Debug/ntt_test.elf' is downloaded to processor 'ps7_cortexa9_0'.
19:53:48 INFO  : 'configparams force-mem-access 0' command is executed.
19:53:48 INFO  : ----------------XSDB Script----------------
connect -url tcp:127.0.0.1:3121
source F:/experiment/NTT/1/sum/ntt_3_tfdg_full_twiddle_4_2_sum_axi_1/ntt_1/vitis/design_1_wrapper_hw_platform_0/ps7_init.tcl
targets -set -nocase -filter {name =~"APU*" && jtag_cable_name =~ "Digilent JTAG-HS1 210512180081"} -index 0
loadhw -hw F:/experiment/NTT/1/sum/ntt_3_tfdg_full_twiddle_4_2_sum_axi_1/ntt_1/vitis/design_1_wrapper_hw_platform_0/system.hdf -mem-ranges [list {0x40000000 0xbfffffff}]
configparams force-mem-access 1
targets -set -nocase -filter {name =~"APU*" && jtag_cable_name =~ "Digilent JTAG-HS1 210512180081"} -index 0
stop
ps7_init
ps7_post_config
targets -set -nocase -filter {name =~ "ARM*#0" && jtag_cable_name =~ "Digilent JTAG-HS1 210512180081"} -index 0
rst -processor
targets -set -nocase -filter {name =~ "ARM*#0" && jtag_cable_name =~ "Digilent JTAG-HS1 210512180081"} -index 0
dow F:/experiment/NTT/1/sum/ntt_3_tfdg_full_twiddle_4_2_sum_axi_1/ntt_1/vitis/ntt_test/Debug/ntt_test.elf
configparams force-mem-access 0
----------------End of Script----------------

19:53:48 INFO  : Memory regions updated for context APU
19:53:48 INFO  : Context for processor 'ps7_cortexa9_0' is selected.
19:53:48 INFO  : 'con' command is executed.
19:53:48 INFO  : ----------------XSDB Script (After Launch)----------------
targets -set -nocase -filter {name =~ "ARM*#0" && jtag_cable_name =~ "Digilent JTAG-HS1 210512180081"} -index 0
con
----------------End of Script----------------

19:53:48 INFO  : Launch script is exported to file 'F:\experiment\NTT\1\sum\ntt_3_tfdg_full_twiddle_4_2_sum_axi_1\ntt_1\vitis\.sdk\launch_scripts\xilinx_c-c++_application_(system_debugger)\system_debugger_using_debug_ntt_test.elf_on_local.tcl'
19:54:49 INFO  : Disconnected from the channel tcfchan#4.
19:54:50 INFO  : 'targets -set -filter {jtag_cable_name =~ "Digilent JTAG-HS1 210512180081" && level==0} -index 1' command is executed.
19:54:50 INFO  : 'fpga -state' command is executed.
19:54:52 INFO  : Connected to target on host '127.0.0.1' and port '3121'.
19:54:52 WARN  : Part name present in the hardware specification 'xc7z100ffg900-2' doesn't match the one present on the target 'xc7z020'.
19:54:53 INFO  : Jtag cable 'Digilent JTAG-HS1 210512180081' is selected.
19:54:53 INFO  : 'jtag frequency' command is executed.
19:54:53 INFO  : Sourcing of 'F:/experiment/NTT/1/sum/ntt_3_tfdg_full_twiddle_4_2_sum_axi_1/ntt_1/vitis/design_1_wrapper_hw_platform_0/ps7_init.tcl' is done.
19:54:53 INFO  : Context for 'APU' is selected.
19:54:55 INFO  : Hardware design information is loaded from 'F:/experiment/NTT/1/sum/ntt_3_tfdg_full_twiddle_4_2_sum_axi_1/ntt_1/vitis/design_1_wrapper_hw_platform_0/system.hdf'.
19:54:55 INFO  : 'configparams force-mem-access 1' command is executed.
19:54:55 INFO  : Context for 'APU' is selected.
19:54:55 INFO  : 'stop' command is executed.
19:54:56 ERROR : Memory write error at 0xE000D000. AP transaction timeout
19:54:56 INFO  : ----------------XSDB Script----------------
connect -url tcp:127.0.0.1:3121
source F:/experiment/NTT/1/sum/ntt_3_tfdg_full_twiddle_4_2_sum_axi_1/ntt_1/vitis/design_1_wrapper_hw_platform_0/ps7_init.tcl
targets -set -nocase -filter {name =~"APU*" && jtag_cable_name =~ "Digilent JTAG-HS1 210512180081"} -index 0
loadhw -hw F:/experiment/NTT/1/sum/ntt_3_tfdg_full_twiddle_4_2_sum_axi_1/ntt_1/vitis/design_1_wrapper_hw_platform_0/system.hdf -mem-ranges [list {0x40000000 0xbfffffff}]
configparams force-mem-access 1
targets -set -nocase -filter {name =~"APU*" && jtag_cable_name =~ "Digilent JTAG-HS1 210512180081"} -index 0
stop
ps7_init
----------------End of Script----------------

19:55:12 INFO  : 'targets -set -filter {jtag_cable_name =~ "Digilent JTAG-HS1 210512180081" && level==0} -index 1' command is executed.
19:55:12 INFO  : 'fpga -state' command is executed.
19:55:13 INFO  : Connected to target on host '127.0.0.1' and port '3121'.
19:55:13 WARN  : Part name present in the hardware specification 'xc7z100ffg900-2' doesn't match the one present on the target 'xc7z020'.
19:55:14 INFO  : Jtag cable 'Digilent JTAG-HS1 210512180081' is selected.
19:55:14 INFO  : 'jtag frequency' command is executed.
19:55:14 INFO  : Sourcing of 'F:/experiment/NTT/1/sum/ntt_3_tfdg_full_twiddle_4_2_sum_axi_1/ntt_1/vitis/design_1_wrapper_hw_platform_0/ps7_init.tcl' is done.
19:55:14 INFO  : Context for 'APU' is selected.
19:55:14 INFO  : Hardware design information is loaded from 'F:/experiment/NTT/1/sum/ntt_3_tfdg_full_twiddle_4_2_sum_axi_1/ntt_1/vitis/design_1_wrapper_hw_platform_0/system.hdf'.
19:55:14 INFO  : 'configparams force-mem-access 1' command is executed.
19:55:14 INFO  : Context for 'APU' is selected.
19:55:14 INFO  : 'stop' command is executed.
19:55:14 ERROR : Memory read error at 0xF8007080. AHB AP transaction error, DAP status f0000021
19:55:14 INFO  : ----------------XSDB Script----------------
connect -url tcp:127.0.0.1:3121
source F:/experiment/NTT/1/sum/ntt_3_tfdg_full_twiddle_4_2_sum_axi_1/ntt_1/vitis/design_1_wrapper_hw_platform_0/ps7_init.tcl
targets -set -nocase -filter {name =~"APU*" && jtag_cable_name =~ "Digilent JTAG-HS1 210512180081"} -index 0
loadhw -hw F:/experiment/NTT/1/sum/ntt_3_tfdg_full_twiddle_4_2_sum_axi_1/ntt_1/vitis/design_1_wrapper_hw_platform_0/system.hdf -mem-ranges [list {0x40000000 0xbfffffff}]
configparams force-mem-access 1
targets -set -nocase -filter {name =~"APU*" && jtag_cable_name =~ "Digilent JTAG-HS1 210512180081"} -index 0
stop
ps7_init
----------------End of Script----------------

20:08:46 INFO  : 'targets -set -filter {jtag_cable_name =~ "Digilent JTAG-HS1 210512180081" && level==0} -index 1' command is executed.
20:08:46 INFO  : 'fpga -state' command is executed.
20:08:48 INFO  : Connected to target on host '127.0.0.1' and port '3121'.
20:08:48 WARN  : Part name present in the hardware specification 'xc7z100ffg900-2' doesn't match the one present on the target 'xc7z020'.
20:08:49 INFO  : Jtag cable 'Digilent JTAG-HS1 210512180081' is selected.
20:08:49 INFO  : 'jtag frequency' command is executed.
20:08:49 INFO  : Sourcing of 'F:/experiment/NTT/1/sum/ntt_3_tfdg_full_twiddle_4_2_sum_axi_1/ntt_1/vitis/design_1_wrapper_hw_platform_0/ps7_init.tcl' is done.
20:08:50 INFO  : Context for 'APU' is selected.
20:08:50 INFO  : Hardware design information is loaded from 'F:/experiment/NTT/1/sum/ntt_3_tfdg_full_twiddle_4_2_sum_axi_1/ntt_1/vitis/design_1_wrapper_hw_platform_0/system.hdf'.
20:08:50 INFO  : 'configparams force-mem-access 1' command is executed.
20:08:50 INFO  : Context for 'APU' is selected.
20:08:50 INFO  : 'stop' command is executed.
20:08:50 INFO  : 'ps7_init' command is executed.
20:08:50 INFO  : 'ps7_post_config' command is executed.
20:08:50 INFO  : Context for processor 'ps7_cortexa9_0' is selected.
20:08:50 INFO  : Processor reset is completed for 'ps7_cortexa9_0'.
20:08:50 INFO  : Context for processor 'ps7_cortexa9_0' is selected.
20:08:50 INFO  : The application 'F:/experiment/NTT/1/sum/ntt_3_tfdg_full_twiddle_4_2_sum_axi_1/ntt_1/vitis/ntt_test/Debug/ntt_test.elf' is downloaded to processor 'ps7_cortexa9_0'.
20:08:50 INFO  : 'configparams force-mem-access 0' command is executed.
20:08:50 INFO  : ----------------XSDB Script----------------
connect -url tcp:127.0.0.1:3121
source F:/experiment/NTT/1/sum/ntt_3_tfdg_full_twiddle_4_2_sum_axi_1/ntt_1/vitis/design_1_wrapper_hw_platform_0/ps7_init.tcl
targets -set -nocase -filter {name =~"APU*" && jtag_cable_name =~ "Digilent JTAG-HS1 210512180081"} -index 0
loadhw -hw F:/experiment/NTT/1/sum/ntt_3_tfdg_full_twiddle_4_2_sum_axi_1/ntt_1/vitis/design_1_wrapper_hw_platform_0/system.hdf -mem-ranges [list {0x40000000 0xbfffffff}]
configparams force-mem-access 1
targets -set -nocase -filter {name =~"APU*" && jtag_cable_name =~ "Digilent JTAG-HS1 210512180081"} -index 0
stop
ps7_init
ps7_post_config
targets -set -nocase -filter {name =~ "ARM*#0" && jtag_cable_name =~ "Digilent JTAG-HS1 210512180081"} -index 0
rst -processor
targets -set -nocase -filter {name =~ "ARM*#0" && jtag_cable_name =~ "Digilent JTAG-HS1 210512180081"} -index 0
dow F:/experiment/NTT/1/sum/ntt_3_tfdg_full_twiddle_4_2_sum_axi_1/ntt_1/vitis/ntt_test/Debug/ntt_test.elf
configparams force-mem-access 0
----------------End of Script----------------

20:08:50 INFO  : Memory regions updated for context APU
20:08:50 INFO  : Context for processor 'ps7_cortexa9_0' is selected.
20:08:50 INFO  : 'con' command is executed.
20:08:50 INFO  : ----------------XSDB Script (After Launch)----------------
targets -set -nocase -filter {name =~ "ARM*#0" && jtag_cable_name =~ "Digilent JTAG-HS1 210512180081"} -index 0
con
----------------End of Script----------------

20:08:50 INFO  : Launch script is exported to file 'F:\experiment\NTT\1\sum\ntt_3_tfdg_full_twiddle_4_2_sum_axi_1\ntt_1\vitis\.sdk\launch_scripts\xilinx_c-c++_application_(system_debugger)\system_debugger_using_debug_ntt_test.elf_on_local.tcl'
20:11:32 INFO  : Disconnected from the channel tcfchan#5.
20:11:33 INFO  : 'targets -set -filter {jtag_cable_name =~ "Digilent JTAG-HS1 210512180081" && level==0} -index 1' command is executed.
20:11:33 INFO  : 'fpga -state' command is executed.
20:11:34 INFO  : Connected to target on host '127.0.0.1' and port '3121'.
20:11:34 WARN  : Part name present in the hardware specification 'xc7z100ffg900-2' doesn't match the one present on the target 'xc7z020'.
20:11:35 INFO  : Jtag cable 'Digilent JTAG-HS1 210512180081' is selected.
20:11:35 INFO  : 'jtag frequency' command is executed.
20:11:35 INFO  : Sourcing of 'F:/experiment/NTT/1/sum/ntt_3_tfdg_full_twiddle_4_2_sum_axi_1/ntt_1/vitis/design_1_wrapper_hw_platform_0/ps7_init.tcl' is done.
20:11:35 INFO  : Context for 'APU' is selected.
20:11:38 INFO  : Hardware design information is loaded from 'F:/experiment/NTT/1/sum/ntt_3_tfdg_full_twiddle_4_2_sum_axi_1/ntt_1/vitis/design_1_wrapper_hw_platform_0/system.hdf'.
20:11:38 INFO  : 'configparams force-mem-access 1' command is executed.
20:11:38 INFO  : Context for 'APU' is selected.
20:11:38 INFO  : 'stop' command is executed.
20:11:38 INFO  : 'ps7_init' command is executed.
20:11:38 INFO  : 'ps7_post_config' command is executed.
20:11:38 INFO  : Context for processor 'ps7_cortexa9_0' is selected.
20:11:38 INFO  : Processor reset is completed for 'ps7_cortexa9_0'.
20:11:38 INFO  : Context for processor 'ps7_cortexa9_0' is selected.
20:11:38 INFO  : The application 'F:/experiment/NTT/1/sum/ntt_3_tfdg_full_twiddle_4_2_sum_axi_1/ntt_1/vitis/ntt_test/Debug/ntt_test.elf' is downloaded to processor 'ps7_cortexa9_0'.
20:11:38 INFO  : 'configparams force-mem-access 0' command is executed.
20:11:38 INFO  : ----------------XSDB Script----------------
connect -url tcp:127.0.0.1:3121
source F:/experiment/NTT/1/sum/ntt_3_tfdg_full_twiddle_4_2_sum_axi_1/ntt_1/vitis/design_1_wrapper_hw_platform_0/ps7_init.tcl
targets -set -nocase -filter {name =~"APU*" && jtag_cable_name =~ "Digilent JTAG-HS1 210512180081"} -index 0
loadhw -hw F:/experiment/NTT/1/sum/ntt_3_tfdg_full_twiddle_4_2_sum_axi_1/ntt_1/vitis/design_1_wrapper_hw_platform_0/system.hdf -mem-ranges [list {0x40000000 0xbfffffff}]
configparams force-mem-access 1
targets -set -nocase -filter {name =~"APU*" && jtag_cable_name =~ "Digilent JTAG-HS1 210512180081"} -index 0
stop
ps7_init
ps7_post_config
targets -set -nocase -filter {name =~ "ARM*#0" && jtag_cable_name =~ "Digilent JTAG-HS1 210512180081"} -index 0
rst -processor
targets -set -nocase -filter {name =~ "ARM*#0" && jtag_cable_name =~ "Digilent JTAG-HS1 210512180081"} -index 0
dow F:/experiment/NTT/1/sum/ntt_3_tfdg_full_twiddle_4_2_sum_axi_1/ntt_1/vitis/ntt_test/Debug/ntt_test.elf
configparams force-mem-access 0
----------------End of Script----------------

20:11:39 INFO  : Memory regions updated for context APU
20:11:39 INFO  : Context for processor 'ps7_cortexa9_0' is selected.
20:11:39 INFO  : 'con' command is executed.
20:11:39 INFO  : ----------------XSDB Script (After Launch)----------------
targets -set -nocase -filter {name =~ "ARM*#0" && jtag_cable_name =~ "Digilent JTAG-HS1 210512180081"} -index 0
con
----------------End of Script----------------

20:11:39 INFO  : Launch script is exported to file 'F:\experiment\NTT\1\sum\ntt_3_tfdg_full_twiddle_4_2_sum_axi_1\ntt_1\vitis\.sdk\launch_scripts\xilinx_c-c++_application_(system_debugger)\system_debugger_using_debug_ntt_test.elf_on_local.tcl'
20:13:50 INFO  : Disconnected from the channel tcfchan#6.
20:13:51 INFO  : Connected to target on host '127.0.0.1' and port '3121'.
20:13:52 WARN  : Part name present in the hardware specification 'xc7z100ffg900-2' doesn't match the one present on the target 'xc7z020'.
20:13:53 INFO  : Jtag cable 'Digilent JTAG-HS1 210512180081' is selected.
20:13:53 INFO  : 'jtag frequency' command is executed.
20:13:53 INFO  : Sourcing of 'F:/experiment/NTT/1/sum/ntt_3_tfdg_full_twiddle_4_2_sum_axi_1/ntt_1/vitis/design_1_wrapper_hw_platform_0/ps7_init.tcl' is done.
20:13:54 INFO  : Context for 'APU' is selected.
20:13:54 INFO  : System reset is completed.
20:13:57 INFO  : 'after 3000' command is executed.
20:13:57 INFO  : 'targets -set -filter {jtag_cable_name =~ "Digilent JTAG-HS1 210512180081" && level==0} -index 1' command is executed.
20:13:57 ERROR : bitstream is not compatible with the target
20:13:57 ERROR : Exception occured while running Program FPGA.
java.lang.RuntimeException: bitstream is not compatible with the target
20:13:57 INFO  : ----------------XSDB Script----------------
connect -url tcp:127.0.0.1:3121
source F:/experiment/NTT/1/sum/ntt_3_tfdg_full_twiddle_4_2_sum_axi_1/ntt_1/vitis/design_1_wrapper_hw_platform_0/ps7_init.tcl
targets -set -nocase -filter {name =~"APU*" && jtag_cable_name =~ "Digilent JTAG-HS1 210512180081"} -index 0
rst -system
after 3000
----------------End of Script----------------

10:36:40 INFO  : Registering command handlers for SDK TCF services
10:36:41 INFO  : Launching XSCT server: xsct.bat -interactive F:\experiment\NTT\1\sum\ntt_3_tfdg_full_twiddle_4_2_sum_axi_1\ntt_1\vitis\temp_xsdb_launch_script.tcl
10:36:44 INFO  : XSCT server has started successfully.
10:36:44 INFO  : Successfully done setting XSCT server connection channel  
10:36:45 INFO  : Successfully done setting SDK workspace  
10:36:45 INFO  : Processing command line option -hwspec F:/experiment/NTT/1/sum/ntt_3_tfdg_full_twiddle_4_2_sum_axi_1/ntt_1/vitis/design_1_wrapper.hdf.
10:36:45 INFO  : Checking for hwspec changes in the project design_1_wrapper_hw_platform_0.
20:30:46 INFO  : Registering command handlers for SDK TCF services
20:30:46 INFO  : Launching XSCT server: xsct.bat -interactive F:\experiment\NTT\1\sum\ntt_3_tfdg_full_twiddle_4_2_sum_axi_1\ntt_1\vitis\temp_xsdb_launch_script.tcl
20:30:50 INFO  : XSCT server has started successfully.
20:30:50 INFO  : Successfully done setting XSCT server connection channel  
20:30:50 INFO  : Successfully done setting SDK workspace  
20:30:50 INFO  : Processing command line option -hwspec F:/experiment/NTT/1/sum/ntt_3_tfdg_full_twiddle_4_2_sum_axi_1/ntt_1/vitis/design_1_wrapper.hdf.
20:30:51 INFO  : Checking for hwspec changes in the project design_1_wrapper_hw_platform_0.
21:47:33 INFO  : Connected to target on host '127.0.0.1' and port '3121'.
21:47:34 WARN  : Part name present in the hardware specification 'xc7z100ffg900-2' doesn't match the one present on the target 'xc7z020'.
21:47:45 INFO  : Jtag cable 'Digilent JTAG-HS1 210512180081' is selected.
21:47:45 INFO  : 'jtag frequency' command is executed.
21:47:45 INFO  : Sourcing of 'F:/experiment/NTT/1/sum/ntt_3_tfdg_full_twiddle_4_2_sum_axi_1/ntt_1/vitis/design_1_wrapper_hw_platform_0/ps7_init.tcl' is done.
21:47:45 INFO  : Context for 'APU' is selected.
21:47:45 INFO  : System reset is completed.
21:47:48 INFO  : 'after 3000' command is executed.
21:47:48 INFO  : 'targets -set -filter {jtag_cable_name =~ "Digilent JTAG-HS1 210512180081" && level==0} -index 1' command is executed.
21:47:48 ERROR : bitstream is not compatible with the target
21:47:48 ERROR : Exception occured while running Program FPGA.
java.lang.RuntimeException: bitstream is not compatible with the target
21:47:48 INFO  : ----------------XSDB Script----------------
connect -url tcp:127.0.0.1:3121
source F:/experiment/NTT/1/sum/ntt_3_tfdg_full_twiddle_4_2_sum_axi_1/ntt_1/vitis/design_1_wrapper_hw_platform_0/ps7_init.tcl
targets -set -nocase -filter {name =~"APU*" && jtag_cable_name =~ "Digilent JTAG-HS1 210512180081"} -index 0
rst -system
after 3000
----------------End of Script----------------

11:15:25 INFO  : Registering command handlers for SDK TCF services
11:15:25 INFO  : Launching XSCT server: xsct.bat -interactive F:\experiment\NTT\1\sum\ntt_3_tfdg_full_twiddle_4_2_sum_axi_1\ntt_1\vitis\temp_xsdb_launch_script.tcl
11:15:28 INFO  : XSCT server has started successfully.
11:15:28 INFO  : Successfully done setting XSCT server connection channel  
11:15:29 INFO  : Successfully done setting SDK workspace  
11:15:29 INFO  : Processing command line option -hwspec F:/experiment/NTT/1/sum/ntt_3_tfdg_full_twiddle_4_2_sum_axi_1/ntt_1/vitis/design_1_wrapper.hdf.
11:15:29 INFO  : Checking for hwspec changes in the project design_1_wrapper_hw_platform_0.
11:16:03 INFO  : Connected to target on host '127.0.0.1' and port '3121'.
11:16:03 WARN  : Part name present in the hardware specification 'xc7z100ffg900-2' doesn't match the one present on the target 'xc7z020'.
11:16:05 INFO  : Jtag cable 'Digilent JTAG-HS1 210512180081' is selected.
11:16:05 INFO  : 'jtag frequency' command is executed.
11:16:05 INFO  : Sourcing of 'F:/experiment/NTT/1/sum/ntt_3_tfdg_full_twiddle_4_2_sum_axi_1/ntt_1/vitis/design_1_wrapper_hw_platform_0/ps7_init.tcl' is done.
11:16:05 INFO  : Context for 'APU' is selected.
11:16:05 INFO  : System reset is completed.
11:16:08 INFO  : 'after 3000' command is executed.
11:16:08 INFO  : 'targets -set -filter {jtag_cable_name =~ "Digilent JTAG-HS1 210512180081" && level==0} -index 1' command is executed.
11:16:09 ERROR : bitstream is not compatible with the target
11:16:09 ERROR : Exception occured while running Program FPGA.
java.lang.RuntimeException: bitstream is not compatible with the target
11:16:09 INFO  : ----------------XSDB Script----------------
connect -url tcp:127.0.0.1:3121
source F:/experiment/NTT/1/sum/ntt_3_tfdg_full_twiddle_4_2_sum_axi_1/ntt_1/vitis/design_1_wrapper_hw_platform_0/ps7_init.tcl
targets -set -nocase -filter {name =~"APU*" && jtag_cable_name =~ "Digilent JTAG-HS1 210512180081"} -index 0
rst -system
after 3000
----------------End of Script----------------

