#
# A fatal error has been detected by the Java Runtime Environment:
#
#  EXCEPTION_ACCESS_VIOLATION (0xc0000005) at pc=0x0000000000000a73, pid=24956, tid=21148
#
# JRE version: Java(TM) SE Runtime Environment (9.0+11) (build 9.0.4+11)
# Java VM: Java HotSpot(TM) 64-Bit Server VM (9.0.4+11, mixed mode, tiered, compressed oops, g1 gc, windows-amd64)
# Problematic frame:
# C  0x0000000000000a73
#
# No core dump will be written. Minidumps are not enabled by default on client versions of Windows
#
# If you would like to submit a bug report, please visit:
#   http://bugreport.java.com/bugreport/crash.jsp
# The crash happened outside the Java Virtual Machine in native code.
# See problematic frame for where to report the bug.
#

---------------  S U M M A R Y ------------

Command Line: -Dsun.java2d.pmoffscreen=false -Dsun.java2d.xrender=false -Dsun.java2d.d3d=false -Dsun.awt.nopixfmt=true -Dsun.java2d.dpiaware=true -Dsun.java2d.uiScale.enabled=false -Xverify:none -Dswing.aatext=true -XX:-UsePerfData -Djdk.map.althashing.threshold=512 -XX:StringTableSize=4072 --add-opens=java.base/java.nio=ALL-UNNAMED --add-opens=java.desktop/sun.swing=ALL-UNNAMED --add-opens=java.desktop/javax.swing=ALL-UNNAMED --add-opens=java.desktop/javax.swing.tree=ALL-UNNAMED --add-opens=java.desktop/javax.swing.plaf.basic=ALL-UNNAMED --add-opens=java.desktop/javax.swing.plaf.synth=ALL-UNNAMED --add-opens=java.desktop/com.sun.awt=ALL-UNNAMED -XX:NewSize=60m -XX:MaxNewSize=60m -Xms128m -Xmx3072m -Xss5m 

Host: Intel(R) Core(TM) i5-1035G1 CPU @ 1.00GHz, 8 cores, 7G,  Windows 10 , 64 bit Build 22621 (10.0.22621.5415)
Time: Sat Jan 24 15:58:45 2026 ?D1¨²¡À¨º¡Á?¨º¡À?? elapsed time: 5673 seconds (0d 1h 34m 33s)

---------------  T H R E A D  ---------------

Current thread (0x0000023b6a028000):  JavaThread "AWT-EventQueue-1" [_thread_in_native, id=21148, stack(0x0000003d59500000,0x0000003d59a00000)]

Stack: [0x0000003d59500000,0x0000003d59a00000],  sp=0x0000003d599faa08,  free space=5098k
Native frames: (J=compiled Java code, j=interpreted, Vv=VM code, C=native code)
C  0x0000000000000a73

Java frames: (J=compiled Java code, j=interpreted, Vv=VM code)
J 23826  ui.views.waveform.waveformi.WVExecutive_canFindValue(J)Ljava/lang/String; (0 bytes) @ 0x0000023b57848221 [0x0000023b578481e0+0x0000000000000041]
J 26652 c2 ui.views.waveform.d.a.wN(Z)V (31 bytes) @ 0x0000023b573cacb0 [0x0000023b573ca3a0+0x0000000000000910]
J 22673 c1 ui.views.waveform.w.cRi()V (38 bytes) @ 0x0000023b4f0f0a84 [0x0000023b4f0eeb80+0x0000000000001f04]
J 22164 c1 ui.views.waveform.c.b.j(Lui/frmwork/b/i;)V (603 bytes) @ 0x0000023b519e164c [0x0000023b519d7fa0+0x00000000000096ac]
J 27421 c2 ui.views.waveform.w.a(Lui/frmwork/b/i;)V (17 bytes) @ 0x0000023b58086664 [0x0000023b58086620+0x0000000000000044]
J 23531 c2 ui.frmwork.b.l.d(Lui/frmwork/b/i;)V (61 bytes) @ 0x0000023b576332fc [0x0000023b576330c0+0x000000000000023c]
J 23281 c2 ui.frmwork.HTclEventBroker.i(JZ)V (471 bytes) @ 0x0000023b575823a4 [0x0000023b57581060+0x0000000000001344]
J 25053 c1 ui.frmwork.HTclEventBroker.fireTclEvent(J)I (113 bytes) @ 0x0000023b5216a2fc [0x0000023b52169b20+0x00000000000007dc]
v  ~StubRoutines::call_stub
J 22665  ui.views.waveform.waveformi.WVExecutive_processModelEvent(JJ)V (0 bytes) @ 0x0000023b565cfe24 [0x0000023b565cfde0+0x0000000000000044]
J 22799 c1 ui.views.waveform.c.b.eD(J)V (109 bytes) @ 0x0000023b4fbf35c4 [0x0000023b4fbf3480+0x0000000000000144]
J 22164 c1 ui.views.waveform.c.b.j(Lui/frmwork/b/i;)V (603 bytes) @ 0x0000023b519e2384 [0x0000023b519d7fa0+0x000000000000a3e4]
J 27421 c2 ui.views.waveform.w.a(Lui/frmwork/b/i;)V (17 bytes) @ 0x0000023b58086664 [0x0000023b58086620+0x0000000000000044]
J 23531 c2 ui.frmwork.b.l.d(Lui/frmwork/b/i;)V (61 bytes) @ 0x0000023b576332fc [0x0000023b576330c0+0x000000000000023c]
J 23281 c2 ui.frmwork.HTclEventBroker.i(JZ)V (471 bytes) @ 0x0000023b575823a4 [0x0000023b57581060+0x0000000000001344]
J 25053 c1 ui.frmwork.HTclEventBroker.fireTclEvent(J)I (113 bytes) @ 0x0000023b5216a2fc [0x0000023b52169b20+0x00000000000007dc]
v  ~StubRoutines::call_stub
J 22665  ui.views.waveform.waveformi.WVExecutive_processModelEvent(JJ)V (0 bytes) @ 0x0000023b565cfe24 [0x0000023b565cfde0+0x0000000000000044]
J 22799 c1 ui.views.waveform.c.b.eD(J)V (109 bytes) @ 0x0000023b4fbf35c4 [0x0000023b4fbf3480+0x0000000000000144]
j  ui.views.waveform.c.e.actionPerformed(Ljava/awt/event/ActionEvent;)V+8
J 14160 c2 javax.swing.Timer.fireActionPerformed(Ljava/awt/event/ActionEvent;)V java.desktop@9.0.4 (46 bytes) @ 0x0000023b569343d8 [0x0000023b569342c0+0x0000000000000118]
J 17773 c2 javax.swing.Timer$DoPostEvent.run()V java.desktop@9.0.4 (82 bytes) @ 0x0000023b575d70b8 [0x0000023b575d6dc0+0x00000000000002f8]
J 13831 c2 java.awt.EventQueue$3.run()Ljava/lang/Object; java.desktop@9.0.4 (5 bytes) @ 0x0000023b5705f804 [0x0000023b5705f700+0x0000000000000104]
v  ~StubRoutines::call_stub
J 3890  java.security.AccessController.doPrivileged(Ljava/security/PrivilegedAction;Ljava/security/AccessControlContext;)Ljava/lang/Object; java.base@9.0.4 (0 bytes) @ 0x0000023b567903c6 [0x0000023b56790360+0x0000000000000066]
J 13824 c2 ui.frmwork.b.d.dispatchEvent(Ljava/awt/AWTEvent;)V (34 bytes) @ 0x0000023b57057a80 [0x0000023b57057460+0x0000000000000620]
J 26046 c2 java.awt.EventDispatchThread.pumpOneEventForFilters(I)V java.desktop@9.0.4 (218 bytes) @ 0x0000023b57fad5c0 [0x0000023b57fad300+0x00000000000002c0]
J 22868% c2 java.awt.EventDispatchThread.pumpEventsForFilter(ILjava/awt/Conditional;Ljava/awt/EventFilter;)V java.desktop@9.0.4 (47 bytes) @ 0x0000023b56eae7d8 [0x0000023b56eae6c0+0x0000000000000118]
j  java.awt.EventDispatchThread.pumpEventsForHierarchy(ILjava/awt/Conditional;Ljava/awt/Component;)V+11 java.desktop@9.0.4
j  java.awt.EventDispatchThread.pumpEvents(ILjava/awt/Conditional;)V+4 java.desktop@9.0.4
j  java.awt.EventDispatchThread.pumpEvents(Ljava/awt/Conditional;)V+3 java.desktop@9.0.4
j  java.awt.EventDispatchThread.run()V+9 java.desktop@9.0.4
v  ~StubRoutines::call_stub

siginfo: EXCEPTION_ACCESS_VIOLATION (0xc0000005), data execution prevention violation at address 0x0000000000000a73


Register to memory mapping:

RIP=0x0000000000000a73 is an unknown value
RAX=0x0000023b7791c710 is an unknown value
RBX=0x0000023b78008ef0 is an unknown value
RCX=0x0000023b7791c710 is an unknown value
RDX=0x0000000000000000 is an unknown value
RSP=0x0000003d599faa08 is pointing into the stack for thread: 0x0000023b6a028000
RBP=0x0000003d599fab00 is pointing into the stack for thread: 0x0000023b6a028000
RSI=0x0000023b7896ca50 is an unknown value
RDI=0x0000023b76ac6020 is an unknown value
R8 =0x00007ff968807ec0 librdi_common.dll
R9 =0x00007ff8e7bf78e0 librdi_wavedata.dll
R10=0x00007ff8e7790000 librdi_wavedata.dll
R11=0x0000003d599fa9a0 is pointing into the stack for thread: 0x0000023b6a028000
R12=0x0000000000000000 is an unknown value
R13=0x0000000711840548 is an oop
[Ljava.beans.PropertyChangeListener; 
{0x0000000711840548} - klass: 'java/beans/PropertyChangeListener'[]
 - length: 2
R14=0x0000000000000000 is an unknown value
R15=0x0000023b6a028000 is a thread


Registers:
RAX=0x0000023b7791c710, RBX=0x0000023b78008ef0, RCX=0x0000023b7791c710, RDX=0x0000000000000000
RSP=0x0000003d599faa08, RBP=0x0000003d599fab00, RSI=0x0000023b7896ca50, RDI=0x0000023b76ac6020
R8 =0x00007ff968807ec0, R9 =0x00007ff8e7bf78e0, R10=0x00007ff8e7790000, R11=0x0000003d599fa9a0
R12=0x0000000000000000, R13=0x0000000711840548, R14=0x0000000000000000, R15=0x0000023b6a028000
RIP=0x0000000000000a73, EFLAGS=0x0000000000010246

Top of Stack: (sp=0x0000003d599faa08)
0x0000003d599faa08:   00007ff8e79ef1e0 0000023b78008ef0
0x0000003d599faa18:   0000023b51c04cac 0000000000000001
0x0000003d599faa28:   0000023b57b628d8 0000023b6a028218
0x0000003d599faa38:   00007ff8e79c7258 0000003d599fab00
0x0000003d599faa48:   00000007000b1678 0000003d599fabf0
0x0000003d599faa58:   0000023b5751bd7c 0000000000000001
0x0000003d599faa68:   fffffffffffffffe 00000007118406b0
0x0000003d599faa78:   00007ff8e7a025d7 0000000711840548
0x0000003d599faa88:   0000003d599fab00 0000000000000000
0x0000003d599faa98:   00007ff8e79ca61f 0000023b6a028218
0x0000003d599faaa8:   fffffffffffffffe 0000000000000000
0x0000003d599faab8:   000005dc00000000 000000070125e898
0x0000003d599faac8:   00000007048b5cb0 00000007048b46a0
0x0000003d599faad8:   0000000700b9a098 0000000000000000
0x0000003d599faae8:   0000023b57e3b760 00000007013bf100
0x0000003d599faaf8:   0000000700b9a060 00000007048b6b00 

Instructions: (pc=0x0000000000000a73)
0x0000000000000a53:   
[error occurred during error reporting (printing registers, top of stack, instructions near pc), id 0xc0000005]


---------------  P R O C E S S  ---------------

Java Threads: ( => current thread )
  0x0000023b6cbd1800 JavaThread "Monitor File Timestamp Swing Worker" [_thread_blocked, id=8664, stack(0x0000003d5e300000,0x0000003d5e800000)]
  0x0000023b6cbd0800 JavaThread "Timer-2" [_thread_blocked, id=3860, stack(0x0000003d5de00000,0x0000003d5e300000)]
  0x0000023b6cbd7800 JavaThread "Image Animator 3" daemon [_thread_blocked, id=9784, stack(0x0000003d5e800000,0x0000003d5ed00000)]
  0x0000023b6cbcf000 JavaThread "SyntheticaAnimation 50" daemon [_thread_blocked, id=1796, stack(0x0000003d5ca00000,0x0000003d5cf00000)]
  0x0000023b6cbd6000 JavaThread "Swing-Shell" daemon [_thread_blocked, id=21724, stack(0x0000003d5c000000,0x0000003d5c500000)]
  0x0000023b6cbce800 JavaThread "SyntheticaAnimation 50" daemon [_thread_blocked, id=22620, stack(0x0000003d5d400000,0x0000003d5d900000)]
  0x0000023b6cbd0000 JavaThread "Update Runs Swing Worker" [_thread_blocked, id=5628, stack(0x0000003d5cf00000,0x0000003d5d400000)]
  0x0000023b4079b000 JavaThread "hw_ila_monitor" [_thread_blocked, id=25112, stack(0x0000003d5bb00000,0x0000003d5c000000)]
  0x0000023b40796000 JavaThread "Refresh Filesets Swing Worker" [_thread_blocked, id=21460, stack(0x0000003d5b600000,0x0000003d5bb00000)]
  0x0000023b40799800 JavaThread "SyntheticaAnimation 70" daemon [_thread_blocked, id=23836, stack(0x0000003d58600000,0x0000003d58b00000)]
  0x0000023b40799000 JavaThread "SyntheticaAnimation 25" daemon [_thread_blocked, id=22168, stack(0x0000003d59a00000,0x0000003d59f00000)]
  0x0000023b40797800 JavaThread "SyntheticaAnimation 50" daemon [_thread_blocked, id=14152, stack(0x0000003d5ac00000,0x0000003d5b100000)]
  0x0000023b40796800 JavaThread "Monitor HEventQueue" [_thread_blocked, id=19016, stack(0x0000003d5a700000,0x0000003d5ac00000)]
  0x0000023b40798000 JavaThread "SyntheticaCleanerThread" daemon [_thread_blocked, id=23712, stack(0x0000003d59f00000,0x0000003d5a400000)]
  0x0000023b68ba9000 JavaThread "Batik CleanerThread" daemon [_thread_blocked, id=1212, stack(0x0000003d57700000,0x0000003d57c00000)]
=>0x0000023b6a028000 JavaThread "AWT-EventQueue-1" [_thread_in_native, id=21148, stack(0x0000003d59500000,0x0000003d59a00000)]
  0x0000023b68965000 JavaThread "AWT-Shutdown" [_thread_blocked, id=1988, stack(0x0000003d59000000,0x0000003d59500000)]
  0x0000023b692c2000 JavaThread "Process Messages" [_thread_blocked, id=10108, stack(0x0000003d58b00000,0x0000003d59000000)]
  0x0000023b68e62800 JavaThread "Thread-1" [_thread_in_native, id=20868, stack(0x0000003d51e00000,0x0000003d53200000)]
  0x0000023b47ed8000 JavaThread "TimerQueue" daemon [_thread_blocked, id=23468, stack(0x0000003d58100000,0x0000003d58600000)]
  0x0000023b473cc000 JavaThread "AWT-Windows" daemon [_thread_in_native, id=14548, stack(0x0000003d57c00000,0x0000003d58100000)]
  0x0000023b46c07000 JavaThread "Java2D Disposer" daemon [_thread_blocked, id=7744, stack(0x0000003d57200000,0x0000003d57700000)]
  0x0000023b46f31800 JavaThread "Service Thread" daemon [_thread_blocked, id=24908, stack(0x0000003d56c00000,0x0000003d57100000)]
  0x0000023b407a0000 JavaThread "Common-Cleaner" daemon [_thread_blocked, id=23980, stack(0x0000003d56700000,0x0000003d56c00000)]
  0x0000023b40795000 JavaThread "Sweeper thread" daemon [_thread_blocked, id=10800, stack(0x0000003d56200000,0x0000003d56700000)]
  0x0000023b40792000 JavaThread "C1 CompilerThread3" daemon [_thread_blocked, id=24876, stack(0x0000003d56100000,0x0000003d56200000)]
  0x0000023b3d7cf800 JavaThread "C2 CompilerThread2" daemon [_thread_blocked, id=24324, stack(0x0000003d56000000,0x0000003d56100000)]
  0x0000023b43937800 JavaThread "C2 CompilerThread1" daemon [_thread_blocked, id=9168, stack(0x0000003d55f00000,0x0000003d56000000)]
  0x0000023b451ba800 JavaThread "C2 CompilerThread0" daemon [_thread_blocked, id=22912, stack(0x0000003d55e00000,0x0000003d55f00000)]
  0x0000023b41f65800 JavaThread "Attach Listener" daemon [_thread_blocked, id=25388, stack(0x0000003d55900000,0x0000003d55e00000)]
  0x0000023b4466f800 JavaThread "Signal Dispatcher" daemon [_thread_blocked, id=24868, stack(0x0000003d55400000,0x0000003d55900000)]
  0x0000023b404b5800 JavaThread "Finalizer" daemon [_thread_blocked, id=748, stack(0x0000003d54f00000,0x0000003d55400000)]
  0x0000023b404b4800 JavaThread "Reference Handler" daemon [_thread_blocked, id=23636, stack(0x0000003d54a00000,0x0000003d54f00000)]
  0x0000023b4461d800 JavaThread "main" [_thread_blocked, id=5788, stack(0x0000003d53400000,0x0000003d53500000)]

Other Threads:
  0x0000023b41b46800 VMThread "VM Thread" [stack: 0x0000003d54900000,0x0000003d54a00000] [id=9080]
  0x0000023b46986000 WatcherThread [stack: 0x0000003d57100000,0x0000003d57200000] [id=14976]
  0x0000023b461af800 GCTaskThread "GC Thread#0" [stack: 0x0000003d53500000,0x0000003d53600000] [id=16900]
  0x0000023b461b0800 GCTaskThread "GC Thread#1" [stack: 0x0000003d53600000,0x0000003d53700000] [id=23556]
  0x0000023b42377000 GCTaskThread "GC Thread#2" [stack: 0x0000003d53700000,0x0000003d53800000] [id=12532]
  0x0000023b4531b800 GCTaskThread "GC Thread#3" [stack: 0x0000003d53800000,0x0000003d53900000] [id=13572]
  0x0000023b4531c800 GCTaskThread "GC Thread#4" [stack: 0x0000003d53900000,0x0000003d53a00000] [id=9028]
  0x0000023b4091b000 GCTaskThread "GC Thread#5" [stack: 0x0000003d53a00000,0x0000003d53b00000] [id=24184]
  0x0000023b39d39800 GCTaskThread "GC Thread#6" [stack: 0x0000003d53b00000,0x0000003d53c00000] [id=24856]
  0x0000023b44c5a800 GCTaskThread "GC Thread#7" [stack: 0x0000003d53c00000,0x0000003d53d00000] [id=23212]
  0x0000023b405b3000 ConcurrentGCThread "G1 Main Marker" [stack: 0x0000003d54600000,0x0000003d54700000] [id=19972]
  0x0000023b42014800 ConcurrentGCThread "G1 Marker#0" [stack: 0x0000003d54700000,0x0000003d54800000] [id=18332]
  0x0000023b42015000 ConcurrentGCThread "G1 Marker#1" [stack: 0x0000003d54800000,0x0000003d54900000] [id=16028]
  0x0000023b41dc1800 ConcurrentGCThread "G1 Refine#0" [stack: 0x0000003d54400000,0x0000003d54500000] [id=11544]
  0x0000023b408a4800 ConcurrentGCThread "G1 Refine#1" [stack: 0x0000003d54300000,0x0000003d54400000] [id=3944]
  0x0000023b408a4000 ConcurrentGCThread "G1 Refine#2" [stack: 0x0000003d54200000,0x0000003d54300000] [id=2780]
  0x0000023b423c0800 ConcurrentGCThread "G1 Refine#3" [stack: 0x0000003d54100000,0x0000003d54200000] [id=14432]
  0x0000023b43d69800 ConcurrentGCThread "G1 Refine#4" [stack: 0x0000003d54000000,0x0000003d54100000] [id=21116]
  0x0000023b43d68800 ConcurrentGCThread "G1 Refine#5" [stack: 0x0000003d53f00000,0x0000003d54000000] [id=21008]
  0x0000023b44fda800 ConcurrentGCThread "G1 Refine#6" [stack: 0x0000003d53e00000,0x0000003d53f00000] [id=20924]
  0x0000023b4222b000 ConcurrentGCThread "G1 Refine#7" [stack: 0x0000003d53d00000,0x0000003d53e00000] [id=21524]
  0x0000023b41dc2000 ConcurrentGCThread "G1 Young RemSet Sampling" [stack: 0x0000003d54500000,0x0000003d54600000] [id=17216]

Threads with active compile tasks:

VM state:not at safepoint (normal execution)

VM Mutex/Monitor currently owned by a thread: None

Heap address: 0x0000000700000000, size: 3072 MB, Compressed Oops mode: Zero based, Oop shift amount: 3
Narrow klass base: 0x0000000000000000, Narrow klass shift: 3
Compressed class space size: 1073741824 Address: 0x00000007c0000000

Heap:
 garbage-first heap   total 289792K, used 92047K [0x0000000700000000, 0x00000007001008d8, 0x00000007c0000000)
  region size 1024K, 4 young (4096K), 1 survivors (1024K)
 Metaspace       used 88001K, capacity 90219K, committed 97840K, reserved 1134592K
  class space    used 11500K, capacity 11956K, committed 13616K, reserved 1048576K
Heap Regions: E=young(eden), S=young(survivor), O=old, HS=humongous(starts), HC=humongous(continues), CS=collection set, F=free, A=archive, TS=gc time stamp, AC=allocation context, TAMS=top-at-mark-start (previous, next)
|   0|0x0000000700000000, 0x00000007000fdda0, 0x0000000700100000| 99%| O|  |TS  0|AC  0|TAMS 0x0000000700000000, 0x0000000700000000|
|   1|0x0000000700100000, 0x0000000700200000, 0x0000000700200000|100%|HS|  |TS  0|AC  0|TAMS 0x0000000700100000, 0x0000000700100000|
|   2|0x0000000700200000, 0x0000000700300000, 0x0000000700300000|100%|HC|  |TS  0|AC  0|TAMS 0x0000000700200000, 0x0000000700200000|
|   3|0x0000000700300000, 0x0000000700400000, 0x0000000700400000|100%|HS|  |TS  0|AC  0|TAMS 0x0000000700300000, 0x0000000700300000|
|   4|0x0000000700400000, 0x00000007004eb128, 0x0000000700500000| 91%| O|  |TS  0|AC  0|TAMS 0x0000000700400000, 0x0000000700400000|
|   5|0x0000000700500000, 0x00000007005fae60, 0x0000000700600000| 98%| O|  |TS  0|AC  0|TAMS 0x0000000700500000, 0x0000000700500000|
|   6|0x0000000700600000, 0x00000007006fffd8, 0x0000000700700000| 99%| O|  |TS  0|AC  0|TAMS 0x0000000700600000, 0x0000000700600000|
|   7|0x0000000700700000, 0x00000007007ffff8, 0x0000000700800000| 99%| O|  |TS  0|AC  0|TAMS 0x0000000700700000, 0x0000000700700000|
|   8|0x0000000700800000, 0x00000007008ffff8, 0x0000000700900000| 99%| O|  |TS  0|AC  0|TAMS 0x0000000700800000, 0x0000000700800000|
|   9|0x0000000700900000, 0x0000000700a00000, 0x0000000700a00000|100%| O|  |TS  0|AC  0|TAMS 0x0000000700900000, 0x0000000700900000|
|  10|0x0000000700a00000, 0x0000000700afffe8, 0x0000000700b00000| 99%| O|  |TS  0|AC  0|TAMS 0x0000000700a00000, 0x0000000700a00000|
|  11|0x0000000700b00000, 0x0000000700bfca38, 0x0000000700c00000| 98%| O|  |TS  0|AC  0|TAMS 0x0000000700b00000, 0x0000000700b00000|
|  12|0x0000000700c00000, 0x0000000700cf2d50, 0x0000000700d00000| 94%| O|  |TS  0|AC  0|TAMS 0x0000000700c00000, 0x0000000700c00000|
|  13|0x0000000700d00000, 0x0000000700dff548, 0x0000000700e00000| 99%| O|  |TS  0|AC  0|TAMS 0x0000000700d00000, 0x0000000700d00000|
|  14|0x0000000700e00000, 0x0000000700ef19c0, 0x0000000700f00000| 94%| O|  |TS  0|AC  0|TAMS 0x0000000700e00000, 0x0000000700e00000|
|  15|0x0000000700f00000, 0x0000000700fed6c0, 0x0000000701000000| 92%| O|  |TS  0|AC  0|TAMS 0x0000000700f00000, 0x0000000700f00000|
|  16|0x0000000701000000, 0x00000007010ffff0, 0x0000000701100000| 99%| O|  |TS  0|AC  0|TAMS 0x0000000701000000, 0x0000000701000000|
|  17|0x0000000701100000, 0x00000007011fff98, 0x0000000701200000| 99%| O|  |TS  0|AC  0|TAMS 0x0000000701100000, 0x0000000701100000|
|  18|0x0000000701200000, 0x00000007012fffe0, 0x0000000701300000| 99%| O|  |TS  0|AC  0|TAMS 0x0000000701200000, 0x0000000701200000|
|  19|0x0000000701300000, 0x00000007013e7dd8, 0x0000000701400000| 90%| O|  |TS  0|AC  0|TAMS 0x0000000701300000, 0x0000000701300000|
|  20|0x0000000701400000, 0x00000007014ffff8, 0x0000000701500000| 99%| O|  |TS  0|AC  0|TAMS 0x0000000701400000, 0x0000000701400000|
|  21|0x0000000701500000, 0x0000000701600000, 0x0000000701600000|100%|HS|  |TS  0|AC  0|TAMS 0x0000000701500000, 0x0000000701500000|
|  22|0x0000000701600000, 0x00000007016ffeb8, 0x0000000701700000| 99%| O|  |TS  0|AC  0|TAMS 0x0000000701600000, 0x0000000701600000|
|  23|0x0000000701700000, 0x00000007017ffff8, 0x0000000701800000| 99%| O|  |TS  0|AC  0|TAMS 0x0000000701700000, 0x0000000701700000|
|  24|0x0000000701800000, 0x0000000701900000, 0x0000000701900000|100%| O|  |TS  0|AC  0|TAMS 0x0000000701800000, 0x0000000701800000|
|  25|0x0000000701900000, 0x0000000701a00000, 0x0000000701a00000|100%| O|  |TS  0|AC  0|TAMS 0x0000000701900000, 0x0000000701900000|
|  26|0x0000000701a00000, 0x0000000701afffe0, 0x0000000701b00000| 99%| O|  |TS  0|AC  0|TAMS 0x0000000701a00000, 0x0000000701a00000|
|  27|0x0000000701b00000, 0x0000000701bffff8, 0x0000000701c00000| 99%| O|  |TS  0|AC  0|TAMS 0x0000000701b00000, 0x0000000701b00000|
|  28|0x0000000701c00000, 0x0000000701cffea0, 0x0000000701d00000| 99%| O|  |TS  0|AC  0|TAMS 0x0000000701c00000, 0x0000000701c00000|
|  29|0x0000000701d00000, 0x0000000701dffe18, 0x0000000701e00000| 99%| O|  |TS  0|AC  0|TAMS 0x0000000701d00000, 0x0000000701d00000|
|  30|0x0000000701e00000, 0x0000000701effff0, 0x0000000701f00000| 99%| O|  |TS  0|AC  0|TAMS 0x0000000701e00000, 0x0000000701e00000|
|  31|0x0000000701f00000, 0x0000000701fffff8, 0x0000000702000000| 99%| O|  |TS  0|AC  0|TAMS 0x0000000701f00000, 0x0000000701f00000|
|  32|0x0000000702000000, 0x00000007020ffff0, 0x0000000702100000| 99%| O|  |TS  0|AC  0|TAMS 0x0000000702000000, 0x0000000702000000|
|  33|0x0000000702100000, 0x00000007021ffff0, 0x0000000702200000| 99%| O|  |TS  0|AC  0|TAMS 0x0000000702100000, 0x0000000702100000|
|  34|0x0000000702200000, 0x00000007022ffff0, 0x0000000702300000| 99%| O|  |TS  0|AC  0|TAMS 0x0000000702200000, 0x0000000702200000|
|  35|0x0000000702300000, 0x00000007023ffe30, 0x0000000702400000| 99%| O|  |TS  0|AC  0|TAMS 0x0000000702300000, 0x0000000702300000|
|  36|0x0000000702400000, 0x00000007024fffb8, 0x0000000702500000| 99%| O|  |TS  0|AC  0|TAMS 0x0000000702400000, 0x0000000702400000|
|  37|0x0000000702500000, 0x0000000702600000, 0x0000000702600000|100%| O|  |TS  0|AC  0|TAMS 0x0000000702500000, 0x0000000702500000|
|  38|0x0000000702600000, 0x00000007026ffff8, 0x0000000702700000| 99%| O|  |TS  0|AC  0|TAMS 0x0000000702600000, 0x0000000702600000|
|  39|0x0000000702700000, 0x00000007027ff998, 0x0000000702800000| 99%| O|  |TS  0|AC  0|TAMS 0x0000000702700000, 0x0000000702700000|
|  40|0x0000000702800000, 0x00000007028ffff8, 0x0000000702900000| 99%| O|  |TS  0|AC  0|TAMS 0x0000000702800000, 0x0000000702800000|
|  41|0x0000000702900000, 0x00000007029fffb8, 0x0000000702a00000| 99%| O|  |TS  0|AC  0|TAMS 0x0000000702900000, 0x0000000702900000|
|  42|0x0000000702a00000, 0x0000000702afe878, 0x0000000702b00000| 99%| O|  |TS  0|AC  0|TAMS 0x0000000702a00000, 0x0000000702a00000|
|  43|0x0000000702b00000, 0x0000000702bfffe8, 0x0000000702c00000| 99%| O|  |TS  0|AC  0|TAMS 0x0000000702b00000, 0x0000000702b00000|
|  44|0x0000000702c00000, 0x0000000702cfffe8, 0x0000000702d00000| 99%| O|  |TS  0|AC  0|TAMS 0x0000000702c00000, 0x0000000702c00000|
|  45|0x0000000702d00000, 0x0000000702dfffe8, 0x0000000702e00000| 99%| O|  |TS  0|AC  0|TAMS 0x0000000702d00000, 0x0000000702d00000|
|  46|0x0000000702e00000, 0x0000000702f00000, 0x0000000702f00000|100%| O|  |TS  0|AC  0|TAMS 0x0000000702e00000, 0x0000000702e00000|
|  47|0x0000000702f00000, 0x0000000703000000, 0x0000000703000000|100%| O|  |TS  0|AC  0|TAMS 0x0000000702f00000, 0x0000000702f00000|
|  48|0x0000000703000000, 0x00000007030ffff0, 0x0000000703100000| 99%| O|  |TS  0|AC  0|TAMS 0x0000000703000000, 0x0000000703000000|
|  49|0x0000000703100000, 0x00000007031fffe8, 0x0000000703200000| 99%| O|  |TS  0|AC  0|TAMS 0x0000000703100000, 0x0000000703100000|
|  50|0x0000000703200000, 0x00000007032fffe0, 0x0000000703300000| 99%| O|  |TS  0|AC  0|TAMS 0x0000000703200000, 0x0000000703200000|
|  51|0x0000000703300000, 0x0000000703400000, 0x0000000703400000|100%| O|  |TS  0|AC  0|TAMS 0x0000000703300000, 0x0000000703300000|
|  52|0x0000000703400000, 0x0000000703500000, 0x0000000703500000|100%|HS|  |TS  0|AC  0|TAMS 0x0000000703400000, 0x0000000703400000|
|  53|0x0000000703500000, 0x0000000703600000, 0x0000000703600000|100%|HC|  |TS  0|AC  0|TAMS 0x0000000703500000, 0x0000000703500000|
|  54|0x0000000703600000, 0x0000000703700000, 0x0000000703700000|100%|HC|  |TS  0|AC  0|TAMS 0x0000000703600000, 0x0000000703600000|
|  55|0x0000000703700000, 0x0000000703800000, 0x0000000703800000|100%|HC|  |TS  0|AC  0|TAMS 0x0000000703700000, 0x0000000703700000|
|  56|0x0000000703800000, 0x0000000703900000, 0x0000000703900000|100%|HC|  |TS  0|AC  0|TAMS 0x0000000703800000, 0x0000000703800000|
|  57|0x0000000703900000, 0x0000000703a00000, 0x0000000703a00000|100%|HC|  |TS  0|AC  0|TAMS 0x0000000703900000, 0x0000000703900000|
|  58|0x0000000703a00000, 0x0000000703b00000, 0x0000000703b00000|100%|HC|  |TS  0|AC  0|TAMS 0x0000000703a00000, 0x0000000703a00000|
|  59|0x0000000703b00000, 0x0000000703c00000, 0x0000000703c00000|100%|HC|  |TS  0|AC  0|TAMS 0x0000000703b00000, 0x0000000703b00000|
|  60|0x0000000703c00000, 0x0000000703d00000, 0x0000000703d00000|100%|HC|  |TS  0|AC  0|TAMS 0x0000000703c00000, 0x0000000703c00000|
|  61|0x0000000703d00000, 0x0000000703e00000, 0x0000000703e00000|100%|HC|  |TS  0|AC  0|TAMS 0x0000000703d00000, 0x0000000703d00000|
|  62|0x0000000703e00000, 0x0000000703f00000, 0x0000000703f00000|100%|HC|  |TS  0|AC  0|TAMS 0x0000000703e00000, 0x0000000703e00000|
|  63|0x0000000703f00000, 0x0000000704000000, 0x0000000704000000|100%|HC|  |TS  0|AC  0|TAMS 0x0000000703f00000, 0x0000000703f00000|
|  64|0x0000000704000000, 0x00000007040fffd0, 0x0000000704100000| 99%| O|  |TS  0|AC  0|TAMS 0x0000000704000000, 0x0000000704000000|
|  65|0x0000000704100000, 0x00000007041fffd0, 0x0000000704200000| 99%| O|  |TS  0|AC  0|TAMS 0x0000000704100000, 0x0000000704100000|
|  66|0x0000000704200000, 0x00000007042fff60, 0x0000000704300000| 99%| O|  |TS  0|AC  0|TAMS 0x0000000704200000, 0x0000000704200000|
|  67|0x0000000704300000, 0x00000007043ffff8, 0x0000000704400000| 99%| O|  |TS  0|AC  0|TAMS 0x0000000704300000, 0x0000000704300000|
|  68|0x0000000704400000, 0x00000007044fff70, 0x0000000704500000| 99%| O|  |TS  0|AC  0|TAMS 0x0000000704400000, 0x0000000704400000|
|  69|0x0000000704500000, 0x00000007045fffe8, 0x0000000704600000| 99%| O|  |TS  0|AC  0|TAMS 0x0000000704500000, 0x0000000704500000|
|  70|0x0000000704600000, 0x00000007046fffc0, 0x0000000704700000| 99%| O|  |TS  0|AC  0|TAMS 0x0000000704600000, 0x0000000704600000|
|  71|0x0000000704700000, 0x0000000704800000, 0x0000000704800000|100%| O|  |TS  0|AC  0|TAMS 0x0000000704700000, 0x0000000704700000|
|  72|0x0000000704800000, 0x00000007048fffe8, 0x0000000704900000| 99%| O|  |TS  0|AC  0|TAMS 0x0000000704800000, 0x0000000704800000|
|  73|0x0000000704900000, 0x0000000704a00000, 0x0000000704a00000|100%| O|  |TS  0|AC  0|TAMS 0x0000000704900000, 0x0000000704900000|
|  74|0x0000000704a00000, 0x0000000704b00000, 0x0000000704b00000|100%| O|  |TS  0|AC  0|TAMS 0x0000000704a00000, 0x0000000704a00000|
|  75|0x0000000704b00000, 0x0000000704bef890, 0x0000000704c00000| 93%| O|  |TS  0|AC  0|TAMS 0x0000000704b00000, 0x0000000704b00000|
|  76|0x0000000704c00000, 0x0000000704d00000, 0x0000000704d00000|100%| O|  |TS  0|AC  0|TAMS 0x0000000704c00000, 0x0000000704c00000|
|  77|0x0000000704d00000, 0x0000000704e00000, 0x0000000704e00000|100%|HS|  |TS  0|AC  0|TAMS 0x0000000704d00000, 0x0000000704d00000|
|  78|0x0000000704e00000, 0x0000000704ec8148, 0x0000000704f00000| 78%| O|  |TS  0|AC  0|TAMS 0x0000000704e00000, 0x0000000704e00000|
|  79|0x0000000704f00000, 0x0000000704f00000, 0x0000000705000000|  0%| F|  |TS  0|AC  0|TAMS 0x0000000704f00000, 0x0000000704f00000|
|  80|0x0000000705000000, 0x0000000705000000, 0x0000000705100000|  0%| F|  |TS  0|AC  0|TAMS 0x0000000705000000, 0x0000000705000000|
|  81|0x0000000705100000, 0x0000000705100000, 0x0000000705200000|  0%| F|  |TS  0|AC  0|TAMS 0x0000000705100000, 0x0000000705100000|
|  82|0x0000000705200000, 0x0000000705300000, 0x0000000705300000|100%|HS|  |TS  0|AC  0|TAMS 0x0000000705200000, 0x0000000705200000|
|  83|0x0000000705300000, 0x0000000705400000, 0x0000000705400000|100%|HC|  |TS  0|AC  0|TAMS 0x0000000705300000, 0x0000000705300000|
|  84|0x0000000705400000, 0x0000000705500000, 0x0000000705500000|100%|HC|  |TS  0|AC  0|TAMS 0x0000000705400000, 0x0000000705400000|
|  85|0x0000000705500000, 0x0000000705600000, 0x0000000705600000|100%|HS|  |TS  0|AC  0|TAMS 0x0000000705500000, 0x0000000705500000|
|  86|0x0000000705600000, 0x0000000705700000, 0x0000000705700000|100%|HC|  |TS  0|AC  0|TAMS 0x0000000705600000, 0x0000000705600000|
|  87|0x0000000705700000, 0x0000000705800000, 0x0000000705800000|100%|HC|  |TS  0|AC  0|TAMS 0x0000000705700000, 0x0000000705700000|
|  88|0x0000000705800000, 0x0000000705800000, 0x0000000705900000|  0%| F|  |TS  0|AC  0|TAMS 0x0000000705800000, 0x0000000705800000|
|  89|0x0000000705900000, 0x0000000705900000, 0x0000000705a00000|  0%| F|  |TS  0|AC  0|TAMS 0x0000000705900000, 0x0000000705900000|
|  90|0x0000000705a00000, 0x0000000705a00000, 0x0000000705b00000|  0%| F|  |TS  0|AC  0|TAMS 0x0000000705a00000, 0x0000000705a00000|
|  91|0x0000000705b00000, 0x0000000705b00000, 0x0000000705c00000|  0%| F|  |TS  0|AC  0|TAMS 0x0000000705b00000, 0x0000000705b00000|
|  92|0x0000000705c00000, 0x0000000705c00000, 0x0000000705d00000|  0%| F|  |TS  0|AC  0|TAMS 0x0000000705c00000, 0x0000000705c00000|
|  93|0x0000000705d00000, 0x0000000705d00000, 0x0000000705e00000|  0%| F|  |TS  0|AC  0|TAMS 0x0000000705d00000, 0x0000000705d00000|
|  94|0x0000000705e00000, 0x0000000705e00000, 0x0000000705f00000|  0%| F|  |TS  0|AC  0|TAMS 0x0000000705e00000, 0x0000000705e00000|
|  95|0x0000000705f00000, 0x0000000705f00000, 0x0000000706000000|  0%| F|  |TS  0|AC  0|TAMS 0x0000000705f00000, 0x0000000705f00000|
|  96|0x0000000706000000, 0x0000000706000000, 0x0000000706100000|  0%| F|  |TS  0|AC  0|TAMS 0x0000000706000000, 0x0000000706000000|
|  97|0x0000000706100000, 0x0000000706100000, 0x0000000706200000|  0%| F|  |TS  0|AC  0|TAMS 0x0000000706100000, 0x0000000706100000|
|  98|0x0000000706200000, 0x0000000706300000, 0x0000000706300000|100%|HS|  |TS  0|AC  0|TAMS 0x0000000706200000, 0x0000000706200000|
|  99|0x0000000706300000, 0x0000000706400000, 0x0000000706400000|100%|HC|  |TS  0|AC  0|TAMS 0x0000000706300000, 0x0000000706300000|
| 100|0x0000000706400000, 0x0000000706500000, 0x0000000706500000|100%|HC|  |TS  0|AC  0|TAMS 0x0000000706400000, 0x0000000706400000|
| 101|0x0000000706500000, 0x0000000706500000, 0x0000000706600000|  0%| F|  |TS  0|AC  0|TAMS 0x0000000706500000, 0x0000000706500000|
| 102|0x0000000706600000, 0x0000000706600000, 0x0000000706700000|  0%| F|  |TS  0|AC  0|TAMS 0x0000000706600000, 0x0000000706600000|
| 103|0x0000000706700000, 0x0000000706700000, 0x0000000706800000|  0%| F|  |TS  0|AC  0|TAMS 0x0000000706700000, 0x0000000706700000|
| 104|0x0000000706800000, 0x0000000706800000, 0x0000000706900000|  0%| F|  |TS  0|AC  0|TAMS 0x0000000706800000, 0x0000000706800000|
| 105|0x0000000706900000, 0x0000000706900000, 0x0000000706a00000|  0%| F|  |TS  0|AC  0|TAMS 0x0000000706900000, 0x0000000706900000|
| 106|0x0000000706a00000, 0x0000000706a00000, 0x0000000706b00000|  0%| F|  |TS  0|AC  0|TAMS 0x0000000706a00000, 0x0000000706a00000|
| 107|0x0000000706b00000, 0x0000000706b00000, 0x0000000706c00000|  0%| F|  |TS  0|AC  0|TAMS 0x0000000706b00000, 0x0000000706b00000|
| 108|0x0000000706c00000, 0x0000000706c00000, 0x0000000706d00000|  0%| F|  |TS  0|AC  0|TAMS 0x0000000706c00000, 0x0000000706c00000|
| 109|0x0000000706d00000, 0x0000000706d00000, 0x0000000706e00000|  0%| F|  |TS  0|AC  0|TAMS 0x0000000706d00000, 0x0000000706d00000|
| 110|0x0000000706e00000, 0x0000000706e00000, 0x0000000706f00000|  0%| F|  |TS  0|AC  0|TAMS 0x0000000706e00000, 0x0000000706e00000|
| 111|0x0000000706f00000, 0x0000000706f00000, 0x0000000707000000|  0%| F|  |TS  0|AC  0|TAMS 0x0000000706f00000, 0x0000000706f00000|
| 112|0x0000000707000000, 0x0000000707000000, 0x0000000707100000|  0%| F|  |TS  0|AC  0|TAMS 0x0000000707000000, 0x0000000707000000|
| 113|0x0000000707100000, 0x0000000707100000, 0x0000000707200000|  0%| F|  |TS  0|AC  0|TAMS 0x0000000707100000, 0x0000000707100000|
| 114|0x0000000707200000, 0x0000000707200000, 0x0000000707300000|  0%| F|  |TS  0|AC  0|TAMS 0x0000000707200000, 0x0000000707200000|
| 115|0x0000000707300000, 0x0000000707300000, 0x0000000707400000|  0%| F|  |TS  0|AC  0|TAMS 0x0000000707300000, 0x0000000707300000|
| 116|0x0000000707400000, 0x0000000707400000, 0x0000000707500000|  0%| F|  |TS  0|AC  0|TAMS 0x0000000707400000, 0x0000000707400000|
| 117|0x0000000707500000, 0x0000000707500000, 0x0000000707600000|  0%| F|  |TS  0|AC  0|TAMS 0x0000000707500000, 0x0000000707500000|
| 118|0x0000000707600000, 0x0000000707600000, 0x0000000707700000|  0%| F|  |TS  0|AC  0|TAMS 0x0000000707600000, 0x0000000707600000|
| 119|0x0000000707700000, 0x0000000707700000, 0x0000000707800000|  0%| F|  |TS  0|AC  0|TAMS 0x0000000707700000, 0x0000000707700000|
| 120|0x0000000707800000, 0x0000000707800000, 0x0000000707900000|  0%| F|  |TS  0|AC  0|TAMS 0x0000000707800000, 0x0000000707800000|
| 121|0x0000000707900000, 0x0000000707900000, 0x0000000707a00000|  0%| F|  |TS  0|AC  0|TAMS 0x0000000707900000, 0x0000000707900000|
| 122|0x0000000707a00000, 0x0000000707a00000, 0x0000000707b00000|  0%| F|  |TS  0|AC  0|TAMS 0x0000000707a00000, 0x0000000707a00000|
| 123|0x0000000707b00000, 0x0000000707b00000, 0x0000000707c00000|  0%| F|  |TS  0|AC  0|TAMS 0x0000000707b00000, 0x0000000707b00000|
| 124|0x0000000707c00000, 0x0000000707c00000, 0x0000000707d00000|  0%| F|  |TS  0|AC  0|TAMS 0x0000000707c00000, 0x0000000707c00000|
| 125|0x0000000707d00000, 0x0000000707d00000, 0x0000000707e00000|  0%| F|  |TS  0|AC  0|TAMS 0x0000000707d00000, 0x0000000707d00000|
| 126|0x0000000707e00000, 0x0000000707e00000, 0x0000000707f00000|  0%| F|  |TS  0|AC  0|TAMS 0x0000000707e00000, 0x0000000707e00000|
| 127|0x0000000707f00000, 0x0000000707f00000, 0x0000000708000000|  0%| F|  |TS  0|AC  0|TAMS 0x0000000707f00000, 0x0000000707f00000|
| 128|0x0000000708000000, 0x0000000708000000, 0x0000000708100000|  0%| F|  |TS  0|AC  0|TAMS 0x0000000708000000, 0x0000000708000000|
| 129|0x0000000708100000, 0x0000000708100000, 0x0000000708200000|  0%| F|  |TS  0|AC  0|TAMS 0x0000000708100000, 0x0000000708100000|
| 130|0x0000000708200000, 0x0000000708200000, 0x0000000708300000|  0%| F|  |TS  0|AC  0|TAMS 0x0000000708200000, 0x0000000708200000|
| 131|0x0000000708300000, 0x0000000708300000, 0x0000000708400000|  0%| F|  |TS  0|AC  0|TAMS 0x0000000708300000, 0x0000000708300000|
| 132|0x0000000708400000, 0x0000000708400000, 0x0000000708500000|  0%| F|  |TS  0|AC  0|TAMS 0x0000000708400000, 0x0000000708400000|
| 133|0x0000000708500000, 0x0000000708500000, 0x0000000708600000|  0%| F|  |TS  0|AC  0|TAMS 0x0000000708500000, 0x0000000708500000|
| 134|0x0000000708600000, 0x0000000708600000, 0x0000000708700000|  0%| F|  |TS  0|AC  0|TAMS 0x0000000708600000, 0x0000000708600000|
| 135|0x0000000708700000, 0x0000000708700000, 0x0000000708800000|  0%| F|  |TS  0|AC  0|TAMS 0x0000000708700000, 0x0000000708700000|
| 136|0x0000000708800000, 0x0000000708800000, 0x0000000708900000|  0%| F|  |TS  0|AC  0|TAMS 0x0000000708800000, 0x0000000708800000|
| 137|0x0000000708900000, 0x0000000708900000, 0x0000000708a00000|  0%| F|  |TS  0|AC  0|TAMS 0x0000000708900000, 0x0000000708900000|
| 138|0x0000000708a00000, 0x0000000708a00000, 0x0000000708b00000|  0%| F|  |TS  0|AC  0|TAMS 0x0000000708a00000, 0x0000000708a00000|
| 139|0x0000000708b00000, 0x0000000708b00000, 0x0000000708c00000|  0%| F|  |TS  0|AC  0|TAMS 0x0000000708b00000, 0x0000000708b00000|
| 140|0x0000000708c00000, 0x0000000708c00000, 0x0000000708d00000|  0%| F|  |TS  0|AC  0|TAMS 0x0000000708c00000, 0x0000000708c00000|
| 141|0x0000000708d00000, 0x0000000708d00000, 0x0000000708e00000|  0%| F|  |TS  0|AC  0|TAMS 0x0000000708d00000, 0x0000000708d00000|
| 142|0x0000000708e00000, 0x0000000708e00000, 0x0000000708f00000|  0%| F|  |TS  0|AC  0|TAMS 0x0000000708e00000, 0x0000000708e00000|
| 143|0x0000000708f00000, 0x0000000708f00000, 0x0000000709000000|  0%| F|  |TS  0|AC  0|TAMS 0x0000000708f00000, 0x0000000708f00000|
| 144|0x0000000709000000, 0x0000000709000000, 0x0000000709100000|  0%| F|  |TS  0|AC  0|TAMS 0x0000000709000000, 0x0000000709000000|
| 145|0x0000000709100000, 0x0000000709100000, 0x0000000709200000|  0%| F|  |TS  0|AC  0|TAMS 0x0000000709100000, 0x0000000709100000|
| 146|0x0000000709200000, 0x0000000709200000, 0x0000000709300000|  0%| F|  |TS  0|AC  0|TAMS 0x0000000709200000, 0x0000000709200000|
| 147|0x0000000709300000, 0x0000000709300000, 0x0000000709400000|  0%| F|  |TS  0|AC  0|TAMS 0x0000000709300000, 0x0000000709300000|
| 148|0x0000000709400000, 0x0000000709400000, 0x0000000709500000|  0%| F|  |TS  0|AC  0|TAMS 0x0000000709400000, 0x0000000709400000|
| 149|0x0000000709500000, 0x0000000709500000, 0x0000000709600000|  0%| F|  |TS  0|AC  0|TAMS 0x0000000709500000, 0x0000000709500000|
| 150|0x0000000709600000, 0x0000000709600000, 0x0000000709700000|  0%| F|  |TS  0|AC  0|TAMS 0x0000000709600000, 0x0000000709600000|
| 151|0x0000000709700000, 0x0000000709700000, 0x0000000709800000|  0%| F|  |TS  0|AC  0|TAMS 0x0000000709700000, 0x0000000709700000|
| 152|0x0000000709800000, 0x0000000709800000, 0x0000000709900000|  0%| F|  |TS  0|AC  0|TAMS 0x0000000709800000, 0x0000000709800000|
| 153|0x0000000709900000, 0x0000000709900000, 0x0000000709a00000|  0%| F|  |TS  0|AC  0|TAMS 0x0000000709900000, 0x0000000709900000|
| 154|0x0000000709a00000, 0x0000000709a00000, 0x0000000709b00000|  0%| F|  |TS  0|AC  0|TAMS 0x0000000709a00000, 0x0000000709a00000|
| 155|0x0000000709b00000, 0x0000000709b00000, 0x0000000709c00000|  0%| F|  |TS  0|AC  0|TAMS 0x0000000709b00000, 0x0000000709b00000|
| 156|0x0000000709c00000, 0x0000000709c00000, 0x0000000709d00000|  0%| F|  |TS  0|AC  0|TAMS 0x0000000709c00000, 0x0000000709c00000|
| 157|0x0000000709d00000, 0x0000000709d00000, 0x0000000709e00000|  0%| F|  |TS  0|AC  0|TAMS 0x0000000709d00000, 0x0000000709d00000|
| 158|0x0000000709e00000, 0x0000000709e00000, 0x0000000709f00000|  0%| F|  |TS  0|AC  0|TAMS 0x0000000709e00000, 0x0000000709e00000|
| 159|0x0000000709f00000, 0x0000000709f00000, 0x000000070a000000|  0%| F|  |TS  0|AC  0|TAMS 0x0000000709f00000, 0x0000000709f00000|
| 160|0x000000070a000000, 0x000000070a000000, 0x000000070a100000|  0%| F|  |TS  0|AC  0|TAMS 0x000000070a000000, 0x000000070a000000|
| 161|0x000000070a100000, 0x000000070a100000, 0x000000070a200000|  0%| F|  |TS  0|AC  0|TAMS 0x000000070a100000, 0x000000070a100000|
| 162|0x000000070a200000, 0x000000070a200000, 0x000000070a300000|  0%| F|  |TS  0|AC  0|TAMS 0x000000070a200000, 0x000000070a200000|
| 163|0x000000070a300000, 0x000000070a300000, 0x000000070a400000|  0%| F|  |TS  0|AC  0|TAMS 0x000000070a300000, 0x000000070a300000|
| 164|0x000000070a400000, 0x000000070a400000, 0x000000070a500000|  0%| F|  |TS  0|AC  0|TAMS 0x000000070a400000, 0x000000070a400000|
| 165|0x000000070a500000, 0x000000070a500000, 0x000000070a600000|  0%| F|  |TS  0|AC  0|TAMS 0x000000070a500000, 0x000000070a500000|
| 166|0x000000070a600000, 0x000000070a600000, 0x000000070a700000|  0%| F|  |TS  0|AC  0|TAMS 0x000000070a600000, 0x000000070a600000|
| 167|0x000000070a700000, 0x000000070a700000, 0x000000070a800000|  0%| F|  |TS  0|AC  0|TAMS 0x000000070a700000, 0x000000070a700000|
| 168|0x000000070a800000, 0x000000070a800000, 0x000000070a900000|  0%| F|  |TS  0|AC  0|TAMS 0x000000070a800000, 0x000000070a800000|
| 169|0x000000070a900000, 0x000000070a900000, 0x000000070aa00000|  0%| F|  |TS  0|AC  0|TAMS 0x000000070a900000, 0x000000070a900000|
| 170|0x000000070aa00000, 0x000000070aa00000, 0x000000070ab00000|  0%| F|  |TS  0|AC  0|TAMS 0x000000070aa00000, 0x000000070aa00000|
| 171|0x000000070ab00000, 0x000000070ab00000, 0x000000070ac00000|  0%| F|  |TS  0|AC  0|TAMS 0x000000070ab00000, 0x000000070ab00000|
| 172|0x000000070ac00000, 0x000000070ac00000, 0x000000070ad00000|  0%| F|  |TS  0|AC  0|TAMS 0x000000070ac00000, 0x000000070ac00000|
| 173|0x000000070ad00000, 0x000000070ad00000, 0x000000070ae00000|  0%| F|  |TS  0|AC  0|TAMS 0x000000070ad00000, 0x000000070ad00000|
| 174|0x000000070ae00000, 0x000000070ae00000, 0x000000070af00000|  0%| F|  |TS  0|AC  0|TAMS 0x000000070ae00000, 0x000000070ae00000|
| 175|0x000000070af00000, 0x000000070af00000, 0x000000070b000000|  0%| F|  |TS  0|AC  0|TAMS 0x000000070af00000, 0x000000070af00000|
| 176|0x000000070b000000, 0x000000070b000000, 0x000000070b100000|  0%| F|  |TS  0|AC  0|TAMS 0x000000070b000000, 0x000000070b000000|
| 177|0x000000070b100000, 0x000000070b100000, 0x000000070b200000|  0%| F|  |TS  0|AC  0|TAMS 0x000000070b100000, 0x000000070b100000|
| 178|0x000000070b200000, 0x000000070b200000, 0x000000070b300000|  0%| F|  |TS  0|AC  0|TAMS 0x000000070b200000, 0x000000070b200000|
| 179|0x000000070b300000, 0x000000070b300000, 0x000000070b400000|  0%| F|  |TS  0|AC  0|TAMS 0x000000070b300000, 0x000000070b300000|
| 180|0x000000070b400000, 0x000000070b400000, 0x000000070b500000|  0%| F|  |TS  0|AC  0|TAMS 0x000000070b400000, 0x000000070b400000|
| 181|0x000000070b500000, 0x000000070b500000, 0x000000070b600000|  0%| F|  |TS  0|AC  0|TAMS 0x000000070b500000, 0x000000070b500000|
| 182|0x000000070b600000, 0x000000070b600000, 0x000000070b700000|  0%| F|  |TS  0|AC  0|TAMS 0x000000070b600000, 0x000000070b600000|
| 183|0x000000070b700000, 0x000000070b700000, 0x000000070b800000|  0%| F|  |TS  0|AC  0|TAMS 0x000000070b700000, 0x000000070b700000|
| 184|0x000000070b800000, 0x000000070b800000, 0x000000070b900000|  0%| F|  |TS  0|AC  0|TAMS 0x000000070b800000, 0x000000070b800000|
| 185|0x000000070b900000, 0x000000070b900000, 0x000000070ba00000|  0%| F|  |TS  0|AC  0|TAMS 0x000000070b900000, 0x000000070b900000|
| 186|0x000000070ba00000, 0x000000070ba00000, 0x000000070bb00000|  0%| F|  |TS  0|AC  0|TAMS 0x000000070ba00000, 0x000000070ba00000|
| 187|0x000000070bb00000, 0x000000070bb00000, 0x000000070bc00000|  0%| F|  |TS  0|AC  0|TAMS 0x000000070bb00000, 0x000000070bb00000|
| 188|0x000000070bc00000, 0x000000070bc00000, 0x000000070bd00000|  0%| F|  |TS  0|AC  0|TAMS 0x000000070bc00000, 0x000000070bc00000|
| 189|0x000000070bd00000, 0x000000070bd00000, 0x000000070be00000|  0%| F|  |TS  0|AC  0|TAMS 0x000000070bd00000, 0x000000070bd00000|
| 190|0x000000070be00000, 0x000000070be00000, 0x000000070bf00000|  0%| F|  |TS  0|AC  0|TAMS 0x000000070be00000, 0x000000070be00000|
| 191|0x000000070bf00000, 0x000000070bf00000, 0x000000070c000000|  0%| F|  |TS  0|AC  0|TAMS 0x000000070bf00000, 0x000000070bf00000|
| 192|0x000000070c000000, 0x000000070c000000, 0x000000070c100000|  0%| F|  |TS  0|AC  0|TAMS 0x000000070c000000, 0x000000070c000000|
| 193|0x000000070c100000, 0x000000070c100000, 0x000000070c200000|  0%| F|  |TS  0|AC  0|TAMS 0x000000070c100000, 0x000000070c100000|
| 194|0x000000070c200000, 0x000000070c200000, 0x000000070c300000|  0%| F|  |TS  0|AC  0|TAMS 0x000000070c200000, 0x000000070c200000|
| 195|0x000000070c300000, 0x000000070c300000, 0x000000070c400000|  0%| F|  |TS  0|AC  0|TAMS 0x000000070c300000, 0x000000070c300000|
| 196|0x000000070c400000, 0x000000070c400000, 0x000000070c500000|  0%| F|  |TS  0|AC  0|TAMS 0x000000070c400000, 0x000000070c400000|
| 197|0x000000070c500000, 0x000000070c500000, 0x000000070c600000|  0%| F|  |TS  0|AC  0|TAMS 0x000000070c500000, 0x000000070c500000|
| 198|0x000000070c600000, 0x000000070c600000, 0x000000070c700000|  0%| F|  |TS  0|AC  0|TAMS 0x000000070c600000, 0x000000070c600000|
| 199|0x000000070c700000, 0x000000070c700000, 0x000000070c800000|  0%| F|  |TS  0|AC  0|TAMS 0x000000070c700000, 0x000000070c700000|
| 200|0x000000070c800000, 0x000000070c800000, 0x000000070c900000|  0%| F|  |TS  0|AC  0|TAMS 0x000000070c800000, 0x000000070c800000|
| 201|0x000000070c900000, 0x000000070c900000, 0x000000070ca00000|  0%| F|  |TS  0|AC  0|TAMS 0x000000070c900000, 0x000000070c900000|
| 202|0x000000070ca00000, 0x000000070ca00000, 0x000000070cb00000|  0%| F|  |TS  0|AC  0|TAMS 0x000000070ca00000, 0x000000070ca00000|
| 203|0x000000070cb00000, 0x000000070cb00000, 0x000000070cc00000|  0%| F|  |TS  0|AC  0|TAMS 0x000000070cb00000, 0x000000070cb00000|
| 204|0x000000070cc00000, 0x000000070cc00000, 0x000000070cd00000|  0%| F|  |TS  0|AC  0|TAMS 0x000000070cc00000, 0x000000070cc00000|
| 205|0x000000070cd00000, 0x000000070cd00000, 0x000000070ce00000|  0%| F|  |TS  0|AC  0|TAMS 0x000000070cd00000, 0x000000070cd00000|
| 206|0x000000070ce00000, 0x000000070ce00000, 0x000000070cf00000|  0%| F|  |TS  0|AC  0|TAMS 0x000000070ce00000, 0x000000070ce00000|
| 207|0x000000070cf00000, 0x000000070cf00000, 0x000000070d000000|  0%| F|  |TS  0|AC  0|TAMS 0x000000070cf00000, 0x000000070cf00000|
| 208|0x000000070d000000, 0x000000070d000000, 0x000000070d100000|  0%| F|  |TS  0|AC  0|TAMS 0x000000070d000000, 0x000000070d000000|
| 209|0x000000070d100000, 0x000000070d100000, 0x000000070d200000|  0%| F|  |TS  0|AC  0|TAMS 0x000000070d100000, 0x000000070d100000|
| 210|0x000000070d200000, 0x000000070d200000, 0x000000070d300000|  0%| F|  |TS  0|AC  0|TAMS 0x000000070d200000, 0x000000070d200000|
| 211|0x000000070d300000, 0x000000070d300000, 0x000000070d400000|  0%| F|  |TS  0|AC  0|TAMS 0x000000070d300000, 0x000000070d300000|
| 212|0x000000070d400000, 0x000000070d400000, 0x000000070d500000|  0%| F|  |TS  0|AC  0|TAMS 0x000000070d400000, 0x000000070d400000|
| 213|0x000000070d500000, 0x000000070d500000, 0x000000070d600000|  0%| F|  |TS  0|AC  0|TAMS 0x000000070d500000, 0x000000070d500000|
| 214|0x000000070d600000, 0x000000070d600000, 0x000000070d700000|  0%| F|  |TS  0|AC  0|TAMS 0x000000070d600000, 0x000000070d600000|
| 215|0x000000070d700000, 0x000000070d700000, 0x000000070d800000|  0%| F|  |TS  0|AC  0|TAMS 0x000000070d700000, 0x000000070d700000|
| 216|0x000000070d800000, 0x000000070d800000, 0x000000070d900000|  0%| F|  |TS  0|AC  0|TAMS 0x000000070d800000, 0x000000070d800000|
| 217|0x000000070d900000, 0x000000070d900000, 0x000000070da00000|  0%| F|  |TS  0|AC  0|TAMS 0x000000070d900000, 0x000000070d900000|
| 218|0x000000070da00000, 0x000000070da00000, 0x000000070db00000|  0%| F|  |TS  0|AC  0|TAMS 0x000000070da00000, 0x000000070da00000|
| 219|0x000000070db00000, 0x000000070db00000, 0x000000070dc00000|  0%| F|  |TS  0|AC  0|TAMS 0x000000070db00000, 0x000000070db00000|
| 220|0x000000070dc00000, 0x000000070dc00000, 0x000000070dd00000|  0%| F|  |TS  0|AC  0|TAMS 0x000000070dc00000, 0x000000070dc00000|
| 221|0x000000070dd00000, 0x000000070dd00000, 0x000000070de00000|  0%| F|  |TS  0|AC  0|TAMS 0x000000070dd00000, 0x000000070dd00000|
| 222|0x000000070de00000, 0x000000070de95508, 0x000000070df00000| 58%| S|CS|TS  1|AC  0|TAMS 0x000000070de00000, 0x000000070de00000|
| 223|0x000000070df00000, 0x000000070df00000, 0x000000070e000000|  0%| F|  |TS  1|AC  0|TAMS 0x000000070df00000, 0x000000070df00000|
| 224|0x000000070e000000, 0x000000070e000000, 0x000000070e100000|  0%| F|  |TS  1|AC  0|TAMS 0x000000070e000000, 0x000000070e000000|
| 225|0x000000070e100000, 0x000000070e100000, 0x000000070e200000|  0%| F|  |TS  1|AC  0|TAMS 0x000000070e100000, 0x000000070e100000|
| 226|0x000000070e200000, 0x000000070e200000, 0x000000070e300000|  0%| F|  |TS  1|AC  0|TAMS 0x000000070e200000, 0x000000070e200000|
| 227|0x000000070e300000, 0x000000070e300000, 0x000000070e400000|  0%| F|  |TS  1|AC  0|TAMS 0x000000070e300000, 0x000000070e300000|
| 228|0x000000070e400000, 0x000000070e400000, 0x000000070e500000|  0%| F|  |TS  1|AC  0|TAMS 0x000000070e400000, 0x000000070e400000|
| 229|0x000000070e500000, 0x000000070e500000, 0x000000070e600000|  0%| F|  |TS  1|AC  0|TAMS 0x000000070e500000, 0x000000070e500000|
| 230|0x000000070e600000, 0x000000070e600000, 0x000000070e700000|  0%| F|  |TS  1|AC  0|TAMS 0x000000070e600000, 0x000000070e600000|
| 231|0x000000070e700000, 0x000000070e700000, 0x000000070e800000|  0%| F|  |TS  1|AC  0|TAMS 0x000000070e700000, 0x000000070e700000|
| 232|0x000000070e800000, 0x000000070e800000, 0x000000070e900000|  0%| F|  |TS  1|AC  0|TAMS 0x000000070e800000, 0x000000070e800000|
| 233|0x000000070e900000, 0x000000070e900000, 0x000000070ea00000|  0%| F|  |TS  1|AC  0|TAMS 0x000000070e900000, 0x000000070e900000|
| 234|0x000000070ea00000, 0x000000070ea00000, 0x000000070eb00000|  0%| F|  |TS  1|AC  0|TAMS 0x000000070ea00000, 0x000000070ea00000|
| 235|0x000000070eb00000, 0x000000070eb00000, 0x000000070ec00000|  0%| F|  |TS  1|AC  0|TAMS 0x000000070eb00000, 0x000000070eb00000|
| 236|0x000000070ec00000, 0x000000070ec00000, 0x000000070ed00000|  0%| F|  |TS  1|AC  0|TAMS 0x000000070ec00000, 0x000000070ec00000|
| 237|0x000000070ed00000, 0x000000070ed00000, 0x000000070ee00000|  0%| F|  |TS  1|AC  0|TAMS 0x000000070ed00000, 0x000000070ed00000|
| 238|0x000000070ee00000, 0x000000070ee00000, 0x000000070ef00000|  0%| F|  |TS  1|AC  0|TAMS 0x000000070ee00000, 0x000000070ee00000|
| 239|0x000000070ef00000, 0x000000070ef00000, 0x000000070f000000|  0%| F|  |TS  1|AC  0|TAMS 0x000000070ef00000, 0x000000070ef00000|
| 240|0x000000070f000000, 0x000000070f000000, 0x000000070f100000|  0%| F|  |TS  1|AC  0|TAMS 0x000000070f000000, 0x000000070f000000|
| 241|0x000000070f100000, 0x000000070f100000, 0x000000070f200000|  0%| F|  |TS  1|AC  0|TAMS 0x000000070f100000, 0x000000070f100000|
| 242|0x000000070f200000, 0x000000070f200000, 0x000000070f300000|  0%| F|  |TS  1|AC  0|TAMS 0x000000070f200000, 0x000000070f200000|
| 243|0x000000070f300000, 0x000000070f300000, 0x000000070f400000|  0%| F|  |TS  1|AC  0|TAMS 0x000000070f300000, 0x000000070f300000|
| 244|0x000000070f400000, 0x000000070f400000, 0x000000070f500000|  0%| F|  |TS  1|AC  0|TAMS 0x000000070f400000, 0x000000070f400000|
| 245|0x000000070f500000, 0x000000070f500000, 0x000000070f600000|  0%| F|  |TS  1|AC  0|TAMS 0x000000070f500000, 0x000000070f500000|
| 246|0x000000070f600000, 0x000000070f600000, 0x000000070f700000|  0%| F|  |TS  1|AC  0|TAMS 0x000000070f600000, 0x000000070f600000|
| 247|0x000000070f700000, 0x000000070f700000, 0x000000070f800000|  0%| F|  |TS  1|AC  0|TAMS 0x000000070f700000, 0x000000070f700000|
| 248|0x000000070f800000, 0x000000070f800000, 0x000000070f900000|  0%| F|  |TS  1|AC  0|TAMS 0x000000070f800000, 0x000000070f800000|
| 249|0x000000070f900000, 0x000000070f900000, 0x000000070fa00000|  0%| F|  |TS  1|AC  0|TAMS 0x000000070f900000, 0x000000070f900000|
| 250|0x000000070fa00000, 0x000000070fa00000, 0x000000070fb00000|  0%| F|  |TS  1|AC  0|TAMS 0x000000070fa00000, 0x000000070fa00000|
| 251|0x000000070fb00000, 0x000000070fb00000, 0x000000070fc00000|  0%| F|  |TS  1|AC  0|TAMS 0x000000070fb00000, 0x000000070fb00000|
| 252|0x000000070fc00000, 0x000000070fc00000, 0x000000070fd00000|  0%| F|  |TS  1|AC  0|TAMS 0x000000070fc00000, 0x000000070fc00000|
| 253|0x000000070fd00000, 0x000000070fd00000, 0x000000070fe00000|  0%| F|  |TS  1|AC  0|TAMS 0x000000070fd00000, 0x000000070fd00000|
| 254|0x000000070fe00000, 0x000000070fe00000, 0x000000070ff00000|  0%| F|  |TS  1|AC  0|TAMS 0x000000070fe00000, 0x000000070fe00000|
| 255|0x000000070ff00000, 0x000000070ff00000, 0x0000000710000000|  0%| F|  |TS  1|AC  0|TAMS 0x000000070ff00000, 0x000000070ff00000|
| 256|0x0000000710000000, 0x0000000710000000, 0x0000000710100000|  0%| F|  |TS  1|AC  0|TAMS 0x0000000710000000, 0x0000000710000000|
| 257|0x0000000710100000, 0x0000000710100000, 0x0000000710200000|  0%| F|  |TS  1|AC  0|TAMS 0x0000000710100000, 0x0000000710100000|
| 258|0x0000000710200000, 0x0000000710200000, 0x0000000710300000|  0%| F|  |TS  1|AC  0|TAMS 0x0000000710200000, 0x0000000710200000|
| 259|0x0000000710300000, 0x0000000710300000, 0x0000000710400000|  0%| F|  |TS  1|AC  0|TAMS 0x0000000710300000, 0x0000000710300000|
| 260|0x0000000710400000, 0x0000000710400000, 0x0000000710500000|  0%| F|  |TS  1|AC  0|TAMS 0x0000000710400000, 0x0000000710400000|
| 261|0x0000000710500000, 0x0000000710500000, 0x0000000710600000|  0%| F|  |TS  1|AC  0|TAMS 0x0000000710500000, 0x0000000710500000|
| 262|0x0000000710600000, 0x0000000710600000, 0x0000000710700000|  0%| F|  |TS  1|AC  0|TAMS 0x0000000710600000, 0x0000000710600000|
| 263|0x0000000710700000, 0x0000000710700000, 0x0000000710800000|  0%| F|  |TS  1|AC  0|TAMS 0x0000000710700000, 0x0000000710700000|
| 264|0x0000000710800000, 0x0000000710800000, 0x0000000710900000|  0%| F|  |TS  1|AC  0|TAMS 0x0000000710800000, 0x0000000710800000|
| 265|0x0000000710900000, 0x0000000710900000, 0x0000000710a00000|  0%| F|  |TS  1|AC  0|TAMS 0x0000000710900000, 0x0000000710900000|
| 266|0x0000000710a00000, 0x0000000710a00000, 0x0000000710b00000|  0%| F|  |TS  1|AC  0|TAMS 0x0000000710a00000, 0x0000000710a00000|
| 267|0x0000000710b00000, 0x0000000710b00000, 0x0000000710c00000|  0%| F|  |TS  1|AC  0|TAMS 0x0000000710b00000, 0x0000000710b00000|
| 268|0x0000000710c00000, 0x0000000710c00000, 0x0000000710d00000|  0%| F|  |TS  1|AC  0|TAMS 0x0000000710c00000, 0x0000000710c00000|
| 269|0x0000000710d00000, 0x0000000710d00000, 0x0000000710e00000|  0%| F|  |TS  1|AC  0|TAMS 0x0000000710d00000, 0x0000000710d00000|
| 270|0x0000000710e00000, 0x0000000710e00000, 0x0000000710f00000|  0%| F|  |TS  1|AC  0|TAMS 0x0000000710e00000, 0x0000000710e00000|
| 271|0x0000000710f00000, 0x0000000710f00000, 0x0000000711000000|  0%| F|  |TS  1|AC  0|TAMS 0x0000000710f00000, 0x0000000710f00000|
| 272|0x0000000711000000, 0x0000000711000000, 0x0000000711100000|  0%| F|  |TS  1|AC  0|TAMS 0x0000000711000000, 0x0000000711000000|
| 273|0x0000000711100000, 0x0000000711100000, 0x0000000711200000|  0%| F|  |TS  1|AC  0|TAMS 0x0000000711100000, 0x0000000711100000|
| 274|0x0000000711200000, 0x0000000711200000, 0x0000000711300000|  0%| F|  |TS  1|AC  0|TAMS 0x0000000711200000, 0x0000000711200000|
| 275|0x0000000711300000, 0x0000000711300000, 0x0000000711400000|  0%| F|  |TS  1|AC  0|TAMS 0x0000000711300000, 0x0000000711300000|
| 276|0x0000000711400000, 0x0000000711400000, 0x0000000711500000|  0%| F|  |TS  1|AC  0|TAMS 0x0000000711400000, 0x0000000711400000|
| 277|0x0000000711500000, 0x0000000711500000, 0x0000000711600000|  0%| F|  |TS  1|AC  0|TAMS 0x0000000711500000, 0x0000000711500000|
| 278|0x0000000711600000, 0x0000000711600000, 0x0000000711700000|  0%| F|  |TS  1|AC  0|TAMS 0x0000000711600000, 0x0000000711600000|
| 279|0x0000000711700000, 0x0000000711700000, 0x0000000711800000|  0%| F|  |TS  1|AC  0|TAMS 0x0000000711700000, 0x0000000711700000|
| 280|0x0000000711800000, 0x000000071189b120, 0x0000000711900000| 60%| E|  |TS  1|AC  0|TAMS 0x0000000711800000, 0x0000000711800000|
| 281|0x0000000711900000, 0x0000000711a00000, 0x0000000711a00000|100%| E|CS|TS  1|AC  0|TAMS 0x0000000711900000, 0x0000000711900000|
| 282|0x0000000711a00000, 0x0000000711b00000, 0x0000000711b00000|100%| E|CS|TS  1|AC  0|TAMS 0x0000000711a00000, 0x0000000711a00000|

Card table byte_map: [0x0000023b45350000,0x0000023b45950000] byte_map_base: 0x0000023b41b50000

Marking Bits (Prev, Next): (CMBitMap*) 0x0000023b41dc29e8, (CMBitMap*) 0x0000023b41dc29b0
 Prev Bits: [0x0000023b60a70000, 0x0000023b63a70000)
 Next Bits: [0x0000023b5da70000, 0x0000023b60a70000)

Polling page: 0x0000023b3b640000

CodeHeap 'non-profiled nmethods': size=120000Kb used=27997Kb max_used=27997Kb free=92002Kb
 bounds [0x0000023b56540000, 0x0000023b580a0000, 0x0000023b5da70000]
CodeHeap 'profiled nmethods': size=120000Kb used=46054Kb max_used=52091Kb free=73945Kb
 bounds [0x0000023b4f010000, 0x0000023b52340000, 0x0000023b56540000]
CodeHeap 'non-nmethods': size=5760Kb used=1814Kb max_used=1886Kb free=3945Kb
 bounds [0x0000023b4ea70000, 0x0000023b4ece0000, 0x0000023b4f010000]
 total_blobs=41159 nmethods=20301 adapters=1154
 compilation: enabled

Compilation events (10 events):
Event: 5673.139 Thread 0x0000023b40792000 nmethod 27502 0x0000023b50476e90 code [0x0000023b504770a0, 0x0000023b504779b0]
Event: 5673.139 Thread 0x0000023b40792000 27503       3       ui.views.cS::fhR (103 bytes)
Event: 5673.140 Thread 0x0000023b40792000 nmethod 27503 0x0000023b50632a10 code [0x0000023b50632cc0, 0x0000023b50634000]
Event: 5673.788 Thread 0x0000023b43937800 27504       4       java.lang.invoke.LambdaFormEditor::addArgumentForm (121 bytes)
Event: 5673.789 Thread 0x0000023b40792000 27505       3       sun.util.calendar.Gregorian::getCalendarDate (10 bytes)
Event: 5673.789 Thread 0x0000023b40792000 nmethod 27505 0x0000023b501de710 code [0x0000023b501de8c0, 0x0000023b501deb30]
Event: 5673.789 Thread 0x0000023b40792000 27506       3       sun.util.calendar.AbstractCalendar::getCalendarDate (217 bytes)
Event: 5673.789 Thread 0x0000023b3d7cf800 27507       4       java.lang.Throwable$WrappedPrintWriter::println (9 bytes)
Event: 5673.790 Thread 0x0000023b40792000 nmethod 27506 0x0000023b50523590 code [0x0000023b505237e0, 0x0000023b50524680]
Event: 5673.798 Thread 0x0000023b3d7cf800 nmethod 27507 0x0000023b5809ac10 code [0x0000023b5809ae00, 0x0000023b5809bdc8]

GC Heap History (10 events):
Event: 5663.536 GC heap before
{Heap before GC invocations=923 (full 191):
 garbage-first heap   total 289792K, used 160227K [0x0000000700000000, 0x00000007001008d8, 0x00000007c0000000)
  region size 1024K, 60 young (61440K), 2 survivors (2048K)
 Metaspace       used 87940K, capacity 90115K, committed 97840K, reserved 1134592K
  class space    used 11488K, capacity 11934K, committed 13616K, reserved 1048576K
}
Event: 5663.541 GC heap after
{Heap after GC invocations=924 (full 191):
 garbage-first heap   total 289792K, used 101103K [0x0000000700000000, 0x00000007001008d8, 0x00000007c0000000)
  region size 1024K, 2 young (2048K), 2 survivors (2048K)
 Metaspace       used 87940K, capacity 90115K, committed 97840K, reserved 1134592K
  class space    used 11488K, capacity 11934K, committed 13616K, reserved 1048576K
}
Event: 5663.761 GC heap before
{Heap before GC invocations=924 (full 191):
 garbage-first heap   total 289792K, used 122607K [0x0000000700000000, 0x00000007001008d8, 0x00000007c0000000)
  region size 1024K, 24 young (24576K), 2 survivors (2048K)
 Metaspace       used 87940K, capacity 90115K, committed 97840K, reserved 1134592K
  class space    used 11488K, capacity 11934K, committed 13616K, reserved 1048576K
}
Event: 5663.933 GC heap after
{Heap after GC invocations=925 (full 192):
 garbage-first heap   total 289792K, used 89396K [0x0000000700000000, 0x00000007001008d8, 0x00000007c0000000)
  region size 1024K, 0 young (0K), 0 survivors (0K)
 Metaspace       used 87940K, capacity 90115K, committed 97840K, reserved 1134592K
  class space    used 11488K, capacity 11934K, committed 13616K, reserved 1048576K
}
Event: 5672.787 GC heap before
{Heap before GC invocations=925 (full 192):
 garbage-first heap   total 289792K, used 150836K [0x0000000700000000, 0x00000007001008d8, 0x00000007c0000000)
  region size 1024K, 60 young (61440K), 0 survivors (0K)
 Metaspace       used 87955K, capacity 90115K, committed 97840K, reserved 1134592K
  class space    used 11488K, capacity 11934K, committed 13616K, reserved 1048576K
}
Event: 5672.790 GC heap after
{Heap after GC invocations=926 (full 192):
 garbage-first heap   total 289792K, used 90111K [0x0000000700000000, 0x00000007001008d8, 0x00000007c0000000)
  region size 1024K, 1 young (1024K), 1 survivors (1024K)
 Metaspace       used 87955K, capacity 90115K, committed 97840K, reserved 1134592K
  class space    used 11488K, capacity 11934K, committed 13616K, reserved 1048576K
}
Event: 5672.870 GC heap before
{Heap before GC invocations=926 (full 192):
 garbage-first heap   total 289792K, used 97279K [0x0000000700000000, 0x00000007001008d8, 0x00000007c0000000)
  region size 1024K, 6 young (6144K), 1 survivors (1024K)
 Metaspace       used 87955K, capacity 90115K, committed 97840K, reserved 1134592K
  class space    used 11488K, capacity 11934K, committed 13616K, reserved 1048576K
}
Event: 5673.039 GC heap after
{Heap after GC invocations=927 (full 193):
 garbage-first heap   total 289792K, used 89402K [0x0000000700000000, 0x00000007001008d8, 0x00000007c0000000)
  region size 1024K, 0 young (0K), 0 survivors (0K)
 Metaspace       used 87955K, capacity 90115K, committed 97840K, reserved 1134592K
  class space    used 11488K, capacity 11934K, committed 13616K, reserved 1048576K
}
Event: 5673.738 GC heap before
{Heap before GC invocations=927 (full 193):
 garbage-first heap   total 289792K, used 150842K [0x0000000700000000, 0x00000007001008d8, 0x00000007c0000000)
  region size 1024K, 60 young (61440K), 0 survivors (0K)
 Metaspace       used 87956K, capacity 90115K, committed 97840K, reserved 1134592K
  class space    used 11488K, capacity 11934K, committed 13616K, reserved 1048576K
}
Event: 5673.740 GC heap after
{Heap after GC invocations=928 (full 193):
 garbage-first heap   total 289792K, used 89999K [0x0000000700000000, 0x00000007001008d8, 0x00000007c0000000)
  region size 1024K, 1 young (1024K), 1 survivors (1024K)
 Metaspace       used 87956K, capacity 90115K, committed 97840K, reserved 1134592K
  class space    used 11488K, capacity 11934K, committed 13616K, reserved 1048576K
}

Deoptimization events (10 events):
Event: 5551.130 Thread 0x0000023b6a028000 Uncommon trap: reason=bimorphic_or_optimized_type_check action=maybe_recompile pc=0x0000023b57daa984 method=java.util.TimSort.countRunAndMakeAscending([Ljava/lang/Object;IILjava/util/Comparator;)I @ 68 c2
Event: 5551.579 Thread 0x0000023b6a028000 Uncommon trap: reason=bimorphic_or_optimized_type_check action=maybe_recompile pc=0x0000023b57daac68 method=java.util.TimSort.countRunAndMakeAscending([Ljava/lang/Object;IILjava/util/Comparator;)I @ 68 c2
Event: 5551.579 Thread 0x0000023b6a028000 Uncommon trap: reason=bimorphic_or_optimized_type_check action=maybe_recompile pc=0x0000023b57daac68 method=java.util.TimSort.countRunAndMakeAscending([Ljava/lang/Object;IILjava/util/Comparator;)I @ 68 c2
Event: 5551.579 Thread 0x0000023b6a028000 Uncommon trap: reason=bimorphic_or_optimized_type_check action=maybe_recompile pc=0x0000023b57daac68 method=java.util.TimSort.countRunAndMakeAscending([Ljava/lang/Object;IILjava/util/Comparator;)I @ 68 c2
Event: 5561.793 Thread 0x0000023b6a028000 Uncommon trap: reason=bimorphic_or_optimized_type_check action=maybe_recompile pc=0x0000023b57f91d40 method=java.util.HashMap.removeNode(ILjava/lang/Object;Ljava/lang/Object;ZZ)Ljava/util/HashMap$Node; @ 143 c2
Event: 5572.892 Thread 0x0000023b46c07000 Uncommon trap: reason=class_check action=maybe_recompile pc=0x0000023b57ba6148 method=sun.java2d.Disposer.run()V @ 11 c2
Event: 5578.109 Thread 0x0000023b6a028000 Uncommon trap: reason=unstable_if action=reinterpret pc=0x0000023b57a60b14 method=java.awt.Rectangle.setRect(DDDD)V @ 29 c2
Event: 5578.109 Thread 0x0000023b6a028000 Uncommon trap: reason=unstable_if action=reinterpret pc=0x0000023b56d2cdfc method=javax.swing.plaf.basic.BasicProgressBarUI.getGenericBox(Ljava/awt/Rectangle;)Ljava/awt/Rectangle; @ 48 c2
Event: 5639.707 Thread 0x0000023b47ed8000 Uncommon trap: reason=unstable_if action=reinterpret pc=0x0000023b56a2b720 method=java.util.concurrent.locks.AbstractQueuedSynchronizer.acquireInterruptibly(I)V @ 19 c2
Event: 5673.789 Thread 0x0000023b6a028000 Uncommon trap: reason=unstable_if action=reinterpret pc=0x0000023b56cf7144 method=java.lang.Throwable.getOurStackTrace()[Ljava/lang/StackTraceElement; @ 7 c2

Classes redefined (0 events):
No events

Internal exceptions (10 events):
Event: 3305.952 Thread 0x0000023b6cbd5000 Exception <a 'java/lang/InterruptedException'{0x0000000711c838d0}: sleep interrupted> (0x0000000711c838d0) thrown at [t:/workspace/hotspot/src/share/vm/prims/jvm.cpp, line 2984]
Event: 3309.938 Thread 0x0000023b6cbd5000 Exception <a 'java/lang/InterruptedException'{0x0000000711d80c50}: sleep interrupted> (0x0000000711d80c50) thrown at [t:/workspace/hotspot/src/share/vm/prims/jvm.cpp, line 2984]
Event: 3333.937 Thread 0x0000023b6cbda800 Exception <a 'java/lang/InterruptedException'{0x000000070f2891b0}: sleep interrupted> (0x000000070f2891b0) thrown at [t:/workspace/hotspot/src/share/vm/prims/jvm.cpp, line 2984]
Event: 3344.907 Thread 0x0000023b6a028000 Implicit null exception at 0x0000023b579e0061 to 0x0000023b579e3535
Event: 3412.214 Thread 0x0000023b6cbd3800 Exception <a 'java/lang/InterruptedException'{0x0000000711900040}: sleep interrupted> (0x0000000711900040) thrown at [t:/workspace/hotspot/src/share/vm/prims/jvm.cpp, line 3023]
Event: 3414.126 Thread 0x0000023b6cbd1800 Exception <a 'java/lang/InterruptedException'{0x000000070f581c88}: sleep interrupted> (0x000000070f581c88) thrown at [t:/workspace/hotspot/src/share/vm/prims/jvm.cpp, line 3023]
Event: 3814.741 Thread 0x0000023b6a028000 Implicit null exception at 0x0000023b56b6206f to 0x0000023b56b62349
Event: 4290.952 Thread 0x0000023b6a028000 Implicit null exception at 0x0000023b57f28ab4 to 0x0000023b57f2cfb1
Event: 4571.837 Thread 0x0000023b6a028000 Implicit null exception at 0x0000023b56e7aa4f to 0x0000023b56e82621
Event: 5673.783 Thread 0x0000023b6a028000 Exception <a 'ui/frmwork/CommandFailedException'{0x00000007119a2320}> (0x00000007119a2320) thrown at [t:/workspace/hotspot/src/share/vm/prims/jni.cpp, line 604]

Events (10 events):
Event: 5673.441 Thread 0x0000023b6cbd3000 Thread exited: 0x0000023b6cbd3000
Event: 5673.443 Executing VM operation: BulkRevokeBias
Event: 5673.443 Executing VM operation: BulkRevokeBias done
Event: 5673.738 Executing VM operation: G1IncCollectionPause
Event: 5673.740 Executing VM operation: G1IncCollectionPause done
Event: 5673.783 loading class java/util/NoSuchElementException
Event: 5673.783 loading class java/util/NoSuchElementException done
Event: 5673.789 Thread 0x0000023b6a028000 Uncommon trap: trap_request=0xffffff5d fr.pc=0x0000023b56cf7144 relative=0x0000000000000764
Event: 5673.789 Thread 0x0000023b6a028000 DEOPT PACKING pc=0x0000023b56cf7144 sp=0x0000003d599fae10
Event: 5673.789 Thread 0x0000023b6a028000 DEOPT UNPACKING pc=0x0000023b4eabdf29 sp=0x0000003d599fae00 mode 2


Dynamic libraries:
0x00007ff7bc500000 - 0x00007ff7bc530000 	F:\XILINX\Vivado\2019.1\bin\unwrapped\win64.o\vivado.exe
0x00007ff9e6ab0000 - 0x00007ff9e6cc7000 	C:\WINDOWS\SYSTEM32\ntdll.dll
0x00007ff9e50f0000 - 0x00007ff9e51b4000 	C:\WINDOWS\System32\KERNEL32.DLL
0x00007ff9e3f60000 - 0x00007ff9e4332000 	C:\WINDOWS\System32\KERNELBASE.dll
0x00007ff9e3e10000 - 0x00007ff9e3f21000 	C:\WINDOWS\System32\ucrtbase.dll
0x00007ff9c8650000 - 0x00007ff9c86dd000 	C:\WINDOWS\SYSTEM32\MSVCP140.dll
0x00007ff9bd430000 - 0x00007ff9bd44e000 	C:\WINDOWS\SYSTEM32\VCRUNTIME140.dll
0x00007ff9dec30000 - 0x00007ff9dec3c000 	C:\WINDOWS\SYSTEM32\VCRUNTIME140_1.dll
0x00007ff9dc220000 - 0x00007ff9dc234000 	F:\XILINX\Vivado\2019.1\lib\win64.o\librdi_commonmain.dll
0x00007ff9dc110000 - 0x00007ff9dc124000 	F:\XILINX\Vivado\2019.1\lib\win64.o\libboost_signals.dll
0x00007ff967f70000 - 0x00007ff968e52000 	F:\XILINX\Vivado\2019.1\lib\win64.o\librdi_common.dll
0x00007ff9e4940000 - 0x00007ff9e4af1000 	C:\WINDOWS\System32\USER32.dll
0x00007ff9e4340000 - 0x00007ff9e4366000 	C:\WINDOWS\System32\win32u.dll
0x00007ff9e60f0000 - 0x00007ff9e6119000 	C:\WINDOWS\System32\GDI32.dll
0x00007ff9e3ba0000 - 0x00007ff9e3cc3000 	C:\WINDOWS\System32\gdi32full.dll
0x00007ff9ddfe0000 - 0x00007ff9ddfea000 	F:\XILINX\Vivado\2019.1\lib\win64.o\librdi_commonversion.dll
0x00007ff9e44e0000 - 0x00007ff9e457a000 	C:\WINDOWS\System32\msvcp_win.dll
0x00007ff9d3330000 - 0x00007ff9d3356000 	F:\XILINX\Vivado\2019.1\lib\win64.o\libboost_filesystem.dll
0x00007ff9e4b00000 - 0x00007ff9e4bb1000 	C:\WINDOWS\System32\ADVAPI32.dll
0x00007ff9e5bc0000 - 0x00007ff9e5c67000 	C:\WINDOWS\System32\msvcrt.dll
0x00007ff9c71f0000 - 0x00007ff9c7311000 	F:\XILINX\Vivado\2019.1\lib\win64.o\librdi_commonxillic.dll
0x00007ff9e4f20000 - 0x00007ff9e4fc8000 	C:\WINDOWS\System32\sechost.dll
0x00007ff9e3f30000 - 0x00007ff9e3f58000 	C:\WINDOWS\System32\bcrypt.dll
0x00007ff9e4c80000 - 0x00007ff9e4d94000 	C:\WINDOWS\System32\RPCRT4.dll
0x00007ff9e5270000 - 0x00007ff9e5b12000 	C:\WINDOWS\System32\SHELL32.dll
0x00007ff9e3cd0000 - 0x00007ff9e3e0f000 	C:\WINDOWS\System32\wintypes.dll
0x00007ff9e6420000 - 0x00007ff9e67b3000 	C:\WINDOWS\System32\combase.dll
0x0000000063550000 - 0x000000006367b000 	F:\XILINX\Vivado\2019.1\lib\win64.o\tcl85t.dll
0x00007ff9d3310000 - 0x00007ff9d3324000 	F:\XILINX\Vivado\2019.1\lib\win64.o\libboost_date_time.dll
0x00007ff9e51c0000 - 0x00007ff9e5231000 	C:\WINDOWS\System32\WS2_32.dll
0x00007ff979640000 - 0x00007ff9799ae000 	F:\XILINX\Vivado\2019.1\lib\win64.o\libCOIN-all.dll
0x00007ff9c6d90000 - 0x00007ff9c6ea4000 	F:\XILINX\Vivado\2019.1\lib\win64.o\libboost_regex.dll
0x00007ff9ddfc0000 - 0x00007ff9ddfcb000 	F:\XILINX\Vivado\2019.1\lib\win64.o\libboost_system.dll
0x00007ff9c9210000 - 0x00007ff9c928f000 	F:\XILINX\Vivado\2019.1\lib\win64.o\libboost_program_options.dll
0x00007ff9dc100000 - 0x00007ff9dc10f000 	F:\XILINX\Vivado\2019.1\lib\win64.o\libboost_xilinx.dll
0x00007ff9cf5c0000 - 0x00007ff9cf5e1000 	F:\XILINX\Vivado\2019.1\lib\win64.o\libboost_thread.dll
0x00007ff9c7560000 - 0x00007ff9c75e2000 	F:\XILINX\Vivado\2019.1\lib\win64.o\libhdlpsolve.dll
0x00007ff9c46e0000 - 0x00007ff9c4785000 	F:\XILINX\Vivado\2019.1\lib\win64.o\libhdxml.dll
0x00007ff9cad00000 - 0x00007ff9cad2e000 	F:\XILINX\Vivado\2019.1\lib\win64.o\libisl_sysinfo.dll
0x00007ff9c92d0000 - 0x00007ff9c9335000 	F:\XILINX\Vivado\2019.1\lib\win64.o\liblmx6.0.dll
0x00007ff96ff30000 - 0x00007ff970adf400 	F:\XILINX\Vivado\2019.1\lib\win64.o\libisl_iostreams.dll
0x00007ff9cf5a0000 - 0x00007ff9cf5ba000 	F:\XILINX\Vivado\2019.1\lib\win64.o\pthreadVC2.dll
0x00007ff9caca0000 - 0x00007ff9cacbc000 	F:\XILINX\Vivado\2019.1\lib\win64.o\librdiconfig.dll
0x00007ff9cac50000 - 0x00007ff9cac71000 	F:\XILINX\Vivado\2019.1\lib\win64.o\librdizlib.dll
0x00007ff9c6330000 - 0x00007ff9c6349000 	C:\WINDOWS\SYSTEM32\NETAPI32.dll
0x00007ff9c5bc0000 - 0x00007ff9c60be000 	C:\WINDOWS\SYSTEM32\WININET.dll
0x00007ff9dd270000 - 0x00007ff9dd39c000 	C:\WINDOWS\SYSTEM32\WINHTTP.dll
0x0000000012000000 - 0x0000000012270000 	F:\XILINX\Vivado\2019.1\lib\win64.o\xerces-c_3_1.dll
0x00007ff9cfca0000 - 0x00007ff9cfe95000 	C:\WINDOWS\SYSTEM32\urlmon.dll
0x00007ff9718b0000 - 0x00007ff971b88000 	F:\XILINX\Vivado\2019.1\lib\win64.o\libXil_lmgr11.dll
0x00007ff928000000 - 0x00007ff928009000 	C:\WINDOWS\SYSTEM32\WSOCK32.dll
0x00007ff9e4fd0000 - 0x00007ff9e50d5000 	C:\WINDOWS\System32\COMDLG32.dll
0x00007ff9e6310000 - 0x00007ff9e641c000 	C:\WINDOWS\System32\shcore.dll
0x00007ff9e4e30000 - 0x00007ff9e4e99000 	C:\WINDOWS\System32\SHLWAPI.dll
0x00007ff9e6990000 - 0x00007ff9e6a67000 	C:\WINDOWS\System32\OLEAUT32.dll
0x00007ff9e47a0000 - 0x00007ff9e4940000 	C:\WINDOWS\System32\ole32.dll
0x00007ff9e46c0000 - 0x00007ff9e473c000 	C:\WINDOWS\System32\WINTRUST.dll
0x00007ff9e4370000 - 0x00007ff9e44d7000 	C:\WINDOWS\System32\CRYPT32.dll
0x00007ff9c9e60000 - 0x00007ff9c9e91000 	C:\WINDOWS\SYSTEM32\VCOMP140.DLL
0x00007ff9dbcd0000 - 0x00007ff9dbcdd000 	F:\XILINX\Vivado\2019.1\lib\win64.o\libboost_chrono.dll
0x00007ff9cab50000 - 0x00007ff9cab6b000 	F:\XILINX\Vivado\2019.1\lib\win64.o\libboost_iostreams.dll
0x00007ff9cf9e0000 - 0x00007ff9cfc9f000 	C:\WINDOWS\SYSTEM32\iertutil.dll
0x00007ff9cf9b0000 - 0x00007ff9cf9d8000 	C:\WINDOWS\SYSTEM32\srvcli.dll
0x00007ff961fa0000 - 0x00007ff962e31000 	F:\XILINX\Vivado\2019.1\lib\win64.o\gurobi65.dll
0x00007ff9e2600000 - 0x00007ff9e260c000 	C:\WINDOWS\SYSTEM32\netutils.dll
0x00007ff9ca5b0000 - 0x00007ff9ca5d5000 	F:\XILINX\Vivado\2019.1\lib\win64.o\libisl_iosutils.dll
0x00007ff9e1a90000 - 0x00007ff9e23ad000 	C:\WINDOWS\SYSTEM32\windows.storage.dll
0x00007ff9921e0000 - 0x00007ff992293000 	C:\WINDOWS\WinSxS\amd64_microsoft.windows.common-controls_6595b64144ccf1df_5.82.22621.5413_none_b43a8de9638d9f5d\COMCTL32.dll
0x00007ff9dc960000 - 0x00007ff9dc97f000 	C:\WINDOWS\SYSTEM32\dhcpcsvc.DLL
0x00007ff9e4da0000 - 0x00007ff9e4dd1000 	C:\WINDOWS\System32\IMM32.DLL
0x00007ff9e3330000 - 0x00007ff9e3342000 	C:\WINDOWS\SYSTEM32\MSASN1.dll
0x00007ff9e2b90000 - 0x00007ff9e2ba8000 	C:\WINDOWS\SYSTEM32\kernel.appcore.dll
0x00007ff96d1f0000 - 0x00007ff96d707000 	F:\XILINX\Vivado\2019.1\lib\win64.o\librdi_commontasks.dll
0x00007ff9db1e0000 - 0x00007ff9db1ea000 	C:\WINDOWS\SYSTEM32\VERSION.dll
0x00007ff96cf60000 - 0x00007ff96d1e6000 	F:\XILINX\Vivado\2019.1\lib\win64.o\librdi_sio.dll
0x00007ff9e2610000 - 0x00007ff9e263d000 	C:\WINDOWS\SYSTEM32\IPHLPAPI.DLL
0x0000000062b20000 - 0x0000000063545000 	F:\XILINX\Vivado\2019.1\tps\win64\jre9.0.4\bin\server\jvm.dll
0x00007ff9e5260000 - 0x00007ff9e5268000 	C:\WINDOWS\System32\PSAPI.DLL
0x00007ff9dddb0000 - 0x00007ff9ddde4000 	C:\WINDOWS\SYSTEM32\WINMM.dll
0x00007ff9e3010000 - 0x00007ff9e3079000 	C:\WINDOWS\SYSTEM32\MSWSOCK.DLL
0x00007ff9b7530000 - 0x00007ff9b761f000 	C:\WINDOWS\SYSTEM32\MSVCR120.dll
0x00007ff925540000 - 0x00007ff9279fc000 	F:\XILINX\Vivado\2019.1\lib\win64.o\librdi_tcltasks.dll
0x00007ff9c7960000 - 0x00007ff9c79d8000 	F:\XILINX\Vivado\2019.1\lib\win64.o\librdi_boarddep.dll
0x00007ff9a52d0000 - 0x00007ff9a53bb000 	F:\XILINX\Vivado\2019.1\lib\win64.o\librdi_chipscope.dll
0x00007ff967b60000 - 0x00007ff967f68000 	F:\XILINX\Vivado\2019.1\lib\win64.o\librdi_bitstream.dll
0x00007ff96c410000 - 0x00007ff96c5cd000 	F:\XILINX\Vivado\2019.1\lib\win64.o\librdi_chipscopeimpl.dll
0x00007ff96cb00000 - 0x00007ff96cc91000 	F:\XILINX\Vivado\2019.1\lib\win64.o\librdi_board.dll
0x00007ff9605b0000 - 0x00007ff961f9a000 	F:\XILINX\Vivado\2019.1\lib\win64.o\librdi_constraints.dll
0x00007ff963690000 - 0x00007ff963d6a000 	F:\XILINX\Vivado\2019.1\lib\win64.o\librdi_coregenipxact.dll
0x00007ff981230000 - 0x00007ff981386000 	F:\XILINX\Vivado\2019.1\lib\win64.o\librdi_containers.dll
0x00007ff912da0000 - 0x00007ff914c51000 	F:\XILINX\Vivado\2019.1\lib\win64.o\librdi_coregen.dll
0x00007ff8fefd0000 - 0x00007ff903013000 	F:\XILINX\Vivado\2019.1\lib\win64.o\librdi_designutils.dll
0x00007ff967220000 - 0x00007ff96753e000 	F:\XILINX\Vivado\2019.1\lib\win64.o\librdi_dlyest.dll
0x00007ff960010000 - 0x00007ff9605aa000 	F:\XILINX\Vivado\2019.1\lib\win64.o\librdi_drc.dll
0x00007ff97fbc0000 - 0x00007ff97fc84000 	F:\XILINX\Vivado\2019.1\lib\win64.o\librdi_dsp.dll
0x00007ff95e080000 - 0x00007ff95e6cd000 	F:\XILINX\Vivado\2019.1\lib\win64.o\librdi_filemgmt.dll
0x00007ff8ecba0000 - 0x00007ff8fefcc000 	F:\XILINX\Vivado\2019.1\lib\win64.o\librdi_device.dll
0x00007ff967870000 - 0x00007ff967b53000 	F:\XILINX\Vivado\2019.1\lib\win64.o\librdi_guitools.dll
0x00007ff9c7890000 - 0x00007ff9c78f5000 	F:\XILINX\Vivado\2019.1\lib\win64.o\librdi_hdf.dll
0x00007ff9c7170000 - 0x00007ff9c71e3000 	F:\XILINX\Vivado\2019.1\lib\win64.o\librdi_memoryarray.dll
0x00007ff929be0000 - 0x00007ff92a1f5000 	F:\XILINX\Vivado\2019.1\lib\win64.o\librdi_memdata.dll
0x00007ff9c91a0000 - 0x00007ff9c91eb000 	F:\XILINX\Vivado\2019.1\lib\win64.o\librdi_pfi.dll
0x00007ff904b10000 - 0x00007ff9077f6000 	F:\XILINX\Vivado\2019.1\lib\win64.o\librdi_mig.dll
0x00007ff9117e0000 - 0x00007ff912da0000 	F:\XILINX\Vivado\2019.1\lib\win64.o\librdi_implflow.dll
0x00007ff924e90000 - 0x00007ff925532000 	F:\XILINX\Vivado\2019.1\lib\win64.o\librdi_netlist.dll
0x00007ff966690000 - 0x00007ff96699f000 	F:\XILINX\Vivado\2019.1\lib\win64.o\librdi_platform.dll
0x00007ff8ea520000 - 0x00007ff8ecb96000 	F:\XILINX\Vivado\2019.1\lib\win64.o\librdi_place.dll
0x00007ff9241c0000 - 0x00007ff92473f000 	F:\XILINX\Vivado\2019.1\lib\win64.o\librdi_project.dll
0x00007ff924740000 - 0x00007ff924e8a000 	F:\XILINX\Vivado\2019.1\lib\win64.o\librdi_power.dll
0x00007ff8e9e10000 - 0x00007ff8ea519000 	F:\XILINX\Vivado\2019.1\lib\win64.o\librdi_psta.dll
0x00007ff8e9700000 - 0x00007ff8e9e06000 	F:\XILINX\Vivado\2019.1\lib\win64.o\librdi_rsb.dll
0x00007ff9644a0000 - 0x00007ff964891000 	F:\XILINX\Vivado\2019.1\lib\win64.o\librdi_runs.dll
0x00007ff96d7b0000 - 0x00007ff96d8aa000 	F:\XILINX\Vivado\2019.1\lib\win64.o\librdi_runsbase.dll
0x00007ff966fc0000 - 0x00007ff967216000 	F:\XILINX\Vivado\2019.1\lib\win64.o\librdi_simdata.dll
0x00007ff9691f0000 - 0x00007ff969362000 	F:\XILINX\Vivado\2019.1\lib\win64.o\librdi_advchipscopeimpl.dll
0x00007ff9c8ff0000 - 0x00007ff9c903c000 	F:\XILINX\Vivado\2019.1\lib\win64.o\libboost_serialization.dll
0x00007ff966d20000 - 0x00007ff966ebf000 	F:\XILINX\Vivado\2019.1\lib\win64.o\librdi_hip_devdesign.dll
0x00007ff8e88e0000 - 0x00007ff8e96f1000 	F:\XILINX\Vivado\2019.1\lib\win64.o\librdi_timing.dll
0x00007ff96cdb0000 - 0x00007ff96ce72000 	F:\XILINX\Vivado\2019.1\lib\win64.o\librdi_ipconfig_readwrite.dll
0x00007ff9c7510000 - 0x00007ff9c7553000 	F:\XILINX\Vivado\2019.1\lib\win64.o\librdi_noc_frameworks.dll
0x00007ff9297f0000 - 0x00007ff929bd5000 	F:\XILINX\Vivado\2019.1\lib\win64.o\librdi_hip_config.dll
0x00007ff9045c0000 - 0x00007ff904b0e000 	F:\XILINX\Vivado\2019.1\lib\win64.o\librdi_xdm.dll
0x00007ff8e7d90000 - 0x00007ff8e88d7000 	F:\XILINX\Vivado\2019.1\lib\win64.o\libverific.dll
0x00007ff9c6440000 - 0x00007ff9c64de000 	F:\XILINX\Vivado\2019.1\lib\win64.o\libise.dll
0x00007ff9c6c90000 - 0x00007ff9c6cd0000 	F:\XILINX\Vivado\2019.1\lib\win64.o\librdi_wavedata_SimpleApi.dll
0x00007ff8e7790000 - 0x00007ff8e7d8c000 	F:\XILINX\Vivado\2019.1\lib\win64.o\librdi_wavedata.dll
0x00007ff965710000 - 0x00007ff965969000 	F:\XILINX\Vivado\2019.1\lib\win64.o\librdi_hsm.dll
0x00007ff9c6710000 - 0x00007ff9c674f000 	F:\XILINX\Vivado\2019.1\lib\win64.o\librdi_schedmon.dll

VM Arguments:
jvm_args: -Dsun.java2d.pmoffscreen=false -Dsun.java2d.xrender=false -Dsun.java2d.d3d=false -Dsun.awt.nopixfmt=true -Dsun.java2d.dpiaware=true -Dsun.java2d.uiScale.enabled=false -Xverify:none -Dswing.aatext=true -XX:-UsePerfData -Djdk.map.althashing.threshold=512 -XX:StringTableSize=4072 --add-opens=java.base/java.nio=ALL-UNNAMED --add-opens=java.desktop/sun.swing=ALL-UNNAMED --add-opens=java.desktop/javax.swing=ALL-UNNAMED --add-opens=java.desktop/javax.swing.tree=ALL-UNNAMED --add-opens=java.desktop/javax.swing.plaf.basic=ALL-UNNAMED --add-opens=java.desktop/javax.swing.plaf.synth=ALL-UNNAMED --add-opens=java.desktop/com.sun.awt=ALL-UNNAMED -XX:NewSize=60m -XX:MaxNewSize=60m -Xms128m -Xmx3072m -Xss5m 
java_command: <unknown>
java_class_path (initial): F:/XILINX/Vivado/2019.1\lib\classes\alloy.jar;F:/XILINX/Vivado/2019.1\lib\classes\autopilot.scelaborator.jar;F:/XILINX/Vivado/2019.1\lib\classes\autopilot.sourceprocessor.jar;F:/XILINX/Vivado/2019.1\lib\classes\autopilot.tbprocessor.jar;F:/XILINX/Vivado/2019.1\lib\classes\batik-anim.jar;F:/XILINX/Vivado/2019.1\lib\classes\batik-awt-util.jar;F:/XILINX/Vivado/2019.1\lib\classes\batik-bridge.jar;F:/XILINX/Vivado/2019.1\lib\classes\batik-codec.jar;F:/XILINX/Vivado/2019.1\lib\classes\batik-css.jar;F:/XILINX/Vivado/2019.1\lib\classes\batik-dom.jar;F:/XILINX/Vivado/2019.1\lib\classes\batik-ext.jar;F:/XILINX/Vivado/2019.1\lib\classes\batik-gui-util.jar;F:/XILINX/Vivado/2019.1\lib\classes\batik-gvt.jar;F:/XILINX/Vivado/2019.1\lib\classes\batik-parser.jar;F:/XILINX/Vivado/2019.1\lib\classes\batik-script.jar;F:/XILINX/Vivado/2019.1\lib\classes\batik-svg-dom.jar;F:/XILINX/Vivado/2019.1\lib\classes\batik-swing.jar;F:/XILINX/Vivado/2019.1\lib\classes\batik-transcoder.jar;F:/XILINX/Vivado/2019.1\lib\classes\batik-util.jar;F:/XILINX/Vivado/2019.1\lib\classes\batik-xml.jar;F:/XILINX/Vivado/2019.1\lib\classes\com.google.gson_2.7.0.v20170129-0911.jar;F:/XILINX/Vivado/2019.1\lib\classes\com.google.guava_21.0.0.v20170206-1425.jar;F:/XILINX/Vivado/2019.1\lib\classes\com.google.inject_3.0.0.v201605172100.jar;F:/XILINX/Vivado/2019.1\lib\classes\com.ibm.icu_4.4.2.v20110208.jar;F:/XILINX/Vivado/2019.1\lib\classes\com.sigasi.hdt.annotations.runtime_4.3.0.201903071210.jar;F:/XILINX/Vivado/2019.1\lib\classes\com.sigasi.hdt.blockdiagram.model_4.3.0.201903071210.jar;F:/XILINX/Vivado/2019.1\lib\classes\com.sigasi.hdt.connection_4.3.0.201903071210.jar;F:/XILINX/Vivado/2019.1\lib\classes\com.sigasi.hdt.dependencies.model_4.3.0.201903071210.jar;F:/XILINX/Vivado/2019.1\lib\classes\com.sigasi.hdt.epl_4.3.0.201903071210.jar;F:/XILINX/Vivado/2019.1\lib\classes\com.sigasi.hdt.graphics.model_4.3.0.201903071210.jar;F:/XILINX/Vivado/2019.1\lib\classes\com.sigasi.hdt.project_4.3.0
Launcher Type: generic

Logging:
Log output configuration:
#0: stdout all=warning uptime,level,tags
#1: stderr all=off uptime,level,tags

Environment Variables:
PATH=F:/XILINX/Vivado/2019.1/bin;F:/XILINX/Vivado/2019.1/lib/win64.o;F:/XILINX/Vivado/2019.1/tps/win64/jre9.0.4/bin/server;F:/XILINX/Vivado/2019.1/tps/win64/jre9.0.4/bin;F:/XILINX/SDK/2019.1/bin;F:/XILINX/Vivado/2019.1/ids_lite/ISE/bin/nt64;F:/XILINX/Vivado/2019.1/ids_lite/ISE/lib/nt64;F:\download_app\python\Scripts\;F:\download_app\python\;F:\download_app\VMware\bin\;C:\WINDOWS\system32;C:\WINDOWS;C:\WINDOWS\System32\Wbem;C:\WINDOWS\System32\WindowsPowerShell\v1.0\;C:\WINDOWS\System32\OpenSSH\;E:\MAT\runtime\win64;E:\MAT\bin;%QUARTUS_ROOTDIR%\bin;F:\download_app\git\Git\cmd;C:\Users\lenovo\AppData\Local\Microsoft\WindowsApps;;E:\FPGA\Modelsim_SE_10_5\win64;E:\Microsoft VS Code\bin;F:/XILINX/Vivado/2019.1\tps\mingw\6.2.0\win64.o\nt\bin;F:/XILINX/Vivado/2019.1\tps\mingw\6.2.0\win64.o\nt\libexec\gcc\x86_64-w64-mingw32\6.2.0;F:/XILINX/Vivado/2019.1\tps\win64\python-2.7.5;F:/XILINX/Vivado/2019.1\tps\win64\python-2.7.5\lib;F:/XILINX/Vivado/2019.1\tps\win64\python-2.7.5\Lib\lib-tk;F:/XILINX/Vivado/2019.1\tps\win64\python-2.7.5\lib\site-packages
USERNAME=lenovo
OS=Windows_NT
PROCESSOR_IDENTIFIER=Intel64 Family 6 Model 126 Stepping 5, GenuineIntel



---------------  S Y S T E M  ---------------

OS: Windows 10 , 64 bit Build 22621 (10.0.22621.5415)

CPU:total 8 (initial active 8) (4 cores per cpu, 2 threads per core) family 6 model 126 stepping 5, cmov, cx8, fxsr, mmx, sse, sse2, sse3, ssse3, sse4.1, sse4.2, popcnt, avx, avx2, aes, clmul, erms, 3dnowpref, lzcnt, ht, tsc, tscinvbit, bmi1, bmi2, adx, sha, fma

Memory: 4k page, physical 8084284k(1369960k free), swap 27593468k(4573768k free)

vm_info: Java HotSpot(TM) 64-Bit Server VM (9.0.4+11) for windows-amd64 JRE (9.0.4+11), built on Dec 20 2017 02:18:54 by "mach5one" with MS VC++ 12.0 (VS2013)

END.
