Copyright 1986-2019 Xilinx, Inc. All Rights Reserved.
------------------------------------------------------------------------------------
| Tool Version : Vivado v.2019.1 (win64) Build 2552052 Fri May 24 14:49:42 MDT 2019
| Date         : Thu Apr 30 13:03:29 2026
| Host         : LAPTOP-96OTIR0P running 64-bit major release  (build 9200)
| Command      : upgrade_ip
| Device       : xc7z020iclg484-1L
------------------------------------------------------------------------------------

Upgrade Log for IP 'ntt_axi_accelerator_0'

1. Summary
----------

SUCCESS in the conversion of ntt_axi_accelerator_0 (xilinx.com:user:ntt_axi_accelerator:1.0 (Rev. 2)) to Vivado generation flows.






Copyright 1986-2019 Xilinx, Inc. All Rights Reserved.
------------------------------------------------------------------------------------
| Tool Version : Vivado v.2019.1 (win64) Build 2552052 Fri May 24 14:49:42 MDT 2019
| Date         : Thu Apr 30 13:03:29 2026
| Host         : LAPTOP-96OTIR0P running 64-bit major release  (build 9200)
| Command      : upgrade_ip
| Device       : xc7z020iclg484-1L
------------------------------------------------------------------------------------

Upgrade Log for IP 'design_1_rst_ps7_0_50M_0'

1. Summary
----------

SUCCESS in the conversion of design_1_rst_ps7_0_50M_0 (xilinx.com:ip:proc_sys_reset:5.0 (Rev. 13)) to Vivado generation flows.






Copyright 1986-2019 Xilinx, Inc. All Rights Reserved.
------------------------------------------------------------------------------------
| Tool Version : Vivado v.2019.1 (win64) Build 2552052 Fri May 24 14:49:42 MDT 2019
| Date         : Thu Apr 30 13:03:29 2026
| Host         : LAPTOP-96OTIR0P running 64-bit major release  (build 9200)
| Command      : upgrade_ip
| Device       : xc7z020iclg484-1L
------------------------------------------------------------------------------------

Upgrade Log for IP 'design_1_ps7_0_axi_periph_0'

1. Summary
----------

SUCCESS in the conversion of design_1_ps7_0_axi_periph_0 (xilinx.com:ip:axi_interconnect:2.1 (Rev. 20)) to Vivado generation flows.






Copyright 1986-2019 Xilinx, Inc. All Rights Reserved.
------------------------------------------------------------------------------------
| Tool Version : Vivado v.2019.1 (win64) Build 2552052 Fri May 24 14:49:42 MDT 2019
| Date         : Thu Apr 30 13:03:29 2026
| Host         : LAPTOP-96OTIR0P running 64-bit major release  (build 9200)
| Command      : upgrade_ip
| Device       : xc7z020iclg484-1L
------------------------------------------------------------------------------------

Upgrade Log for IP 'design_1_processing_system7_0_0'

1. Summary
----------

SUCCESS in the conversion of design_1_processing_system7_0_0 (xilinx.com:ip:processing_system7:5.5 (Rev. 6)) to Vivado generation flows.

2. Upgrade messages
-------------------

WARNING: upgrade cannot add parameter PCW_TRACE_INTERNAL_WIDTH with default value 32 : a parameter called PCW_TRACE_INTERNAL_WIDTH already exists in processing_system7_v5_5
WARNING: upgrade cannot add parameter PCW_USE_AXI_NONSECURE with default value 0 : a parameter called PCW_USE_AXI_NONSECURE already exists in processing_system7_v5_5
WARNING: upgrade cannot add parameter PCW_EN_PTP_ENET0 with default value 1 : a parameter called PCW_EN_PTP_ENET0 already exists in processing_system7_v5_5
WARNING: upgrade cannot add parameter PCW_EN_PTP_ENET0 with default value 1 : a parameter called PCW_EN_PTP_ENET0 already exists in processing_system7_v5_5
WARNING: upgrade cannot add parameter PCW_GP0_NUM_WRITE_THREADS with default value 4 : a parameter called PCW_GP0_NUM_WRITE_THREADS already exists in processing_system7_v5_5
WARNING: upgrade cannot add parameter PCW_GP0_NUM_READ_THREADS with default value 4 : a parameter called PCW_GP0_NUM_READ_THREADS already exists in processing_system7_v5_5
WARNING: upgrade cannot add parameter PCW_GP1_NUM_WRITE_THREADS with default value 4 : a parameter called PCW_GP1_NUM_WRITE_THREADS already exists in processing_system7_v5_5
WARNING: upgrade cannot add parameter PCW_GP1_NUM_READ_THREADS with default value 4 : a parameter called PCW_GP1_NUM_READ_THREADS already exists in processing_system7_v5_5
WARNING: upgrade cannot add parameter PCW_GP0_EN_MODIFIABLE_TXN with default value 0 : a parameter called PCW_GP0_EN_MODIFIABLE_TXN already exists in processing_system7_v5_5
WARNING: upgrade cannot add parameter PCW_GP1_EN_MODIFIABLE_TXN with default value 0 : a parameter called PCW_GP1_EN_MODIFIABLE_TXN already exists in processing_system7_v5_5






Copyright 1986-2019 Xilinx, Inc. All Rights Reserved.
------------------------------------------------------------------------------------
| Tool Version : Vivado v.2019.1 (win64) Build 2552052 Fri May 24 14:49:42 MDT 2019
| Date         : Thu Apr 30 13:03:29 2026
| Host         : LAPTOP-96OTIR0P running 64-bit major release  (build 9200)
| Command      : upgrade_ip
| Device       : xc7z020iclg484-1L
------------------------------------------------------------------------------------

Upgrade Log for IP 'design_1_ntt_axi_accelerator_0_0'

1. Summary
----------

SUCCESS in the conversion of design_1_ntt_axi_accelerator_0_0 (xilinx.com:user:ntt_axi_accelerator:1.0 (Rev. 2)) to Vivado generation flows.






Copyright 1986-2019 Xilinx, Inc. All Rights Reserved.
------------------------------------------------------------------------------------
| Tool Version : Vivado v.2019.1 (win64) Build 2552052 Fri May 24 14:49:42 MDT 2019
| Date         : Thu Apr 30 13:03:11 2026
| Host         : LAPTOP-96OTIR0P running 64-bit major release  (build 9200)
| Command      : upgrade_ip
| Device       : xc7z020iclg484-1L
------------------------------------------------------------------------------------

Upgrade Log for IP 'NTT_accelerator_0'

1. Summary
----------

SUCCESS in the conversion of NTT_accelerator_0 (xilinx.com:user:NTT_accelerator:1.0 (Rev. 1)) to Vivado generation flows.






Copyright 1986-2019 Xilinx, Inc. All Rights Reserved.
------------------------------------------------------------------------------------
| Tool Version : Vivado v.2019.1 (win64) Build 2552052 Fri May 24 14:49:42 MDT 2019
| Date         : Mon Apr 20 19:25:47 2026
| Host         : LAPTOP-96OTIR0P running 64-bit major release  (build 9200)
| Command      : upgrade_ip
| Device       : xc7z100ffg900-2
------------------------------------------------------------------------------------

Upgrade Log for IP 'design_1_ntt_axi_accelerator_0_0'

1. Summary
----------

SUCCESS in the conversion of design_1_ntt_axi_accelerator_0_0 (xilinx.com:user:ntt_axi_accelerator:1.0 (Rev. 2)) to Vivado generation flows.






Copyright 1986-2019 Xilinx, Inc. All Rights Reserved.
------------------------------------------------------------------------------------
| Tool Version : Vivado v.2019.1 (win64) Build 2552052 Fri May 24 14:49:42 MDT 2019
| Date         : Mon Apr 20 19:13:23 2026
| Host         : LAPTOP-96OTIR0P running 64-bit major release  (build 9200)
| Command      : upgrade_ip
| Device       : xc7z100ffg900-2
------------------------------------------------------------------------------------

Upgrade Log for IP 'ntt_axi_accelerator_0'

1. Summary
----------

SUCCESS in the conversion of ntt_axi_accelerator_0 (xilinx.com:user:ntt_axi_accelerator:1.0 (Rev. 2)) to Vivado generation flows.






Copyright 1986-2019 Xilinx, Inc. All Rights Reserved.
------------------------------------------------------------------------------------
| Tool Version : Vivado v.2019.1 (win64) Build 2552052 Fri May 24 14:49:42 MDT 2019
| Date         : Mon Apr 20 19:12:15 2026
| Host         : LAPTOP-96OTIR0P running 64-bit major release  (build 9200)
| Command      : upgrade_ip
| Device       : xc7z100ffg900-2
------------------------------------------------------------------------------------

Upgrade Log for IP 'NTT_accelerator_0'

1. Summary
----------

SUCCESS in the conversion of NTT_accelerator_0 (xilinx.com:user:NTT_accelerator:1.0 (Rev. 1)) to Vivado generation flows.

