14:22:00 **** Incremental Build of configuration Debug for project ntt ****
make pre-build main-build 
a9-linaro-pre-build-step
' '
make: Nothing to be done for 'main-build'.
14:22:23 **** Incremental Build of configuration Debug for project ntt ****
make pre-build main-build 
a9-linaro-pre-build-step
' '
make: Nothing to be done for 'main-build'.
14:23:33 **** Incremental Build of configuration Debug for project ntt ****
make pre-build main-build 
a9-linaro-pre-build-step
' '
make: Nothing to be done for 'main-build'.
14:24:26 **** Incremental Build of configuration Debug for project ntt ****
make pre-build main-build 
a9-linaro-pre-build-step
' '
make: Nothing to be done for 'main-build'.
14:28:40 **** Auto Build of configuration Debug for project ntt ****
make pre-build main-build 
a9-linaro-pre-build-step
' '
make: Nothing to be done for 'main-build'.
14:30:56 **** Incremental Build of configuration Debug for project ntt ****
make pre-build main-build 
a9-linaro-pre-build-step
' '
make: Nothing to be done for 'main-build'.
14:31:45 **** Incremental Build of configuration Debug for project ntt ****
make pre-build main-build 
a9-linaro-pre-build-step
' '
make: Nothing to be done for 'main-build'.
14:33:44 **** Incremental Build of configuration Debug for project ntt ****
make pre-build main-build 
a9-linaro-pre-build-step
' '
make: Nothing to be done for 'main-build'.
14:34:42 **** Incremental Build of configuration Debug for project ntt ****
make pre-build main-build 
a9-linaro-pre-build-step
' '
make: Nothing to be done for 'main-build'.
14:36:06 **** Incremental Build of configuration Debug for project ntt ****
make pre-build main-build 
a9-linaro-pre-build-step
' '
make: Nothing to be done for 'main-build'.
14:37:12 **** Incremental Build of configuration Debug for project ntt ****
make pre-build main-build 
a9-linaro-pre-build-step
' '
make: Nothing to be done for 'main-build'.
